Archive member included to satisfy reference by file (symbol)

/usr/lib/gcc/arm-none-eabi/13.2.1/../../../arm-none-eabi/lib/thumb/v8-m.main+fp/softfp/libm.a(libm_a-wf_sqrt.o)
                              CMakeFiles/final_project.dir/home/sreer/pico/pico-sdk/src/rp2_common/pico_float/float_math.c.o (sqrtf)
/usr/lib/gcc/arm-none-eabi/13.2.1/../../../arm-none-eabi/lib/thumb/v8-m.main+fp/softfp/libm.a(libm_a-ef_sqrt.o)
                              /usr/lib/gcc/arm-none-eabi/13.2.1/../../../arm-none-eabi/lib/thumb/v8-m.main+fp/softfp/libm.a(libm_a-wf_sqrt.o) (__ieee754_sqrtf)
/usr/lib/gcc/arm-none-eabi/13.2.1/thumb/v8-m.main+fp/softfp/libgcc.a(_arm_addsubdf3.o)
                              CMakeFiles/final_project.dir/home/sreer/pico/pico-sdk/src/rp2_common/pico_float/float_math.c.o (__aeabi_f2d)
/usr/lib/gcc/arm-none-eabi/13.2.1/thumb/v8-m.main+fp/softfp/libgcc.a(_aeabi_ldivmod.o)
                              CMakeFiles/final_project.dir/home/sreer/pico/pico-sdk/src/common/pico_time/time.c.o (__aeabi_ldivmod)
/usr/lib/gcc/arm-none-eabi/13.2.1/thumb/v8-m.main+fp/softfp/libgcc.a(_aeabi_uldivmod.o)
                              CMakeFiles/final_project.dir/home/sreer/pico/pico-sdk/src/rp2_common/hardware_clocks/clocks.c.o (__aeabi_uldivmod)
/usr/lib/gcc/arm-none-eabi/13.2.1/thumb/v8-m.main+fp/softfp/libgcc.a(_udivmoddi4.o)
                              /usr/lib/gcc/arm-none-eabi/13.2.1/thumb/v8-m.main+fp/softfp/libgcc.a(_aeabi_ldivmod.o) (__udivmoddi4)
/usr/lib/gcc/arm-none-eabi/13.2.1/thumb/v8-m.main+fp/softfp/libgcc.a(_dvmd_tls.o)
                              /usr/lib/gcc/arm-none-eabi/13.2.1/thumb/v8-m.main+fp/softfp/libgcc.a(_aeabi_ldivmod.o) (__aeabi_ldiv0)
/usr/lib/gcc/arm-none-eabi/13.2.1/../../../arm-none-eabi/lib/thumb/v8-m.main+fp/softfp/libg.a(libc_a-memset.o)
                              /usr/lib/gcc/arm-none-eabi/13.2.1/../../../arm-none-eabi/lib/thumb/v8-m.main+fp/softfp/crt0.o (memset)
/usr/lib/gcc/arm-none-eabi/13.2.1/../../../arm-none-eabi/lib/thumb/v8-m.main+fp/softfp/libg.a(libc_a-strncmp.o)
                              CMakeFiles/final_project.dir/home/sreer/pico/pico-sdk/lib/lwip/src/core/def.c.o (strncmp)
/usr/lib/gcc/arm-none-eabi/13.2.1/../../../arm-none-eabi/lib/thumb/v8-m.main+fp/softfp/libg.a(libc_a-memmove.o)
                              CMakeFiles/final_project.dir/home/sreer/pico/pico-sdk/lib/lwip/src/core/def.c.o (memmove)
/usr/lib/gcc/arm-none-eabi/13.2.1/../../../arm-none-eabi/lib/thumb/v8-m.main+fp/softfp/libg.a(libc_a-calloc.o)
                              CMakeFiles/final_project.dir/home/sreer/pico/pico-sdk/src/rp2_common/pico_malloc/malloc.c.o (calloc)
/usr/lib/gcc/arm-none-eabi/13.2.1/../../../arm-none-eabi/lib/thumb/v8-m.main+fp/softfp/libg.a(libc_a-errno.o)
                              /usr/lib/gcc/arm-none-eabi/13.2.1/../../../arm-none-eabi/lib/thumb/v8-m.main+fp/softfp/libm.a(libm_a-wf_sqrt.o) (__errno)
/usr/lib/gcc/arm-none-eabi/13.2.1/../../../arm-none-eabi/lib/thumb/v8-m.main+fp/softfp/libg.a(libc_a-impure.o)
                              /usr/lib/gcc/arm-none-eabi/13.2.1/../../../arm-none-eabi/lib/thumb/v8-m.main+fp/softfp/libg.a(libc_a-calloc.o) (_impure_ptr)
/usr/lib/gcc/arm-none-eabi/13.2.1/../../../arm-none-eabi/lib/thumb/v8-m.main+fp/softfp/libg.a(libc_a-callocr.o)
                              /usr/lib/gcc/arm-none-eabi/13.2.1/../../../arm-none-eabi/lib/thumb/v8-m.main+fp/softfp/libg.a(libc_a-calloc.o) (_calloc_r)
/usr/lib/gcc/arm-none-eabi/13.2.1/../../../arm-none-eabi/lib/thumb/v8-m.main+fp/softfp/libg.a(libc_a-realloc.o)
                              CMakeFiles/final_project.dir/home/sreer/pico/pico-sdk/src/rp2_common/pico_malloc/malloc.c.o (realloc)
/usr/lib/gcc/arm-none-eabi/13.2.1/../../../arm-none-eabi/lib/thumb/v8-m.main+fp/softfp/libg.a(libc_a-mallocr.o)
                              /usr/lib/gcc/arm-none-eabi/13.2.1/../../../arm-none-eabi/lib/thumb/v8-m.main+fp/softfp/libg.a(libc_a-callocr.o) (_malloc_r)
/usr/lib/gcc/arm-none-eabi/13.2.1/../../../arm-none-eabi/lib/thumb/v8-m.main+fp/softfp/libg.a(libc_a-freer.o)
                              /usr/lib/gcc/arm-none-eabi/13.2.1/../../../arm-none-eabi/lib/thumb/v8-m.main+fp/softfp/libg.a(libc_a-mallocr.o) (_free_r)
/usr/lib/gcc/arm-none-eabi/13.2.1/../../../arm-none-eabi/lib/thumb/v8-m.main+fp/softfp/libg.a(libc_a-memcmp.o)
                              CMakeFiles/final_project.dir/home/sreer/pico/pico-sdk/src/rp2_common/pico_atomic/atomic.c.o (memcmp)
/usr/lib/gcc/arm-none-eabi/13.2.1/../../../arm-none-eabi/lib/thumb/v8-m.main+fp/softfp/libg.a(libc_a-atoi.o)
                              CMakeFiles/final_project.dir/home/sreer/pico/pico-sdk/lib/lwip/src/core/netif.c.o (atoi)
/usr/lib/gcc/arm-none-eabi/13.2.1/../../../arm-none-eabi/lib/thumb/v8-m.main+fp/softfp/libg.a(libc_a-strtol.o)
                              /usr/lib/gcc/arm-none-eabi/13.2.1/../../../arm-none-eabi/lib/thumb/v8-m.main+fp/softfp/libg.a(libc_a-atoi.o) (_strtol_r)
[...]
Memory Configuration

Name             Origin             Length             Attributes
FLASH            0x10000000         0x00400000         xr
RAM              0x20000000         0x00080000         xrw
SCRATCH_X        0x20080000         0x00001000         xrw
SCRATCH_Y        0x20081000         0x00001000         xrw
*default*        0x00000000         0xffffffff

Linker script and memory map

LOAD /usr/lib/gcc/arm-none-eabi/13.2.1/thumb/v8-m.main+fp/softfp/crti.o
LOAD /usr/lib/gcc/arm-none-eabi/13.2.1/thumb/v8-m.main+fp/softfp/crtbegin.o
LOAD /usr/lib/gcc/arm-none-eabi/13.2.1/../../../arm-none-eabi/lib/thumb/v8-m.main+fp/softfp/crt0.o

.flash_begin    0x10000000        0x0
                0x10000000                        __flash_binary_start = .

.text           0x10000000     0x985c
                0x10000000                        __logical_binary_start = .
 *(.vectors)
 .vectors       0x10000000      0x124 CMakeFiles/final_project.dir/home/sreer/pico/pico-sdk/src/rp2_common/pico_crt0/crt0.S.o
                0x10000000                __vectors
                0x10000000                __VECTOR_TABLE
                0x10000110                isr_securefault
                0x10000110                isr_irq30
                0x10000110                __unhandled_user_irq
                0x10000110                isr_irq49
                0x10000110                isr_irq13
                0x10000110                isr_irq43
                0x10000110                isr_irq45
                0x10000110                isr_irq27
                0x10000110                isr_irq32
                0x10000110                isr_irq31
                0x10000110                isr_irq5
                0x10000110                isr_irq11
                0x10000110                isr_irq23
                0x10000110                isr_usagefault
                0x10000110                isr_irq48
                0x10000110                isr_irq35
                0x10000110                isr_irq18
                0x10000110                isr_irq50
                0x10000110                isr_irq40
                0x10000110                isr_irq28
                0x10000110                isr_irq19
                0x10000110                isr_irq36
                0x10000110                isr_irq41
                0x10000110                isr_irq0
                0x10000110                isr_irq6
                0x10000110                isr_memmanage
                0x10000110                isr_irq37
                0x10000110                isr_irq42
                0x10000110                isr_irq22
                0x10000110                isr_irq17
                0x10000110                isr_irq38
                0x10000110                isr_irq14
                0x10000110                __vectors_end
                0x10000110                __default_isrs_start
                0x10000110                isr_irq2
                0x10000110                isr_irq10
                0x10000110                isr_irq8
                0x10000110                isr_debugmonitor
                0x10000110                isr_irq24
                0x10000110                isr_irq46
                0x10000110                isr_irq1
                0x10000110                isr_irq47
                0x10000110                isr_irq51
                0x10000110                isr_irq7
                0x10000110                isr_irq21
                0x10000110                isr_irq39
                0x10000110                isr_irq20
                0x10000110                isr_irq15
                0x10000110                isr_irq25
                0x10000110                isr_irq34
                0x10000110                isr_irq4
                0x10000110                isr_busfault
                0x10000110                isr_irq16
                0x10000110                isr_irq44
                0x10000110                isr_irq29
                0x10000110                isr_irq26
                0x10000110                isr_irq33
                0x10000110                isr_irq3
                0x10000110                isr_irq12
                0x10000110                isr_irq9
                0x10000116                unhandled_user_irq_num_in_r0
                0x10000118                isr_invalid
                0x1000011a                isr_nmi
                0x1000011c                isr_hardfault
                0x1000011e                isr_svcall
                0x10000120                isr_pendsv
                0x10000122                isr_systick
                0x10000124                __default_isrs_end
 *(.binary_info_header)
 .binary_info_header
                0x10000124       0x14 CMakeFiles/final_project.dir/home/sreer/pico/pico-sdk/src/rp2_common/pico_crt0/crt0.S.o
                0x10000138                        __binary_info_header_end = .
 *(.embedded_block)
 .embedded_block
                0x10000138       0x14 CMakeFiles/final_project.dir/home/sreer/pico/pico-sdk/src/rp2_common/pico_crt0/crt0.S.o
                0x1000014c                        __embedded_block_end = .
 *(.reset)
 .reset         0x1000014c       0x98 CMakeFiles/final_project.dir/home/sreer/pico/pico-sdk/src/rp2_common/pico_crt0/crt0.S.o
                0x1000014c                _entry_point
 *(.init)
 .init          0x100001e4        0x4 /usr/lib/gcc/arm-none-eabi/13.2.1/thumb/v8-m.main+fp/softfp/crti.o
                0x100001e4                _init
 *libgcc.a:cmse_nonsecure_call.o()
 *(EXCLUDE_FILE(*libm.a: *libc.a:*lib_a-mem*.o *libgcc.a:) .text*)
 .text          0x100001e8       0x8c /usr/lib/gcc/arm-none-eabi/13.2.1/thumb/v8-m.main+fp/softfp/crtbegin.o
 .text.initialize_leds
                0x10000274       0x78 CMakeFiles/final_project.dir/src/main.c.o
                0x10000274                initialize_leds
 .text.startup.main
                0x100002ec       0x68 CMakeFiles/final_project.dir/src/main.c.o
                0x100002ec                main
 .text.gpio_set_function
                0x10000354       0x3c CMakeFiles/final_project.dir/home/sreer/pico/pico-sdk/src/rp2_common/hardware_gpio/gpio.c.o
                0x10000354                gpio_set_function
 .text.gpio_set_pulls
                0x10000390       0x28 CMakeFiles/final_project.dir/home/sreer/pico/pico-sdk/src/rp2_common/hardware_gpio/gpio.c.o
                0x10000390                gpio_set_pulls
 .text.gpio_set_irq_enabled
                0x100003b8       0x50 CMakeFiles/final_project.dir/home/sreer/pico/pico-sdk/src/rp2_common/hardware_gpio/gpio.c.o
                0x100003b8                gpio_set_irq_enabled
 .text.gpio_add_raw_irq_handler_with_order_priority_masked
                0x10000408       0x44 CMakeFiles/final_project.dir/home/sreer/pico/pico-sdk/src/rp2_common/hardware_gpio/gpio.c.o
                0x10000408                gpio_add_raw_irq_handler_with_order_priority_masked
 .text.gpio_remove_raw_irq_handler_masked
                0x1000044c       0x24 CMakeFiles/final_project.dir/home/sreer/pico/pico-sdk/src/rp2_common/hardware_gpio/gpio.c.o
                0x1000044c                gpio_remove_raw_irq_handler_masked
 .text.gpio_init
                0x10000470       0x48 CMakeFiles/final_project.dir/home/sreer/pico/pico-sdk/src/rp2_common/hardware_gpio/gpio.c.o
                0x10000470                gpio_init
 .text.panic    0x100004b8       0x30 CMakeFiles/final_project.dir/home/sreer/pico/pico-sdk/src/rp2_common/pico_platform_panic/panic.c.o
                0x100004b8                panic
 .text.hw_claim_lock
                0x100004e8       0x24 CMakeFiles/final_project.dir/home/sreer/pico/pico-sdk/src/common/hardware_claim/claim.c.o
                0x100004e8                hw_claim_lock
 .text.hw_claim_unlock
                0x1000050c       0x14 CMakeFiles/final_project.dir/home/sreer/pico/pico-sdk/src/common/hardware_claim/claim.c.o
                0x1000050c                hw_claim_unlock
 .text.hw_claim_or_assert
                0x10000520       0x58 CMakeFiles/final_project.dir/home/sreer/pico/pico-sdk/src/common/hardware_claim/claim.c.o
                0x10000520                hw_claim_or_assert
 .text.hw_claim_unused_from_range
                0x10000578       0x9c CMakeFiles/final_project.dir/home/sreer/pico/pico-sdk/src/common/hardware_claim/claim.c.o
                0x10000578                hw_claim_unused_from_range
 .text.hw_claim_clear
                0x10000614       0x50 CMakeFiles/final_project.dir/home/sreer/pico/pico-sdk/src/common/hardware_claim/claim.c.o
                0x10000614                hw_claim_clear
 .text.next_striped_spin_lock_num
                0x10000664       0x18 CMakeFiles/final_project.dir/home/sreer/pico/pico-sdk/src/rp2_common/hardware_sync/sync.c.o
                0x10000664                next_striped_spin_lock_num
 .text.spinlock_set_extexclall
                0x1000067c       0x10 CMakeFiles/final_project.dir/home/sreer/pico/pico-sdk/src/rp2_common/hardware_sync_spin_lock/sync_spin_lock.c.o
 .text.spin_locks_reset
                0x1000068c       0x18 CMakeFiles/final_project.dir/home/sreer/pico/pico-sdk/src/rp2_common/hardware_sync_spin_lock/sync_spin_lock.c.o
                0x1000068c                spin_locks_reset
 .text.runtime_init_per_core_irq_priorities
                0x100006a4       0x40 CMakeFiles/final_project.dir/home/sreer/pico/pico-sdk/src/rp2_common/hardware_irq/irq.c.o
                0x100006a4                runtime_init_per_core_irq_priorities
 .text.irq_set_enabled
                0x100006e4       0x2c CMakeFiles/final_project.dir/home/sreer/pico/pico-sdk/src/rp2_common/hardware_irq/irq.c.o
                0x100006e4                irq_set_enabled
 .text.irq_set_pending
                0x10000710       0x18 CMakeFiles/final_project.dir/home/sreer/pico/pico-sdk/src/rp2_common/hardware_irq/irq.c.o
                0x10000710                irq_set_pending
 .text.irq_set_exclusive_handler
                0x10000728       0x60 CMakeFiles/final_project.dir/home/sreer/pico/pico-sdk/src/rp2_common/hardware_irq/irq.c.o
                0x10000728                irq_set_exclusive_handler
 .text.irq_add_shared_handler
                0x10000788      0x1e8 CMakeFiles/final_project.dir/home/sreer/pico/pico-sdk/src/rp2_common/hardware_irq/irq.c.o
                0x10000788                irq_add_shared_handler
 .text.irq_remove_handler
                0x10000970      0x1fc CMakeFiles/final_project.dir/home/sreer/pico/pico-sdk/src/rp2_common/hardware_irq/irq.c.o
                0x10000970                irq_remove_handler
 .text.irq_set_priority
                0x10000b6c       0x28 CMakeFiles/final_project.dir/home/sreer/pico/pico-sdk/src/rp2_common/hardware_irq/irq.c.o
                0x10000b6c                irq_set_priority
 .text.irq_add_tail_to_free_list
                0x10000b94       0xbc CMakeFiles/final_project.dir/home/sreer/pico/pico-sdk/src/rp2_common/hardware_irq/irq.c.o
                0x10000b94                irq_add_tail_to_free_list
 .text.user_irq_unclaim
                0x10000c50       0x10 CMakeFiles/final_project.dir/home/sreer/pico/pico-sdk/src/rp2_common/hardware_irq/irq.c.o
                0x10000c50                user_irq_unclaim
 .text.user_irq_claim_unused
                0x10000c60       0x28 CMakeFiles/final_project.dir/home/sreer/pico/pico-sdk/src/rp2_common/hardware_irq/irq.c.o
                0x10000c60                user_irq_claim_unused
 .text.sem_init
                0x10000c88       0x20 CMakeFiles/final_project.dir/home/sreer/pico/pico-sdk/src/common/pico_sync/sem.c.o
                0x10000c88                sem_init
 .text.lock_init
                0x10000ca8        0xc CMakeFiles/final_project.dir/home/sreer/pico/pico-sdk/src/common/pico_sync/lock_core.c.o
                0x10000ca8                lock_init
 .text.runtime_init_mutex
                0x10000cb4       0x4c CMakeFiles/final_project.dir/home/sreer/pico/pico-sdk/src/common/pico_sync/mutex.c.o
                0x10000cb4                runtime_init_mutex
 .text.recursive_mutex_init
                0x10000d00       0x1c CMakeFiles/final_project.dir/home/sreer/pico/pico-sdk/src/common/pico_sync/mutex.c.o
                0x10000d00                recursive_mutex_init
 .text.sleep_until_callback
                0x10000d1c       0x3c CMakeFiles/final_project.dir/home/sreer/pico/pico-sdk/src/common/pico_time/time.c.o
 .text.alarm_pool_irq_handler
                0x10000d58      0x2f0 CMakeFiles/final_project.dir/home/sreer/pico/pico-sdk/src/common/pico_time/time.c.o
 .text.runtime_init_default_alarm_pool
                0x10001048      0x100 CMakeFiles/final_project.dir/home/sreer/pico/pico-sdk/src/common/pico_time/time.c.o
                0x10001048                runtime_init_default_alarm_pool
 .text.alarm_pool_get_default
                0x10001148        0x8 CMakeFiles/final_project.dir/home/sreer/pico/pico-sdk/src/common/pico_time/time.c.o
                0x10001148                alarm_pool_get_default
 .text.alarm_pool_add_alarm_at
                0x10001150       0xdc CMakeFiles/final_project.dir/home/sreer/pico/pico-sdk/src/common/pico_time/time.c.o
                0x10001150                alarm_pool_add_alarm_at
 .text.alarm_pool_add_alarm_at_force_in_context
                0x1000122c       0xc8 CMakeFiles/final_project.dir/home/sreer/pico/pico-sdk/src/common/pico_time/time.c.o
                0x1000122c                alarm_pool_add_alarm_at_force_in_context
 .text.alarm_pool_cancel_alarm
                0x100012f4       0x80 CMakeFiles/final_project.dir/home/sreer/pico/pico-sdk/src/common/pico_time/time.c.o
                0x100012f4                alarm_pool_cancel_alarm
 .text.sleep_until
                0x10001374       0xbc CMakeFiles/final_project.dir/home/sreer/pico/pico-sdk/src/common/pico_time/time.c.o
                0x10001374                sleep_until
 .text.sleep_ms
                0x10001430       0x2c CMakeFiles/final_project.dir/home/sreer/pico/pico-sdk/src/common/pico_time/time.c.o
                0x10001430                sleep_ms
 .text.best_effort_wfe_or_timeout
                0x1000145c       0xbc CMakeFiles/final_project.dir/home/sreer/pico/pico-sdk/src/common/pico_time/time.c.o
                0x1000145c                best_effort_wfe_or_timeout
 .text.timer_hardware_alarm_claim
                0x10001518       0x24 CMakeFiles/final_project.dir/home/sreer/pico/pico-sdk/src/rp2_common/hardware_timer/timer.c.o
                0x10001518                timer_hardware_alarm_claim
 .text.timer_time_us_64
                0x1000153c       0x10 CMakeFiles/final_project.dir/home/sreer/pico/pico-sdk/src/rp2_common/hardware_timer/timer.c.o
                0x1000153c                timer_time_us_64
 .text.time_us_64
                0x1000154c       0x14 CMakeFiles/final_project.dir/home/sreer/pico/pico-sdk/src/rp2_common/hardware_timer/timer.c.o
                0x1000154c                time_us_64
 .text.busy_wait_us
                0x10001560       0x64 CMakeFiles/final_project.dir/home/sreer/pico/pico-sdk/src/rp2_common/hardware_timer/timer.c.o
                0x10001560                busy_wait_us
 .text.busy_wait_until
                0x100015c4       0x24 CMakeFiles/final_project.dir/home/sreer/pico/pico-sdk/src/rp2_common/hardware_timer/timer.c.o
                0x100015c4                busy_wait_until
 .text.uart_init
                0x100015e8      0x104 CMakeFiles/final_project.dir/home/sreer/pico/pico-sdk/src/rp2_common/hardware_uart/uart.c.o
                0x100015e8                uart_init
 .text.clock_configure_undivided
                0x100016ec       0xd0 CMakeFiles/final_project.dir/home/sreer/pico/pico-sdk/src/rp2_common/hardware_clocks/clocks.c.o
                0x100016ec                clock_configure_undivided
 .text.clock_get_hz
                0x100017bc        0xc CMakeFiles/final_project.dir/home/sreer/pico/pico-sdk/src/rp2_common/hardware_clocks/clocks.c.o
                0x100017bc                clock_get_hz
 .text.pll_init
                0x100017c8       0x8c CMakeFiles/final_project.dir/home/sreer/pico/pico-sdk/src/rp2_common/hardware_pll/pll.c.o
                0x100017c8                pll_init
 .text.tick_start
                0x10001854       0x18 CMakeFiles/final_project.dir/home/sreer/pico/pico-sdk/src/rp2_common/hardware_ticks/ticks.c.o
                0x10001854                tick_start
 .text.rom_func_lookup
                0x1000186c       0x18 CMakeFiles/final_project.dir/home/sreer/pico/pico-sdk/src/rp2_common/pico_bootrom/bootrom.c.o
                0x1000186c                rom_func_lookup
 .text.rom_get_boot_random
                0x10001884       0x48 CMakeFiles/final_project.dir/home/sreer/pico/pico-sdk/src/rp2_common/pico_bootrom/bootrom.c.o
                0x10001884                rom_get_boot_random
 .text.runtime_init_bootrom_locking_enable
                0x100018cc       0x14 CMakeFiles/final_project.dir/home/sreer/pico/pico-sdk/src/rp2_common/pico_bootrom/bootrom_lock.c.o
                0x100018cc                runtime_init_bootrom_locking_enable
 .text.runtime_init_boot_locks_reset
                0x100018e0       0x1c CMakeFiles/final_project.dir/home/sreer/pico/pico-sdk/src/rp2_common/hardware_boot_lock/boot_lock.c.o
                0x100018e0                runtime_init_boot_locks_reset
 .text.xosc_init
                0x100018fc       0x30 CMakeFiles/final_project.dir/home/sreer/pico/pico-sdk/src/rp2_common/hardware_xosc/xosc.c.o
                0x100018fc                xosc_init
 .text.first_per_core_initializer
                0x1000192c        0x4 CMakeFiles/final_project.dir/home/sreer/pico/pico-sdk/src/rp2_common/pico_runtime/runtime.c.o
 .text.hard_assertion_failure
                0x10001930        0xc CMakeFiles/final_project.dir/home/sreer/pico/pico-sdk/src/rp2_common/pico_runtime/runtime.c.o
                0x10001930                hard_assertion_failure
 .text.runtime_run_initializers
                0x1000193c       0x20 CMakeFiles/final_project.dir/home/sreer/pico/pico-sdk/src/rp2_common/pico_runtime/runtime.c.o
                0x1000193c                runtime_run_initializers
 .text.runtime_init_early_resets
                0x1000195c       0x34 CMakeFiles/final_project.dir/home/sreer/pico/pico-sdk/src/rp2_common/pico_runtime_init/runtime_init.c.o
                0x1000195c                runtime_init_early_resets
 .text.runtime_init_usb_power_down
                0x10001990       0x1c CMakeFiles/final_project.dir/home/sreer/pico/pico-sdk/src/rp2_common/pico_runtime_init/runtime_init.c.o
                0x10001990                runtime_init_usb_power_down
 .text.runtime_init_per_core_enable_coprocessors
                0x100019ac       0x1c CMakeFiles/final_project.dir/home/sreer/pico/pico-sdk/src/rp2_common/pico_runtime_init/runtime_init.c.o
                0x100019ac                runtime_init_per_core_enable_coprocessors
 .text.runtime_init_post_clock_resets
                0x100019c8       0x20 CMakeFiles/final_project.dir/home/sreer/pico/pico-sdk/src/rp2_common/pico_runtime_init/runtime_init.c.o
                0x100019c8                runtime_init_post_clock_resets
 .text.runtime_init_bootrom_reset
                0x100019e8       0x14 CMakeFiles/final_project.dir/home/sreer/pico/pico-sdk/src/rp2_common/pico_runtime_init/runtime_init.c.o
                0x100019e8                runtime_init_bootrom_reset
 .text.runtime_init_per_core_bootrom_reset
                0x100019fc       0x14 CMakeFiles/final_project.dir/home/sreer/pico/pico-sdk/src/rp2_common/pico_runtime_init/runtime_init.c.o
                0x100019fc                runtime_init_per_core_bootrom_reset
 .text.runtime_init_spin_locks_reset
                0x10001a10        0x4 CMakeFiles/final_project.dir/home/sreer/pico/pico-sdk/src/rp2_common/pico_runtime_init/runtime_init.c.o
                0x10001a10                runtime_init_spin_locks_reset
 .text.runtime_init_install_ram_vector_table
                0x10001a14       0x68 CMakeFiles/final_project.dir/home/sreer/pico/pico-sdk/src/rp2_common/pico_runtime_init/runtime_init.c.o
                0x10001a14                runtime_init_install_ram_vector_table
 .text.runtime_init_clocks
                0x10001a7c       0xdc CMakeFiles/final_project.dir/home/sreer/pico/pico-sdk/src/rp2_common/pico_runtime_init/runtime_init_clocks.c.o
                0x10001a7c                runtime_init_clocks
 .text.__rp2350_dcp_engaged_state_save_restore
                0x10001b58       0x3a CMakeFiles/final_project.dir/home/sreer/pico/pico-sdk/src/rp2_common/pico_double/double_aeabi_dcp.S.o
 *fill*         0x10001b92        0x2 
 .text.__wrap___aeabi_dadd
                0x10001b94       0x28 CMakeFiles/final_project.dir/home/sreer/pico/pico-sdk/src/rp2_common/pico_double/double_aeabi_dcp.S.o
                0x10001b9c                __wrap___aeabi_dadd
 .text.__wrap___aeabi_dsub
                0x10001bbc       0x28 CMakeFiles/final_project.dir/home/sreer/pico/pico-sdk/src/rp2_common/pico_double/double_aeabi_dcp.S.o
                0x10001bc4                __wrap___aeabi_dsub
 .text.__wrap___aeabi_dmul
                0x10001be4       0x4c CMakeFiles/final_project.dir/home/sreer/pico/pico-sdk/src/rp2_common/pico_double/double_aeabi_dcp.S.o
                0x10001bec                __wrap___aeabi_dmul
 .text.__wrap___aeabi_ddiv
                0x10001c30       0x9c CMakeFiles/final_project.dir/home/sreer/pico/pico-sdk/src/rp2_common/pico_double/double_aeabi_dcp.S.o
                0x10001c38                __wrap___aeabi_ddiv
 .text.__wrap___aeabi_i2d
                0x10001ccc       0x24 CMakeFiles/final_project.dir/home/sreer/pico/pico-sdk/src/rp2_common/pico_double/double_aeabi_dcp.S.o
                0x10001cd4                __wrap___aeabi_i2d
                0x10001cd4                int2double
 .text.__wrap___aeabi_ui2d
                0x10001cf0       0x24 CMakeFiles/final_project.dir/home/sreer/pico/pico-sdk/src/rp2_common/pico_double/double_aeabi_dcp.S.o
                0x10001cf8                __wrap___aeabi_ui2d
                0x10001cf8                uint2double
 .text.__wrap___aeabi_d2iz
                0x10001d14       0x24 CMakeFiles/final_project.dir/home/sreer/pico/pico-sdk/src/rp2_common/pico_double/double_aeabi_dcp.S.o
                0x10001d1c                __wrap___aeabi_d2iz
                0x10001d1c                double2int_z
 .text.__wrap___aeabi_d2uiz
                0x10001d38       0x24 CMakeFiles/final_project.dir/home/sreer/pico/pico-sdk/src/rp2_common/pico_double/double_aeabi_dcp.S.o
                0x10001d40                double2uint_z
                0x10001d40                double2uint
                0x10001d40                __wrap___aeabi_d2uiz
 .text.__wrap___aeabi_dcmpun
                0x10001d5c       0x24 CMakeFiles/final_project.dir/home/sreer/pico/pico-sdk/src/rp2_common/pico_double/double_aeabi_dcp.S.o
                0x10001d64                __wrap___aeabi_dcmpun
 .text.__wrap___aeabi_dcmplt
                0x10001d80       0x28 CMakeFiles/final_project.dir/home/sreer/pico/pico-sdk/src/rp2_common/pico_double/double_aeabi_dcp.S.o
                0x10001d88                __wrap___aeabi_dcmplt
 .text.__wrap___aeabi_dcmpge
                0x10001da8       0x28 CMakeFiles/final_project.dir/home/sreer/pico/pico-sdk/src/rp2_common/pico_double/double_aeabi_dcp.S.o
                0x10001db0                __wrap___aeabi_dcmpge
 .text.__wrap___aeabi_dcmpgt
                0x10001dd0       0x28 CMakeFiles/final_project.dir/home/sreer/pico/pico-sdk/src/rp2_common/pico_double/double_aeabi_dcp.S.o
                0x10001dd8                __wrap___aeabi_dcmpgt
 .text._out_null
                0x10001df8        0x4 CMakeFiles/final_project.dir/home/sreer/pico/pico-sdk/src/rp2_common/pico_printf/printf.c.o
 .text._out_rev
                0x10001dfc       0x9c CMakeFiles/final_project.dir/home/sreer/pico/pico-sdk/src/rp2_common/pico_printf/printf.c.o
 .text._ntoa_format
                0x10001e98      0x2a4 CMakeFiles/final_project.dir/home/sreer/pico/pico-sdk/src/rp2_common/pico_printf/printf.c.o
 .text._out_char
                0x1000213c        0x8 CMakeFiles/final_project.dir/home/sreer/pico/pico-sdk/src/rp2_common/pico_printf/printf.c.o
 .text._out_fct
                0x10002144        0xc CMakeFiles/final_project.dir/home/sreer/pico/pico-sdk/src/rp2_common/pico_printf/printf.c.o
 .text._etoa    0x10002150      0x460 CMakeFiles/final_project.dir/home/sreer/pico/pico-sdk/src/rp2_common/pico_printf/printf.c.o
 .text._ftoa    0x100025b0      0x3f4 CMakeFiles/final_project.dir/home/sreer/pico/pico-sdk/src/rp2_common/pico_printf/printf.c.o
 .text._vsnprintf
                0x100029a4      0x9e8 CMakeFiles/final_project.dir/home/sreer/pico/pico-sdk/src/rp2_common/pico_printf/printf.c.o
 .text.vfctprintf
                0x1000338c       0x28 CMakeFiles/final_project.dir/home/sreer/pico/pico-sdk/src/rp2_common/pico_printf/printf.c.o
                0x1000338c                vfctprintf
 .text.weak_raw_vprintf
                0x100033b4       0x30 CMakeFiles/final_project.dir/home/sreer/pico/pico-sdk/src/rp2_common/pico_printf/printf.c.o
                0x100033b4                weak_raw_vprintf
 .text._exit    0x100033e4        0x4 CMakeFiles/final_project.dir/home/sreer/pico/pico-sdk/src/rp2_common/pico_clib_interface/newlib_interface.c.o
                0x100033e4                _exit
 .text.exit     0x100033e8        0x8 CMakeFiles/final_project.dir/home/sreer/pico/pico-sdk/src/rp2_common/pico_clib_interface/newlib_interface.c.o
                0x100033e8                exit
 .text.runtime_init
                0x100033f0       0x24 CMakeFiles/final_project.dir/home/sreer/pico/pico-sdk/src/rp2_common/pico_clib_interface/newlib_interface.c.o
                0x100033f0                runtime_init
 .text.stdio_out_chars_no_crlf
                0x10003414        0x8 CMakeFiles/final_project.dir/home/sreer/pico/pico-sdk/src/rp2_common/pico_stdio/stdio.c.o
 .text.stdio_out_chars_crlf
                0x1000341c       0xac CMakeFiles/final_project.dir/home/sreer/pico/pico-sdk/src/rp2_common/pico_stdio/stdio.c.o
 .text.stdio_buffered_printer
                0x100034c8       0x60 CMakeFiles/final_project.dir/home/sreer/pico/pico-sdk/src/rp2_common/pico_stdio/stdio.c.o
 .text.stdio_put_string
                0x10003528       0xf0 CMakeFiles/final_project.dir/home/sreer/pico/pico-sdk/src/rp2_common/pico_stdio/stdio.c.o
                0x10003528                stdio_put_string
 .text.stdio_set_driver_enabled
                0x10003618       0x30 CMakeFiles/final_project.dir/home/sreer/pico/pico-sdk/src/rp2_common/pico_stdio/stdio.c.o
                0x10003618                stdio_set_driver_enabled
 .text.stdio_init_all
                0x10003648        0xc CMakeFiles/final_project.dir/home/sreer/pico/pico-sdk/src/rp2_common/pico_stdio/stdio.c.o
                0x10003648                stdio_init_all
 .text.__wrap_putchar
                0x10003654       0x84 CMakeFiles/final_project.dir/home/sreer/pico/pico-sdk/src/rp2_common/pico_stdio/stdio.c.o
                0x10003654                stdio_putchar
                0x10003654                __wrap_putchar
 .text.__wrap_puts
                0x100036d8       0x3c CMakeFiles/final_project.dir/home/sreer/pico/pico-sdk/src/rp2_common/pico_stdio/stdio.c.o
                0x100036d8                __wrap_puts
                0x100036d8                stdio_puts
 .text.__wrap_vprintf
                0x10003714       0xc8 CMakeFiles/final_project.dir/home/sreer/pico/pico-sdk/src/rp2_common/pico_stdio/stdio.c.o
                0x10003714                __wrap_vprintf
                0x10003714                stdio_vprintf
 .text.__wrap_printf
                0x100037dc       0x1c CMakeFiles/final_project.dir/home/sreer/pico/pico-sdk/src/rp2_common/pico_stdio/stdio.c.o
                0x100037dc                stdio_printf
                0x100037dc                __wrap_printf
 .text.stdio_uart_out_chars
                0x100037f8       0x50 CMakeFiles/final_project.dir/home/sreer/pico/pico-sdk/src/rp2_common/pico_stdio_uart/stdio_uart.c.o
 .text.stdio_uart_in_chars
                0x10003848       0x94 CMakeFiles/final_project.dir/home/sreer/pico/pico-sdk/src/rp2_common/pico_stdio_uart/stdio_uart.c.o
                0x10003848                stdio_uart_in_chars
 .text.on_uart_rx
                0x100038dc       0x24 CMakeFiles/final_project.dir/home/sreer/pico/pico-sdk/src/rp2_common/pico_stdio_uart/stdio_uart.c.o
 .text.stdio_uart_out_flush
                0x10003900       0x10 CMakeFiles/final_project.dir/home/sreer/pico/pico-sdk/src/rp2_common/pico_stdio_uart/stdio_uart.c.o
 .text.stdio_uart_set_chars_available_callback
                0x10003910       0x88 CMakeFiles/final_project.dir/home/sreer/pico/pico-sdk/src/rp2_common/pico_stdio_uart/stdio_uart.c.o
 .text.stdio_uart_init
                0x10003998       0x54 CMakeFiles/final_project.dir/home/sreer/pico/pico-sdk/src/rp2_common/pico_stdio_uart/stdio_uart.c.o
                0x10003998                stdio_uart_init
 .text.dma_channel_unclaim
                0x100039ec        0xc CMakeFiles/final_project.dir/home/sreer/pico/pico-sdk/src/rp2_common/hardware_dma/dma.c.o
                0x100039ec                dma_channel_unclaim
 .text.dma_channel_cleanup
                0x100039f8       0x50 CMakeFiles/final_project.dir/home/sreer/pico/pico-sdk/src/rp2_common/hardware_dma/dma.c.o
                0x100039f8                dma_channel_cleanup
 .text.lwip_timeout_reached
                0x10003a48        0x4 CMakeFiles/final_project.dir/home/sreer/pico/pico-sdk/src/rp2_common/pico_lwip/lwip_nosys.c.o
 .text.update_next_timeout
                0x10003a4c       0x5c CMakeFiles/final_project.dir/home/sreer/pico/pico-sdk/src/rp2_common/pico_lwip/lwip_nosys.c.o
 .text.lwip_nosys_init
                0x10003aa8       0x30 CMakeFiles/final_project.dir/home/sreer/pico/pico-sdk/src/rp2_common/pico_lwip/lwip_nosys.c.o
                0x10003aa8                lwip_nosys_init
 .text.lwip_nosys_deinit
                0x10003ad8       0x24 CMakeFiles/final_project.dir/home/sreer/pico/pico-sdk/src/rp2_common/pico_lwip/lwip_nosys.c.o
                0x10003ad8                lwip_nosys_deinit
 .text.sys_arch_protect
                0x10003afc        0x4 CMakeFiles/final_project.dir/home/sreer/pico/pico-sdk/src/rp2_common/pico_lwip/lwip_nosys.c.o
                0x10003afc                sys_arch_protect
 .text.sys_arch_unprotect
                0x10003b00        0x4 CMakeFiles/final_project.dir/home/sreer/pico/pico-sdk/src/rp2_common/pico_lwip/lwip_nosys.c.o
                0x10003b00                sys_arch_unprotect
 .text.sys_now  0x10003b04       0x24 CMakeFiles/final_project.dir/home/sreer/pico/pico-sdk/src/rp2_common/pico_lwip/lwip_nosys.c.o
                0x10003b04                sys_now
 .text.async_context_base_add_at_time_worker
                0x10003b28       0x24 CMakeFiles/final_project.dir/home/sreer/pico/pico-sdk/src/rp2_common/pico_async_context/async_context_base.c.o
                0x10003b28                async_context_base_add_at_time_worker
 .text.async_context_base_remove_at_time_worker
                0x10003b4c       0x28 CMakeFiles/final_project.dir/home/sreer/pico/pico-sdk/src/rp2_common/pico_async_context/async_context_base.c.o
                0x10003b4c                async_context_base_remove_at_time_worker
 .text.async_context_base_add_when_pending_worker
                0x10003b74       0x20 CMakeFiles/final_project.dir/home/sreer/pico/pico-sdk/src/rp2_common/pico_async_context/async_context_base.c.o
                0x10003b74                async_context_base_add_when_pending_worker
 .text.async_context_base_remove_when_pending_worker
                0x10003b94       0x24 CMakeFiles/final_project.dir/home/sreer/pico/pico-sdk/src/rp2_common/pico_async_context/async_context_base.c.o
                0x10003b94                async_context_base_remove_when_pending_worker
 .text.async_context_base_execute_once
                0x10003bb8       0xd8 CMakeFiles/final_project.dir/home/sreer/pico/pico-sdk/src/rp2_common/pico_async_context/async_context_base.c.o
                0x10003bb8                async_context_base_execute_once
 .text.splitmix64
                0x10003c90       0x70 CMakeFiles/final_project.dir/home/sreer/pico/pico-sdk/src/rp2_common/pico_rand/rand.c.o
 .text.capture_additional_trng_samples
                0x10003d00       0xa0 CMakeFiles/final_project.dir/home/sreer/pico/pico-sdk/src/rp2_common/pico_rand/rand.c.o
 .text.xoroshiro128ss
                0x10003da0       0x8c CMakeFiles/final_project.dir/home/sreer/pico/pico-sdk/src/rp2_common/pico_rand/rand.c.o
 .text.get_rand_64
                0x10003e2c      0x184 CMakeFiles/final_project.dir/home/sreer/pico/pico-sdk/src/rp2_common/pico_rand/rand.c.o
                0x10003e2c                get_rand_64
 .text.get_rand_32
                0x10003fb0        0x8 CMakeFiles/final_project.dir/home/sreer/pico/pico-sdk/src/rp2_common/pico_rand/rand.c.o
                0x10003fb0                get_rand_32
 .text.startup._retrieve_unique_id_on_boot
                0x10003fb8       0x30 CMakeFiles/final_project.dir/home/sreer/pico/pico-sdk/src/rp2_common/pico_unique_id/unique_id.c.o
 .text.lwip_init
                0x10003fe8       0x20 CMakeFiles/final_project.dir/home/sreer/pico/pico-sdk/lib/lwip/src/core/init.c.o
                0x10003fe8                lwip_init
 .text.lwip_htons
                0x10004008        0x8 CMakeFiles/final_project.dir/home/sreer/pico/pico-sdk/lib/lwip/src/core/def.c.o
                0x10004008                lwip_htons
 .text.lwip_htonl
                0x10004010        0x4 CMakeFiles/final_project.dir/home/sreer/pico/pico-sdk/lib/lwip/src/core/def.c.o
                0x10004010                lwip_htonl
 .text.lwip_standard_chksum
                0x10004014       0xdc CMakeFiles/final_project.dir/home/sreer/pico/pico-sdk/lib/lwip/src/core/inet_chksum.c.o
                0x10004014                lwip_standard_chksum
 .text.inet_chksum_pseudo
                0x100040f0       0x8c CMakeFiles/final_project.dir/home/sreer/pico/pico-sdk/lib/lwip/src/core/inet_chksum.c.o
                0x100040f0                inet_chksum_pseudo
 .text.ip_chksum_pseudo
                0x1000417c        0x4 CMakeFiles/final_project.dir/home/sreer/pico/pico-sdk/lib/lwip/src/core/inet_chksum.c.o
                0x1000417c                ip_chksum_pseudo
 .text.inet_chksum
                0x10004180        0xc CMakeFiles/final_project.dir/home/sreer/pico/pico-sdk/lib/lwip/src/core/inet_chksum.c.o
                0x10004180                inet_chksum
 .text.mem_init
                0x1000418c       0x48 CMakeFiles/final_project.dir/home/sreer/pico/pico-sdk/lib/lwip/src/core/mem.c.o
                0x1000418c                mem_init
 .text.mem_free
                0x100041d4      0x128 CMakeFiles/final_project.dir/home/sreer/pico/pico-sdk/lib/lwip/src/core/mem.c.o
                0x100041d4                mem_free
 .text.mem_trim
                0x100042fc       0xe0 CMakeFiles/final_project.dir/home/sreer/pico/pico-sdk/lib/lwip/src/core/mem.c.o
                0x100042fc                mem_trim
 .text.mem_malloc
                0x100043dc      0x100 CMakeFiles/final_project.dir/home/sreer/pico/pico-sdk/lib/lwip/src/core/mem.c.o
                0x100043dc                mem_malloc
 .text.memp_init
                0x100044dc       0x58 CMakeFiles/final_project.dir/home/sreer/pico/pico-sdk/lib/lwip/src/core/memp.c.o
                0x100044dc                memp_init
 .text.memp_malloc
                0x10004534       0x4c CMakeFiles/final_project.dir/home/sreer/pico/pico-sdk/lib/lwip/src/core/memp.c.o
                0x10004534                memp_malloc
 .text.memp_free
                0x10004580       0x44 CMakeFiles/final_project.dir/home/sreer/pico/pico-sdk/lib/lwip/src/core/memp.c.o
                0x10004580                memp_free
 .text.netif_init
                0x100045c4        0x4 CMakeFiles/final_project.dir/home/sreer/pico/pico-sdk/lib/lwip/src/core/netif.c.o
                0x100045c4                netif_init
 .text.netif_set_addr
                0x100045c8       0xac CMakeFiles/final_project.dir/home/sreer/pico/pico-sdk/lib/lwip/src/core/netif.c.o
                0x100045c8                netif_set_addr
 .text.netif_remove
                0x10004674       0x84 CMakeFiles/final_project.dir/home/sreer/pico/pico-sdk/lib/lwip/src/core/netif.c.o
                0x10004674                netif_remove
 .text.netif_get_by_index
                0x100046f8       0x24 CMakeFiles/final_project.dir/home/sreer/pico/pico-sdk/lib/lwip/src/core/netif.c.o
                0x100046f8                netif_get_by_index
 .text.pbuf_free.part.0
                0x1000471c       0x90 CMakeFiles/final_project.dir/home/sreer/pico/pico-sdk/lib/lwip/src/core/pbuf.c.o
 .text.pbuf_free_ooseq
                0x100047ac       0x34 CMakeFiles/final_project.dir/home/sreer/pico/pico-sdk/lib/lwip/src/core/pbuf.c.o
                0x100047ac                pbuf_free_ooseq
 .text.pbuf_alloc
                0x100047e0      0x12c CMakeFiles/final_project.dir/home/sreer/pico/pico-sdk/lib/lwip/src/core/pbuf.c.o
                0x100047e0                pbuf_alloc
 .text.pbuf_alloced_custom
                0x1000490c       0x40 CMakeFiles/final_project.dir/home/sreer/pico/pico-sdk/lib/lwip/src/core/pbuf.c.o
                0x1000490c                pbuf_alloced_custom
 .text.pbuf_realloc
                0x1000494c       0x8c CMakeFiles/final_project.dir/home/sreer/pico/pico-sdk/lib/lwip/src/core/pbuf.c.o
                0x1000494c                pbuf_realloc
 .text.pbuf_add_header
                0x100049d8       0x4c CMakeFiles/final_project.dir/home/sreer/pico/pico-sdk/lib/lwip/src/core/pbuf.c.o
                0x100049d8                pbuf_add_header
 .text.pbuf_free
                0x10004a24       0x14 CMakeFiles/final_project.dir/home/sreer/pico/pico-sdk/lib/lwip/src/core/pbuf.c.o
                0x10004a24                pbuf_free
 .text.pbuf_clen
                0x10004a38       0x14 CMakeFiles/final_project.dir/home/sreer/pico/pico-sdk/lib/lwip/src/core/pbuf.c.o
                0x10004a38                pbuf_clen
 .text.pbuf_ref
                0x10004a4c       0x28 CMakeFiles/final_project.dir/home/sreer/pico/pico-sdk/lib/lwip/src/core/pbuf.c.o
                0x10004a4c                pbuf_ref
 .text.pbuf_cat
                0x10004a74       0x58 CMakeFiles/final_project.dir/home/sreer/pico/pico-sdk/lib/lwip/src/core/pbuf.c.o
                0x10004a74                pbuf_cat
 .text.pbuf_chain
                0x10004acc       0x7c CMakeFiles/final_project.dir/home/sreer/pico/pico-sdk/lib/lwip/src/core/pbuf.c.o
                0x10004acc                pbuf_chain
 .text.pbuf_copy_partial_pbuf
                0x10004b48      0x154 CMakeFiles/final_project.dir/home/sreer/pico/pico-sdk/lib/lwip/src/core/pbuf.c.o
                0x10004b48                pbuf_copy_partial_pbuf
 .text.pbuf_copy_partial
                0x10004c9c       0x80 CMakeFiles/final_project.dir/home/sreer/pico/pico-sdk/lib/lwip/src/core/pbuf.c.o
                0x10004c9c                pbuf_copy_partial
 .text.raw_netif_ip_addr_changed
                0x10004d1c       0x3c CMakeFiles/final_project.dir/home/sreer/pico/pico-sdk/lib/lwip/src/core/raw.c.o
                0x10004d1c                raw_netif_ip_addr_changed
 .text.tcp_close_shutdown_fin
                0x10004d58       0x50 CMakeFiles/final_project.dir/home/sreer/pico/pico-sdk/lib/lwip/src/core/tcp.c.o
 .text.tcp_pcb_purge.part.0
                0x10004da8       0xb0 CMakeFiles/final_project.dir/home/sreer/pico/pico-sdk/lib/lwip/src/core/tcp.c.o
 .text.tcp_init
                0x10004e58       0x18 CMakeFiles/final_project.dir/home/sreer/pico/pico-sdk/lib/lwip/src/core/tcp.c.o
                0x10004e58                tcp_init
 .text.tcp_recved
                0x10004e70       0x98 CMakeFiles/final_project.dir/home/sreer/pico/pico-sdk/lib/lwip/src/core/tcp.c.o
                0x10004e70                tcp_recved
 .text.tcp_slowtmr
                0x10004f08      0x4d0 CMakeFiles/final_project.dir/home/sreer/pico/pico-sdk/lib/lwip/src/core/tcp.c.o
                0x10004f08                tcp_slowtmr
 .text.tcp_seg_free
                0x100053d8       0x1c CMakeFiles/final_project.dir/home/sreer/pico/pico-sdk/lib/lwip/src/core/tcp.c.o
                0x100053d8                tcp_seg_free
 .text.tcp_pcb_remove
                0x100053f4       0xd4 CMakeFiles/final_project.dir/home/sreer/pico/pico-sdk/lib/lwip/src/core/tcp.c.o
                0x100053f4                tcp_pcb_remove
 .text.tcp_abandon
                0x100054c8      0x190 CMakeFiles/final_project.dir/home/sreer/pico/pico-sdk/lib/lwip/src/core/tcp.c.o
                0x100054c8                tcp_abandon
 .text.tcp_process_refused_data
                0x10005658       0x78 CMakeFiles/final_project.dir/home/sreer/pico/pico-sdk/lib/lwip/src/core/tcp.c.o
                0x10005658                tcp_process_refused_data
 .text.tcp_fasttmr
                0x100056d0       0x84 CMakeFiles/final_project.dir/home/sreer/pico/pico-sdk/lib/lwip/src/core/tcp.c.o
                0x100056d0                tcp_fasttmr
 .text.tcp_tmr  0x10005754       0x24 CMakeFiles/final_project.dir/home/sreer/pico/pico-sdk/lib/lwip/src/core/tcp.c.o
                0x10005754                tcp_tmr
 .text.tcp_eff_send_mss_netif
                0x10005778       0x28 CMakeFiles/final_project.dir/home/sreer/pico/pico-sdk/lib/lwip/src/core/tcp.c.o
                0x10005778                tcp_eff_send_mss_netif
 .text.tcp_netif_ip_addr_changed
                0x100057a0       0x94 CMakeFiles/final_project.dir/home/sreer/pico/pico-sdk/lib/lwip/src/core/tcp.c.o
                0x100057a0                tcp_netif_ip_addr_changed
 .text.tcp_free_ooseq
                0x10005834       0x38 CMakeFiles/final_project.dir/home/sreer/pico/pico-sdk/lib/lwip/src/core/tcp.c.o
                0x10005834                tcp_free_ooseq
 .text.tcp_create_segment
                0x1000586c       0xc8 CMakeFiles/final_project.dir/home/sreer/pico/pico-sdk/lib/lwip/src/core/tcp_out.c.o
 .text.tcp_output_control_segment
                0x10005934       0xa8 CMakeFiles/final_project.dir/home/sreer/pico/pico-sdk/lib/lwip/src/core/tcp_out.c.o
 .text.tcp_output_alloc_header.constprop.0
                0x100059dc       0x8c CMakeFiles/final_project.dir/home/sreer/pico/pico-sdk/lib/lwip/src/core/tcp_out.c.o
 .text.tcp_split_unsent_seg
                0x10005a68      0x168 CMakeFiles/final_project.dir/home/sreer/pico/pico-sdk/lib/lwip/src/core/tcp_out.c.o
                0x10005a68                tcp_split_unsent_seg
 .text.tcp_send_fin
                0x10005bd0       0xec CMakeFiles/final_project.dir/home/sreer/pico/pico-sdk/lib/lwip/src/core/tcp_out.c.o
                0x10005bd0                tcp_send_fin
 .text.tcp_rexmit_rto_prepare
                0x10005cbc       0x80 CMakeFiles/final_project.dir/home/sreer/pico/pico-sdk/lib/lwip/src/core/tcp_out.c.o
                0x10005cbc                tcp_rexmit_rto_prepare
 .text.tcp_rst  0x10005d3c       0xb4 CMakeFiles/final_project.dir/home/sreer/pico/pico-sdk/lib/lwip/src/core/tcp_out.c.o
                0x10005d3c                tcp_rst
 .text.tcp_send_empty_ack
                0x10005df0       0x50 CMakeFiles/final_project.dir/home/sreer/pico/pico-sdk/lib/lwip/src/core/tcp_out.c.o
                0x10005df0                tcp_send_empty_ack
 .text.tcp_output
                0x10005e40      0x38c CMakeFiles/final_project.dir/home/sreer/pico/pico-sdk/lib/lwip/src/core/tcp_out.c.o
                0x10005e40                tcp_output
 .text.tcp_rexmit_rto_commit
                0x100061cc       0x24 CMakeFiles/final_project.dir/home/sreer/pico/pico-sdk/lib/lwip/src/core/tcp_out.c.o
                0x100061cc                tcp_rexmit_rto_commit
 .text.tcp_keepalive
                0x100061f0       0xa8 CMakeFiles/final_project.dir/home/sreer/pico/pico-sdk/lib/lwip/src/core/tcp_out.c.o
                0x100061f0                tcp_keepalive
 .text.tcp_zero_window_probe
                0x10006298       0xc4 CMakeFiles/final_project.dir/home/sreer/pico/pico-sdk/lib/lwip/src/core/tcp_out.c.o
                0x10006298                tcp_zero_window_probe
 .text.lwip_cyclic_timer
                0x1000635c       0x90 CMakeFiles/final_project.dir/home/sreer/pico/pico-sdk/lib/lwip/src/core/timeouts.c.o
 .text.sys_timeouts_init
                0x100063ec       0x90 CMakeFiles/final_project.dir/home/sreer/pico/pico-sdk/lib/lwip/src/core/timeouts.c.o
                0x100063ec                sys_timeouts_init
 .text.sys_check_timeouts
                0x1000647c       0x5c CMakeFiles/final_project.dir/home/sreer/pico/pico-sdk/lib/lwip/src/core/timeouts.c.o
                0x1000647c                sys_check_timeouts
 .text.sys_timeouts_sleeptime
                0x100064d8       0x24 CMakeFiles/final_project.dir/home/sreer/pico/pico-sdk/lib/lwip/src/core/timeouts.c.o
                0x100064d8                sys_timeouts_sleeptime
 .text.udp_init
                0x100064fc       0x18 CMakeFiles/final_project.dir/home/sreer/pico/pico-sdk/lib/lwip/src/core/udp.c.o
                0x100064fc                udp_init
 .text.udp_bind
                0x10006514      0x110 CMakeFiles/final_project.dir/home/sreer/pico/pico-sdk/lib/lwip/src/core/udp.c.o
                0x10006514                udp_bind
 .text.udp_sendto_if_src
                0x10006624      0x144 CMakeFiles/final_project.dir/home/sreer/pico/pico-sdk/lib/lwip/src/core/udp.c.o
                0x10006624                udp_sendto_if_src
 .text.udp_sendto_if
                0x10006768       0x70 CMakeFiles/final_project.dir/home/sreer/pico/pico-sdk/lib/lwip/src/core/udp.c.o
                0x10006768                udp_sendto_if
 .text.udp_connect
                0x100067d8       0x6c CMakeFiles/final_project.dir/home/sreer/pico/pico-sdk/lib/lwip/src/core/udp.c.o
                0x100067d8                udp_connect
 .text.udp_recv
                0x10006844       0x14 CMakeFiles/final_project.dir/home/sreer/pico/pico-sdk/lib/lwip/src/core/udp.c.o
                0x10006844                udp_recv
 .text.udp_remove
                0x10006858       0x3c CMakeFiles/final_project.dir/home/sreer/pico/pico-sdk/lib/lwip/src/core/udp.c.o
                0x10006858                udp_remove
 .text.udp_new  0x10006894       0x1c CMakeFiles/final_project.dir/home/sreer/pico/pico-sdk/lib/lwip/src/core/udp.c.o
                0x10006894                udp_new
 .text.udp_netif_ip_addr_changed
                0x100068b0       0x3c CMakeFiles/final_project.dir/home/sreer/pico/pico-sdk/lib/lwip/src/core/udp.c.o
                0x100068b0                udp_netif_ip_addr_changed
 .text.dhcp_create_msg
                0x100068ec      0x118 CMakeFiles/final_project.dir/home/sreer/pico/pico-sdk/lib/lwip/src/core/ipv4/dhcp.c.o
 .text.dhcp_bind
                0x10006a04      0x138 CMakeFiles/final_project.dir/home/sreer/pico/pico-sdk/lib/lwip/src/core/ipv4/dhcp.c.o
 .text.dhcp_inc_pcb_refcount
                0x10006b3c       0x64 CMakeFiles/final_project.dir/home/sreer/pico/pico-sdk/lib/lwip/src/core/ipv4/dhcp.c.o
 .text.dhcp_handle_ack.isra.0
                0x10006ba0       0x88 CMakeFiles/final_project.dir/home/sreer/pico/pico-sdk/lib/lwip/src/core/ipv4/dhcp.c.o
 .text.dhcp_discover
                0x10006c28      0x130 CMakeFiles/final_project.dir/home/sreer/pico/pico-sdk/lib/lwip/src/core/ipv4/dhcp.c.o
 .text.dhcp_reboot.isra.0
                0x10006d58      0x16c CMakeFiles/final_project.dir/home/sreer/pico/pico-sdk/lib/lwip/src/core/ipv4/dhcp.c.o
 .text.dhcp_select.isra.0
                0x10006ec4      0x1f4 CMakeFiles/final_project.dir/home/sreer/pico/pico-sdk/lib/lwip/src/core/ipv4/dhcp.c.o
 .text.dhcp_recv
                0x100070b8      0x7ac CMakeFiles/final_project.dir/home/sreer/pico/pico-sdk/lib/lwip/src/core/ipv4/dhcp.c.o
 .text.dhcp_conflict_callback
                0x10007864      0x13c CMakeFiles/final_project.dir/home/sreer/pico/pico-sdk/lib/lwip/src/core/ipv4/dhcp.c.o
 .text.dhcp_renew
                0x100079a0      0x124 CMakeFiles/final_project.dir/home/sreer/pico/pico-sdk/lib/lwip/src/core/ipv4/dhcp.c.o
                0x100079a0                dhcp_renew
 .text.dhcp_release_and_stop
                0x10007ac4      0x16c CMakeFiles/final_project.dir/home/sreer/pico/pico-sdk/lib/lwip/src/core/ipv4/dhcp.c.o
                0x10007ac4                dhcp_release_and_stop
 .text.dhcp_start
                0x10007c30       0xd4 CMakeFiles/final_project.dir/home/sreer/pico/pico-sdk/lib/lwip/src/core/ipv4/dhcp.c.o
                0x10007c30                dhcp_start
 .text.dhcp_coarse_tmr
                0x10007d04      0x1c4 CMakeFiles/final_project.dir/home/sreer/pico/pico-sdk/lib/lwip/src/core/ipv4/dhcp.c.o
                0x10007d04                dhcp_coarse_tmr
 .text.dhcp_fine_tmr
                0x10007ec8       0xa0 CMakeFiles/final_project.dir/home/sreer/pico/pico-sdk/lib/lwip/src/core/ipv4/dhcp.c.o
                0x10007ec8                dhcp_fine_tmr
 .text.dhcp_stop
                0x10007f68        0x4 CMakeFiles/final_project.dir/home/sreer/pico/pico-sdk/lib/lwip/src/core/ipv4/dhcp.c.o
                0x10007f68                dhcp_stop
 .text.etharp_raw
                0x10007f6c       0xbc CMakeFiles/final_project.dir/home/sreer/pico/pico-sdk/lib/lwip/src/core/ipv4/etharp.c.o
 .text.etharp_tmr
                0x10008028       0x9c CMakeFiles/final_project.dir/home/sreer/pico/pico-sdk/lib/lwip/src/core/ipv4/etharp.c.o
                0x10008028                etharp_tmr
 .text.etharp_cleanup_netif
                0x100080c4      0x264 CMakeFiles/final_project.dir/home/sreer/pico/pico-sdk/lib/lwip/src/core/ipv4/etharp.c.o
                0x100080c4                etharp_cleanup_netif
 .text.etharp_acd_probe
                0x10008328       0xc0 CMakeFiles/final_project.dir/home/sreer/pico/pico-sdk/lib/lwip/src/core/ipv4/etharp.c.o
                0x10008328                etharp_acd_probe
 .text.etharp_acd_announce
                0x100083e8       0xb8 CMakeFiles/final_project.dir/home/sreer/pico/pico-sdk/lib/lwip/src/core/ipv4/etharp.c.o
                0x100083e8                etharp_acd_announce
 .text.icmp_time_exceeded
                0x100084a0       0x98 CMakeFiles/final_project.dir/home/sreer/pico/pico-sdk/lib/lwip/src/core/ipv4/icmp.c.o
                0x100084a0                icmp_time_exceeded
 .text.ipfrag_free_pbuf_custom
                0x10008538       0x24 CMakeFiles/final_project.dir/home/sreer/pico/pico-sdk/lib/lwip/src/core/ipv4/ip4_frag.c.o
 .text.ip_reass_free_complete_datagram
                0x1000855c       0xe4 CMakeFiles/final_project.dir/home/sreer/pico/pico-sdk/lib/lwip/src/core/ipv4/ip4_frag.c.o
 .text.ip_reass_tmr
                0x10008640       0x30 CMakeFiles/final_project.dir/home/sreer/pico/pico-sdk/lib/lwip/src/core/ipv4/ip4_frag.c.o
                0x10008640                ip_reass_tmr
 .text.ip4_frag
                0x10008670      0x1e0 CMakeFiles/final_project.dir/home/sreer/pico/pico-sdk/lib/lwip/src/core/ipv4/ip4_frag.c.o
                0x10008670                ip4_frag
 .text.ip4_route
                0x10008850       0x70 CMakeFiles/final_project.dir/home/sreer/pico/pico-sdk/lib/lwip/src/core/ipv4/ip4.c.o
                0x10008850                ip4_route
 .text.ip4_output_if
                0x100088c0      0x120 CMakeFiles/final_project.dir/home/sreer/pico/pico-sdk/lib/lwip/src/core/ipv4/ip4.c.o
                0x100088c0                ip4_output_if
 .text.ip4_output_if_src
                0x100089e0      0x120 CMakeFiles/final_project.dir/home/sreer/pico/pico-sdk/lib/lwip/src/core/ipv4/ip4.c.o
                0x100089e0                ip4_output_if_src
 .text.acd_add  0x10008b00       0x30 CMakeFiles/final_project.dir/home/sreer/pico/pico-sdk/lib/lwip/src/core/ipv4/acd.c.o
                0x10008b00                acd_add
 .text.acd_remove
                0x10008b30       0x2c CMakeFiles/final_project.dir/home/sreer/pico/pico-sdk/lib/lwip/src/core/ipv4/acd.c.o
                0x10008b30                acd_remove
 .text.acd_start
                0x10008b5c       0x30 CMakeFiles/final_project.dir/home/sreer/pico/pico-sdk/lib/lwip/src/core/ipv4/acd.c.o
                0x10008b5c                acd_start
 .text.acd_tmr  0x10008b8c       0xf8 CMakeFiles/final_project.dir/home/sreer/pico/pico-sdk/lib/lwip/src/core/ipv4/acd.c.o
                0x10008b8c                acd_tmr
 .text.acd_netif_ip_addr_changed
                0x10008c84       0x6c CMakeFiles/final_project.dir/home/sreer/pico/pico-sdk/lib/lwip/src/core/ipv4/acd.c.o
                0x10008c84                acd_netif_ip_addr_changed
 .text.ethernet_output
                0x10008cf0       0x60 CMakeFiles/final_project.dir/home/sreer/pico/pico-sdk/lib/lwip/src/netif/ethernet.c.o
                0x10008cf0                ethernet_output
 .text.cyw43_arch_set_async_context
                0x10008d50        0xc CMakeFiles/final_project.dir/home/sreer/pico/pico-sdk/src/rp2_common/pico_cyw43_arch/cyw43_arch.c.o
                0x10008d50                cyw43_arch_set_async_context
 .text.cyw43_arch_async_context
                0x10008d5c        0xc CMakeFiles/final_project.dir/home/sreer/pico/pico-sdk/src/rp2_common/pico_cyw43_arch/cyw43_arch.c.o
                0x10008d5c                cyw43_arch_async_context
 .text.cyw43_arch_init
                0x10008d68       0x70 CMakeFiles/final_project.dir/home/sreer/pico/pico-sdk/src/rp2_common/pico_cyw43_arch/cyw43_arch_threadsafe_background.c.o
                0x10008d68                cyw43_arch_init
 .text.cyw43_spi_deinit
                0x10008dd8       0x6c CMakeFiles/final_project.dir/home/sreer/pico/pico-sdk/src/rp2_common/pico_cyw43_driver/cyw43_bus_pio_spi.c.o
                0x10008dd8                cyw43_spi_deinit
 .text.cyw43_ll_init
                0x10008e44       0x18 CMakeFiles/final_project.dir/home/sreer/pico/pico-sdk/lib/cyw43-driver/src/cyw43_ll.c.o
                0x10008e44                cyw43_ll_init
 .text.cyw43_ll_deinit
                0x10008e5c        0x4 CMakeFiles/final_project.dir/home/sreer/pico/pico-sdk/lib/cyw43-driver/src/cyw43_ll.c.o
                0x10008e5c                cyw43_ll_deinit
 .text.cyw43_cb_tcpip_deinit
                0x10008e60       0x44 CMakeFiles/final_project.dir/home/sreer/pico/pico-sdk/lib/cyw43-driver/src/cyw43_lwip.c.o
                0x10008e60                cyw43_cb_tcpip_deinit
 .text.cyw43_init
                0x10008ea4       0x5c CMakeFiles/final_project.dir/home/sreer/pico/pico-sdk/lib/cyw43-driver/src/cyw43_ctrl.c.o
                0x10008ea4                cyw43_init
 .text.cyw43_deinit
                0x10008f00       0x80 CMakeFiles/final_project.dir/home/sreer/pico/pico-sdk/lib/cyw43-driver/src/cyw43_ctrl.c.o
                0x10008f00                cyw43_deinit
 .text.pio_remove_program_and_unclaim_sm
                0x10008f80       0x4c CMakeFiles/final_project.dir/home/sreer/pico/pico-sdk/src/rp2_common/hardware_pio/pio.c.o
                0x10008f80                pio_remove_program_and_unclaim_sm
 .text.cyw43_sleep_timeout_reached
                0x10008fcc        0xc CMakeFiles/final_project.dir/home/sreer/pico/pico-sdk/src/rp2_common/pico_cyw43_driver/cyw43_driver.c.o
 .text.cyw43_irq_init
                0x10008fd8       0x28 CMakeFiles/final_project.dir/home/sreer/pico/pico-sdk/src/rp2_common/pico_cyw43_driver/cyw43_driver.c.o
                0x10008fd8                cyw43_irq_init
 .text.cyw43_irq_deinit
                0x10009000       0x20 CMakeFiles/final_project.dir/home/sreer/pico/pico-sdk/src/rp2_common/pico_cyw43_driver/cyw43_driver.c.o
                0x10009000                cyw43_irq_deinit
 .text.cyw43_gpio_irq_handler
                0x10009020       0x44 CMakeFiles/final_project.dir/home/sreer/pico/pico-sdk/src/rp2_common/pico_cyw43_driver/cyw43_driver.c.o
 .text.cyw43_do_poll
                0x10009064       0x70 CMakeFiles/final_project.dir/home/sreer/pico/pico-sdk/src/rp2_common/pico_cyw43_driver/cyw43_driver.c.o
 .text.cyw43_driver_init
                0x100090d4       0x38 CMakeFiles/final_project.dir/home/sreer/pico/pico-sdk/src/rp2_common/pico_cyw43_driver/cyw43_driver.c.o
                0x100090d4                cyw43_driver_init
 .text.cyw43_driver_deinit
                0x1000910c       0x48 CMakeFiles/final_project.dir/home/sreer/pico/pico-sdk/src/rp2_common/pico_cyw43_driver/cyw43_driver.c.o
                0x1000910c                cyw43_driver_deinit
 .text.cyw43_thread_enter
                0x10009154       0x10 CMakeFiles/final_project.dir/home/sreer/pico/pico-sdk/src/rp2_common/pico_cyw43_driver/cyw43_driver.c.o
                0x10009154                cyw43_thread_enter
 .text.cyw43_thread_exit
                0x10009164       0x10 CMakeFiles/final_project.dir/home/sreer/pico/pico-sdk/src/rp2_common/pico_cyw43_driver/cyw43_driver.c.o
                0x10009164                cyw43_thread_exit
 .text.async_context_threadsafe_background_acquire_lock_blocking
                0x10009174        0x8 CMakeFiles/final_project.dir/home/sreer/pico/pico-sdk/src/rp2_common/pico_async_context/async_context_threadsafe_background.c.o
 .text.alarm_handler
                0x1000917c       0x20 CMakeFiles/final_project.dir/home/sreer/pico/pico-sdk/src/rp2_common/pico_async_context/async_context_threadsafe_background.c.o
 .text.async_context_threadsafe_background_set_work_pending
                0x1000919c       0x1c CMakeFiles/final_project.dir/home/sreer/pico/pico-sdk/src/rp2_common/pico_async_context/async_context_threadsafe_background.c.o
 .text.process_under_lock
                0x100091b8       0xb0 CMakeFiles/final_project.dir/home/sreer/pico/pico-sdk/src/rp2_common/pico_async_context/async_context_threadsafe_background.c.o
 .text.async_context_threadsafe_background_execute_sync
                0x10009268       0x3c CMakeFiles/final_project.dir/home/sreer/pico/pico-sdk/src/rp2_common/pico_async_context/async_context_threadsafe_background.c.o
                0x10009268                async_context_threadsafe_background_execute_sync
 .text.async_context_threadsafe_background_deinit
                0x100092a4       0x5c CMakeFiles/final_project.dir/home/sreer/pico/pico-sdk/src/rp2_common/pico_async_context/async_context_threadsafe_background.c.o
 .text.low_priority_irq_handler
                0x10009300       0x40 CMakeFiles/final_project.dir/home/sreer/pico/pico-sdk/src/rp2_common/pico_async_context/async_context_threadsafe_background.c.o
 .text.async_context_threadsafe_background_wait_for_work_until
                0x10009340        0x8 CMakeFiles/final_project.dir/home/sreer/pico/pico-sdk/src/rp2_common/pico_async_context/async_context_threadsafe_background.c.o
 .text.async_context_threadsafe_background_wait_until
                0x10009348       0x14 CMakeFiles/final_project.dir/home/sreer/pico/pico-sdk/src/rp2_common/pico_async_context/async_context_threadsafe_background.c.o
 .text.async_context_threadsafe_background_lock_check
                0x1000935c       0x24 CMakeFiles/final_project.dir/home/sreer/pico/pico-sdk/src/rp2_common/pico_async_context/async_context_threadsafe_background.c.o
 .text.async_context_threadsafe_background_release_lock
                0x10009380       0x28 CMakeFiles/final_project.dir/home/sreer/pico/pico-sdk/src/rp2_common/pico_async_context/async_context_threadsafe_background.c.o
 .text.async_context_threadsafe_background_add_at_time_worker
                0x100093a8       0x3c CMakeFiles/final_project.dir/home/sreer/pico/pico-sdk/src/rp2_common/pico_async_context/async_context_threadsafe_background.c.o
 .text.async_context_threadsafe_background_remove_at_time_worker
                0x100093e4       0x3c CMakeFiles/final_project.dir/home/sreer/pico/pico-sdk/src/rp2_common/pico_async_context/async_context_threadsafe_background.c.o
 .text.async_context_threadsafe_background_add_when_pending_worker
                0x10009420       0x3c CMakeFiles/final_project.dir/home/sreer/pico/pico-sdk/src/rp2_common/pico_async_context/async_context_threadsafe_background.c.o
 .text.async_context_threadsafe_background_when_pending_worker
                0x1000945c       0x3c CMakeFiles/final_project.dir/home/sreer/pico/pico-sdk/src/rp2_common/pico_async_context/async_context_threadsafe_background.c.o
 .text.async_context_threadsafe_background_default_config
                0x10009498        0xc CMakeFiles/final_project.dir/home/sreer/pico/pico-sdk/src/rp2_common/pico_async_context/async_context_threadsafe_background.c.o
                0x10009498                async_context_threadsafe_background_default_config
 .text.async_context_threadsafe_background_init
                0x100094a4       0x8c CMakeFiles/final_project.dir/home/sreer/pico/pico-sdk/src/rp2_common/pico_async_context/async_context_threadsafe_background.c.o
                0x100094a4                async_context_threadsafe_background_init
 .text          0x10009530       0xa4 /usr/lib/gcc/arm-none-eabi/13.2.1/../../../arm-none-eabi/lib/thumb/v8-m.main+fp/softfp/libg.a(libc_a-memset.o)
                0x10009530                memset
 .text          0x100095d4       0xec /usr/lib/gcc/arm-none-eabi/13.2.1/../../../arm-none-eabi/lib/thumb/v8-m.main+fp/softfp/libg.a(libc_a-memcpy.o)
                0x100095d4                memcpy
 .text          0x100096c0        0xc /usr/lib/gcc/arm-none-eabi/13.2.1/../../../arm-none-eabi/lib/thumb/v8-m.main+fp/softfp/libg.a(libc_a-atexit.o)
                0x100096c0                atexit
 .text          0x100096cc       0x5c /usr/lib/gcc/arm-none-eabi/13.2.1/../../../arm-none-eabi/lib/thumb/v8-m.main+fp/softfp/libg.a(libc_a-strlen-stub.o)
                0x100096cc                strlen
 .text          0x10009728       0x28 /usr/lib/gcc/arm-none-eabi/13.2.1/../../../arm-none-eabi/lib/thumb/v8-m.main+fp/softfp/libg.a(libc_a-fini.o)
                0x10009728                __libc_fini_array
 .text          0x10009750       0x64 /usr/lib/gcc/arm-none-eabi/13.2.1/../../../arm-none-eabi/lib/thumb/v8-m.main+fp/softfp/libg.a(libc_a-__atexit.o)
                0x10009750                __register_exitproc
 .text.startup  0x100097b4       0x14 /usr/lib/gcc/arm-none-eabi/13.2.1/../../../arm-none-eabi/lib/thumb/v8-m.main+fp/softfp/libg.a(libc_a-__call_atexit.o)
 *(.fini)
 .fini          0x100097c8        0x4 /usr/lib/gcc/arm-none-eabi/13.2.1/thumb/v8-m.main+fp/softfp/crti.o
                0x100097c8                _fini
 *fill*         0x100097cc        0x4 
 .fini.__stub   0x100097d0       0x40 linker stubs
 *crtbegin.o(.ctors)
 *crtbegin?.o(.ctors)
 *(EXCLUDE_FILE(*crtend.o *crtend?.o) .ctors)
 *(SORT_BY_NAME(.ctors.*))
 *(.ctors)
 *crtbegin.o(.dtors)
 *crtbegin?.o(.dtors)
 *(EXCLUDE_FILE(*crtend.o *crtend?.o) .dtors)
 *(SORT_BY_NAME(.dtors.*))
 *(.dtors)
                0x10009810                        . = ALIGN (0x4)
                0x10009810                        PROVIDE (__preinit_array_start = .)
 *(SORT_BY_NAME(.preinit_array.*))
 .preinit_array.00050
                0x10009810        0x4 CMakeFiles/final_project.dir/home/sreer/pico/pico-sdk/src/rp2_common/pico_runtime_init/runtime_init.c.o
                0x10009810                __pre_init_runtime_init_bootrom_reset
 .preinit_array.00100
                0x10009814        0x4 CMakeFiles/final_project.dir/home/sreer/pico/pico-sdk/src/rp2_common/pico_runtime_init/runtime_init.c.o
                0x10009814                __pre_init_runtime_init_early_resets
 .preinit_array.00101
                0x10009818        0x4 CMakeFiles/final_project.dir/home/sreer/pico/pico-sdk/src/rp2_common/pico_runtime_init/runtime_init.c.o
                0x10009818                __pre_init_runtime_init_usb_power_down
 .preinit_array.00500
                0x1000981c        0x4 CMakeFiles/final_project.dir/home/sreer/pico/pico-sdk/src/rp2_common/pico_runtime_init/runtime_init.c.o
                0x1000981c                __pre_init_runtime_init_clocks
 .preinit_array.00600
                0x10009820        0x4 CMakeFiles/final_project.dir/home/sreer/pico/pico-sdk/src/rp2_common/pico_runtime_init/runtime_init.c.o
                0x10009820                __pre_init_runtime_init_post_clock_resets
 .preinit_array.01000
                0x10009824        0x4 CMakeFiles/final_project.dir/home/sreer/pico/pico-sdk/src/rp2_common/hardware_boot_lock/boot_lock.c.o
                0x10009824                __pre_init_runtime_init_boot_locks_reset
 .preinit_array.01000
                0x10009828        0x4 CMakeFiles/final_project.dir/home/sreer/pico/pico-sdk/src/rp2_common/pico_runtime_init/runtime_init.c.o
                0x10009828                __pre_init_runtime_init_spin_locks_reset
 .preinit_array.01010
                0x1000982c        0x4 CMakeFiles/final_project.dir/home/sreer/pico/pico-sdk/src/rp2_common/pico_bootrom/bootrom_lock.c.o
                0x1000982c                __pre_init_runtime_init_bootrom_locking_enable
 .preinit_array.01100
                0x10009830        0x4 CMakeFiles/final_project.dir/home/sreer/pico/pico-sdk/src/common/pico_sync/mutex.c.o
                0x10009830                __pre_init_runtime_init_mutex
 .preinit_array.10080
                0x10009834        0x4 CMakeFiles/final_project.dir/home/sreer/pico/pico-sdk/src/rp2_common/pico_runtime_init/runtime_init.c.o
                0x10009834                __pre_init_runtime_init_install_ram_vector_table
 .preinit_array.11000
                0x10009838        0x4 CMakeFiles/final_project.dir/home/sreer/pico/pico-sdk/src/common/pico_time/time.c.o
                0x10009838                __pre_init_runtime_init_default_alarm_pool
 .preinit_array.YYYYY
                0x1000983c        0x4 CMakeFiles/final_project.dir/home/sreer/pico/pico-sdk/src/rp2_common/pico_runtime/runtime.c.o
                0x1000983c                __pre_init_first_per_core_initializer
 .preinit_array.ZZZZZ.00051
                0x10009840        0x4 CMakeFiles/final_project.dir/home/sreer/pico/pico-sdk/src/rp2_common/pico_runtime_init/runtime_init.c.o
                0x10009840                __pre_init_runtime_init_per_core_bootrom_reset
 .preinit_array.ZZZZZ.00200
                0x10009844        0x4 CMakeFiles/final_project.dir/home/sreer/pico/pico-sdk/src/rp2_common/pico_runtime_init/runtime_init.c.o
                0x10009844                __pre_init_runtime_init_per_core_enable_coprocessors
 .preinit_array.ZZZZZ.01000
                0x10009848        0x4 CMakeFiles/final_project.dir/home/sreer/pico/pico-sdk/src/rp2_common/hardware_sync_spin_lock/sync_spin_lock.c.o
                0x10009848                __pre_init_spinlock_set_extexclall
 .preinit_array.ZZZZZ.01200
                0x1000984c        0x4 CMakeFiles/final_project.dir/home/sreer/pico/pico-sdk/src/rp2_common/hardware_irq/irq.c.o
                0x1000984c                __pre_init_runtime_init_per_core_irq_priorities
 *(.preinit_array)
                0x10009850                        PROVIDE (__preinit_array_end = .)
                0x10009850                        . = ALIGN (0x4)
                0x10009850                        PROVIDE (__init_array_start = .)
 *(SORT_BY_NAME(.init_array.*))
 .init_array.00000
                0x10009850        0x4 /usr/lib/gcc/arm-none-eabi/13.2.1/../../../arm-none-eabi/lib/thumb/v8-m.main+fp/softfp/libg.a(libc_a-__call_atexit.o)
 .init_array.01000
                0x10009854        0x4 CMakeFiles/final_project.dir/home/sreer/pico/pico-sdk/src/rp2_common/pico_unique_id/unique_id.c.o
 *(.init_array)
 .init_array    0x10009858        0x4 /usr/lib/gcc/arm-none-eabi/13.2.1/thumb/v8-m.main+fp/softfp/crtbegin.o
                0x1000985c                        PROVIDE (__init_array_end = .)
                0x1000985c                        . = ALIGN (0x4)
                0x1000985c                        PROVIDE (__fini_array_start = .)
 *(SORT_BY_NAME(.fini_array.*))
 *(.fini_array)
                0x1000985c                        PROVIDE (__fini_array_end = .)
 *(.eh_frame*)
 .eh_frame      0x1000985c        0x0 /usr/lib/gcc/arm-none-eabi/13.2.1/thumb/v8-m.main+fp/softfp/crtbegin.o
                0x1000985c                        . = ALIGN (0x4)

.glue_7         0x1000985c        0x0
 .glue_7        0x1000985c        0x0 linker stubs

.glue_7t        0x1000985c        0x0
 .glue_7t       0x1000985c        0x0 linker stubs

.vfp11_veneer   0x1000985c        0x0
 .vfp11_veneer  0x1000985c        0x0 linker stubs

.v4_bx          0x1000985c        0x0
 .v4_bx         0x1000985c        0x0 linker stubs

.iplt           0x1000985c        0x0
 .iplt          0x1000985c        0x0 /usr/lib/gcc/arm-none-eabi/13.2.1/thumb/v8-m.main+fp/softfp/crtbegin.o

.boot2          0x1000985c        0x0
                0x1000985c                        __boot2_start__ = .
 *(.boot2)
                0x1000985c                        __boot2_end__ = .
                0x00000001                        ASSERT (((__boot2_end__ - __boot2_start__) <= 0x100), ERROR: Pico second stage bootloader must be no more than 256 bytes in size)

.rodata         0x10009860     0x15a4
 *(EXCLUDE_FILE(*libm.a: *libc.a:*lib_a-mem*.o *libgcc.a:) .rodata*)
 .rodata.main.str1.4
                0x10009860     0x135c CMakeFiles/final_project.dir/src/main.c.o
                                  0xd (size before relaxing)
 .rodata.panic.str1.4
                0x1000abbc       0x12 CMakeFiles/final_project.dir/home/sreer/pico/pico-sdk/src/rp2_common/pico_platform_panic/panic.c.o
 .rodata.user_irq_claim_unused.str1.4
                0x1000abbc       0x1b CMakeFiles/final_project.dir/home/sreer/pico/pico-sdk/src/rp2_common/hardware_irq/irq.c.o
 *fill*         0x1000abbc        0x4 
 .rodata.at_the_end_of_time
                0x1000abc0        0x8 CMakeFiles/final_project.dir/home/sreer/pico/pico-sdk/src/common/pico_time/time.c.o
                0x1000abc0                at_the_end_of_time
 .rodata.timer_hardware_alarm_claim.str1.4
                0x1000abc8       0x22 CMakeFiles/final_project.dir/home/sreer/pico/pico-sdk/src/rp2_common/hardware_timer/timer.c.o
 .rodata.hard_assertion_failure.str1.4
                0x1000abc8        0xc CMakeFiles/final_project.dir/home/sreer/pico/pico-sdk/src/rp2_common/pico_runtime/runtime.c.o
 .rodata.str1.4
                0x1000abc8       0x44 CMakeFiles/final_project.dir/home/sreer/pico/pico-sdk/src/rp2_common/pico_standard_binary_info/standard_binary_info.c.o
 .rodata.__bi_84
                0x1000abc8        0xc CMakeFiles/final_project.dir/home/sreer/pico/pico-sdk/src/rp2_common/pico_standard_binary_info/standard_binary_info.c.o
 .rodata.__bi_78
                0x1000abd4        0xc CMakeFiles/final_project.dir/home/sreer/pico/pico-sdk/src/rp2_common/pico_standard_binary_info/standard_binary_info.c.o
 .rodata.__bi_54
                0x1000abe0        0xc CMakeFiles/final_project.dir/home/sreer/pico/pico-sdk/src/rp2_common/pico_standard_binary_info/standard_binary_info.c.o
 .rodata.__bi_48
                0x1000abec        0xc CMakeFiles/final_project.dir/home/sreer/pico/pico-sdk/src/rp2_common/pico_standard_binary_info/standard_binary_info.c.o
 .rodata.__bi_42
                0x1000abf8        0xc CMakeFiles/final_project.dir/home/sreer/pico/pico-sdk/src/rp2_common/pico_standard_binary_info/standard_binary_info.c.o
 .rodata.__bi_34
                0x1000ac04        0xc CMakeFiles/final_project.dir/home/sreer/pico/pico-sdk/src/rp2_common/pico_standard_binary_info/standard_binary_info.c.o
 .rodata.__bi_26
                0x1000ac10        0xc CMakeFiles/final_project.dir/home/sreer/pico/pico-sdk/src/rp2_common/pico_standard_binary_info/standard_binary_info.c.o
 .rodata._ftoa.str1.4
                0x1000ac1c       0x15 CMakeFiles/final_project.dir/home/sreer/pico/pico-sdk/src/rp2_common/pico_printf/printf.c.o
 *fill*         0x1000ac1c        0x4 
 .rodata.pow10.0
                0x1000ac20       0x50 CMakeFiles/final_project.dir/home/sreer/pico/pico-sdk/src/rp2_common/pico_printf/printf.c.o
 .rodata.crlf_str.0
                0x1000ac70        0x2 CMakeFiles/final_project.dir/home/sreer/pico/pico-sdk/src/rp2_common/pico_stdio/stdio.c.o
 .rodata.str1.4
                0x1000ac72       0x2c CMakeFiles/final_project.dir/home/sreer/pico/pico-sdk/src/rp2_common/pico_stdio_uart/stdio_uart.c.o
 *fill*         0x1000ac72        0x2 
 .rodata.__bi_45.4
                0x1000ac74        0xc CMakeFiles/final_project.dir/home/sreer/pico/pico-sdk/src/rp2_common/pico_stdio_uart/stdio_uart.c.o
 .rodata.__bi_49.5
                0x1000ac80        0x8 CMakeFiles/final_project.dir/home/sreer/pico/pico-sdk/src/rp2_common/pico_stdio_uart/stdio_uart.c.o
 .rodata.__bi_50.6
                0x1000ac88        0x8 CMakeFiles/final_project.dir/home/sreer/pico/pico-sdk/src/rp2_common/pico_stdio_uart/stdio_uart.c.o
 .rodata.mem_free.str1.4
                0x1000ac90       0xb6 CMakeFiles/final_project.dir/home/sreer/pico/pico-sdk/lib/lwip/src/core/mem.c.o
 .rodata.mem_trim.str1.4
                0x1000ac90       0x49 CMakeFiles/final_project.dir/home/sreer/pico/pico-sdk/lib/lwip/src/core/mem.c.o
 .rodata.mem_malloc.str1.4
                0x1000ac90       0x5f CMakeFiles/final_project.dir/home/sreer/pico/pico-sdk/lib/lwip/src/core/mem.c.o
 .rodata.memp_malloc_pool.str1.4
                0x1000ac90       0x37 CMakeFiles/final_project.dir/home/sreer/pico/pico-sdk/lib/lwip/src/core/memp.c.o
 .rodata.memp_malloc.str1.4
                0x1000ac90       0x1d CMakeFiles/final_project.dir/home/sreer/pico/pico-sdk/lib/lwip/src/core/memp.c.o
 .rodata.memp_free_pool.str1.4
                0x1000ac90       0x20 CMakeFiles/final_project.dir/home/sreer/pico/pico-sdk/lib/lwip/src/core/memp.c.o
 .rodata.memp_free.str1.4
                0x1000ac90       0x1b CMakeFiles/final_project.dir/home/sreer/pico/pico-sdk/lib/lwip/src/core/memp.c.o
 .rodata.memp_pools
                0x1000ac90       0x28 CMakeFiles/final_project.dir/home/sreer/pico/pico-sdk/lib/lwip/src/core/memp.c.o
                0x1000ac90                memp_pools
 .rodata.str1.4
                0x1000acb8       0x70 CMakeFiles/final_project.dir/home/sreer/pico/pico-sdk/lib/lwip/src/core/memp.c.o
 .rodata.memp_PBUF_POOL
                0x1000acb8       0x10 CMakeFiles/final_project.dir/home/sreer/pico/pico-sdk/lib/lwip/src/core/memp.c.o
                0x1000acb8                memp_PBUF_POOL
 .rodata.memp_PBUF
                0x1000acc8       0x10 CMakeFiles/final_project.dir/home/sreer/pico/pico-sdk/lib/lwip/src/core/memp.c.o
                0x1000acc8                memp_PBUF
 .rodata.memp_SYS_TIMEOUT
                0x1000acd8       0x10 CMakeFiles/final_project.dir/home/sreer/pico/pico-sdk/lib/lwip/src/core/memp.c.o
                0x1000acd8                memp_SYS_TIMEOUT
 .rodata.memp_FRAG_PBUF
                0x1000ace8       0x10 CMakeFiles/final_project.dir/home/sreer/pico/pico-sdk/lib/lwip/src/core/memp.c.o
                0x1000ace8                memp_FRAG_PBUF
 .rodata.memp_REASSDATA
                0x1000acf8       0x10 CMakeFiles/final_project.dir/home/sreer/pico/pico-sdk/lib/lwip/src/core/memp.c.o
                0x1000acf8                memp_REASSDATA
 .rodata.memp_TCP_SEG
                0x1000ad08       0x10 CMakeFiles/final_project.dir/home/sreer/pico/pico-sdk/lib/lwip/src/core/memp.c.o
                0x1000ad08                memp_TCP_SEG
 .rodata.memp_TCP_PCB_LISTEN
                0x1000ad18       0x10 CMakeFiles/final_project.dir/home/sreer/pico/pico-sdk/lib/lwip/src/core/memp.c.o
                0x1000ad18                memp_TCP_PCB_LISTEN
 .rodata.memp_TCP_PCB
                0x1000ad28       0x10 CMakeFiles/final_project.dir/home/sreer/pico/pico-sdk/lib/lwip/src/core/memp.c.o
                0x1000ad28                memp_TCP_PCB
 .rodata.memp_UDP_PCB
                0x1000ad38       0x10 CMakeFiles/final_project.dir/home/sreer/pico/pico-sdk/lib/lwip/src/core/memp.c.o
                0x1000ad38                memp_UDP_PCB
 .rodata.memp_RAW_PCB
                0x1000ad48       0x10 CMakeFiles/final_project.dir/home/sreer/pico/pico-sdk/lib/lwip/src/core/memp.c.o
                0x1000ad48                memp_RAW_PCB
 .rodata.pbuf_free.part.0.str1.4
                0x1000ad58       0x4e CMakeFiles/final_project.dir/home/sreer/pico/pico-sdk/lib/lwip/src/core/pbuf.c.o
 .rodata.pbuf_alloc.str1.4
                0x1000ad58       0x1b CMakeFiles/final_project.dir/home/sreer/pico/pico-sdk/lib/lwip/src/core/pbuf.c.o
 .rodata.pbuf_realloc.str1.4
                0x1000ad58       0x65 CMakeFiles/final_project.dir/home/sreer/pico/pico-sdk/lib/lwip/src/core/pbuf.c.o
 .rodata.pbuf_add_header.str1.4
                0x1000ad58        0xa CMakeFiles/final_project.dir/home/sreer/pico/pico-sdk/lib/lwip/src/core/pbuf.c.o
 .rodata.pbuf_ref.str1.4
                0x1000ad58       0x12 CMakeFiles/final_project.dir/home/sreer/pico/pico-sdk/lib/lwip/src/core/pbuf.c.o
 .rodata.pbuf_cat.str1.4
                0x1000ad58       0x81 CMakeFiles/final_project.dir/home/sreer/pico/pico-sdk/lib/lwip/src/core/pbuf.c.o
 .rodata.pbuf_copy_partial_pbuf.str1.4
                0x1000ad58       0xef CMakeFiles/final_project.dir/home/sreer/pico/pico-sdk/lib/lwip/src/core/pbuf.c.o
 .rodata.pbuf_copy_partial.str1.4
                0x1000ad58       0x43 CMakeFiles/final_project.dir/home/sreer/pico/pico-sdk/lib/lwip/src/core/pbuf.c.o
 .rodata.tcp_close_shutdown_fin.str1.4
                0x1000ad58        0xc CMakeFiles/final_project.dir/home/sreer/pico/pico-sdk/lib/lwip/src/core/tcp.c.o
 .rodata.tcp_free.str1.4
                0x1000ad58       0x11 CMakeFiles/final_project.dir/home/sreer/pico/pico-sdk/lib/lwip/src/core/tcp.c.o
 .rodata.tcp_update_rcv_ann_wnd.str1.4
                0x1000ad58       0x3e CMakeFiles/final_project.dir/home/sreer/pico/pico-sdk/lib/lwip/src/core/tcp.c.o
 .rodata.tcp_recved.str1.4
                0x1000ad58       0x3e CMakeFiles/final_project.dir/home/sreer/pico/pico-sdk/lib/lwip/src/core/tcp.c.o
 .rodata.tcp_slowtmr.str1.4
                0x1000ad58      0x1c6 CMakeFiles/final_project.dir/home/sreer/pico/pico-sdk/lib/lwip/src/core/tcp.c.o
 .rodata.tcp_pcb_remove.str1.4
                0x1000ad58       0x87 CMakeFiles/final_project.dir/home/sreer/pico/pico-sdk/lib/lwip/src/core/tcp.c.o
 .rodata.tcp_abandon.str1.4
                0x1000ad58       0x4d CMakeFiles/final_project.dir/home/sreer/pico/pico-sdk/lib/lwip/src/core/tcp.c.o
 .rodata.tcp_process_refused_data.str1.4
                0x1000ad58       0x26 CMakeFiles/final_project.dir/home/sreer/pico/pico-sdk/lib/lwip/src/core/tcp.c.o
 .rodata.tcp_eff_send_mss_netif.str1.4
                0x1000ad58       0x27 CMakeFiles/final_project.dir/home/sreer/pico/pico-sdk/lib/lwip/src/core/tcp.c.o
 .rodata.tcp_persist_backoff
                0x1000ad58        0x7 CMakeFiles/final_project.dir/home/sreer/pico/pico-sdk/lib/lwip/src/core/tcp.c.o
 *fill*         0x1000ad5f        0x1 
 .rodata.tcp_backoff
                0x1000ad60        0xd CMakeFiles/final_project.dir/home/sreer/pico/pico-sdk/lib/lwip/src/core/tcp.c.o
 .rodata.tcp_create_segment.str1.4
                0x1000ad6d       0x59 CMakeFiles/final_project.dir/home/sreer/pico/pico-sdk/lib/lwip/src/core/tcp_out.c.o
 .rodata.tcp_output_fill_options.part.0.str1.4
                0x1000ad6d       0x13 CMakeFiles/final_project.dir/home/sreer/pico/pico-sdk/lib/lwip/src/core/tcp_out.c.o
 .rodata.tcp_output_control_segment.str1.4
                0x1000ad6d       0x29 CMakeFiles/final_project.dir/home/sreer/pico/pico-sdk/lib/lwip/src/core/tcp_out.c.o
 .rodata.tcp_output_alloc_header.constprop.0.str1.4
                0x1000ad6d       0x56 CMakeFiles/final_project.dir/home/sreer/pico/pico-sdk/lib/lwip/src/core/tcp_out.c.o
 .rodata.tcp_split_unsent_seg.str1.4
                0x1000ad6d       0x55 CMakeFiles/final_project.dir/home/sreer/pico/pico-sdk/lib/lwip/src/core/tcp_out.c.o
 .rodata.tcp_send_fin.str1.4
                0x1000ad6d       0x88 CMakeFiles/final_project.dir/home/sreer/pico/pico-sdk/lib/lwip/src/core/tcp_out.c.o
 .rodata.tcp_rexmit_rto_prepare.str1.4
                0x1000ad6d       0x24 CMakeFiles/final_project.dir/home/sreer/pico/pico-sdk/lib/lwip/src/core/tcp_out.c.o
 .rodata.tcp_rst.str1.4
                0x1000ad6d       0x37 CMakeFiles/final_project.dir/home/sreer/pico/pico-sdk/lib/lwip/src/core/tcp_out.c.o
 .rodata.tcp_send_empty_ack.str1.4
                0x1000ad6d       0x20 CMakeFiles/final_project.dir/home/sreer/pico/pico-sdk/lib/lwip/src/core/tcp_out.c.o
 .rodata.tcp_output.str1.4
                0x1000ad6d       0x57 CMakeFiles/final_project.dir/home/sreer/pico/pico-sdk/lib/lwip/src/core/tcp_out.c.o
 .rodata.tcp_rexmit_rto_commit.str1.4
                0x1000ad6d       0x23 CMakeFiles/final_project.dir/home/sreer/pico/pico-sdk/lib/lwip/src/core/tcp_out.c.o
 .rodata.tcp_keepalive.str1.4
                0x1000ad6d       0x1b CMakeFiles/final_project.dir/home/sreer/pico/pico-sdk/lib/lwip/src/core/tcp_out.c.o
 .rodata.tcp_zero_window_probe.str1.4
                0x1000ad6d       0x23 CMakeFiles/final_project.dir/home/sreer/pico/pico-sdk/lib/lwip/src/core/tcp_out.c.o
 .rodata.tcpip_tcp_timer.str1.4
                0x1000ad6d       0x3d CMakeFiles/final_project.dir/home/sreer/pico/pico-sdk/lib/lwip/src/core/timeouts.c.o
 .rodata.sys_timeouts_init.str1.4
                0x1000ad6d       0x36 CMakeFiles/final_project.dir/home/sreer/pico/pico-sdk/lib/lwip/src/core/timeouts.c.o
 *fill*         0x1000ad6d        0x3 
 .rodata.lwip_cyclic_timers
                0x1000ad70       0x30 CMakeFiles/final_project.dir/home/sreer/pico/pico-sdk/lib/lwip/src/core/timeouts.c.o
                0x1000ad70                lwip_cyclic_timers
 .rodata.udp_bind.str1.4
                0x1000ada0       0x16 CMakeFiles/final_project.dir/home/sreer/pico/pico-sdk/lib/lwip/src/core/udp.c.o
 .rodata.udp_sendto_if_src.str1.4
                0x1000ada0       0xda CMakeFiles/final_project.dir/home/sreer/pico/pico-sdk/lib/lwip/src/core/udp.c.o
 .rodata.udp_sendto_if.str1.4
                0x1000ada0       0x75 CMakeFiles/final_project.dir/home/sreer/pico/pico-sdk/lib/lwip/src/core/udp.c.o
 .rodata.udp_connect.str1.4
                0x1000ada0       0x38 CMakeFiles/final_project.dir/home/sreer/pico/pico-sdk/lib/lwip/src/core/udp.c.o
 .rodata.udp_recv.str1.4
                0x1000ada0       0x16 CMakeFiles/final_project.dir/home/sreer/pico/pico-sdk/lib/lwip/src/core/udp.c.o
 .rodata.udp_remove.str1.4
                0x1000ada0       0x18 CMakeFiles/final_project.dir/home/sreer/pico/pico-sdk/lib/lwip/src/core/udp.c.o
 .rodata.dhcp_create_msg.str1.4
                0x1000ada0       0x80 CMakeFiles/final_project.dir/home/sreer/pico/pico-sdk/lib/lwip/src/core/ipv4/dhcp.c.o
 .rodata.dhcp_bind.str1.4
                0x1000ada0       0x34 CMakeFiles/final_project.dir/home/sreer/pico/pico-sdk/lib/lwip/src/core/ipv4/dhcp.c.o
 .rodata.dhcp_inc_pcb_refcount.str1.4
                0x1000ada0       0x25 CMakeFiles/final_project.dir/home/sreer/pico/pico-sdk/lib/lwip/src/core/ipv4/dhcp.c.o
 .rodata.dhcp_discover.str1.4
                0x1000ada0       0x42 CMakeFiles/final_project.dir/home/sreer/pico/pico-sdk/lib/lwip/src/core/ipv4/dhcp.c.o
 .rodata.dhcp_select.isra.0.str1.4
                0x1000ada0       0x36 CMakeFiles/final_project.dir/home/sreer/pico/pico-sdk/lib/lwip/src/core/ipv4/dhcp.c.o
 .rodata.dhcp_conflict_callback.str1.4
                0x1000ada0       0x35 CMakeFiles/final_project.dir/home/sreer/pico/pico-sdk/lib/lwip/src/core/ipv4/dhcp.c.o
 .rodata.dhcp_set_struct.str1.4
                0x1000ada0       0x44 CMakeFiles/final_project.dir/home/sreer/pico/pico-sdk/lib/lwip/src/core/ipv4/dhcp.c.o
 .rodata.dhcp_inform.str1.4
                0x1000ada0       0x24 CMakeFiles/final_project.dir/home/sreer/pico/pico-sdk/lib/lwip/src/core/ipv4/dhcp.c.o
 .rodata.dhcp_start.str1.4
                0x1000ada0       0x21 CMakeFiles/final_project.dir/home/sreer/pico/pico-sdk/lib/lwip/src/core/ipv4/dhcp.c.o
 .rodata.etharp_raw.str1.4
                0x1000ada0       0x85 CMakeFiles/final_project.dir/home/sreer/pico/pico-sdk/lib/lwip/src/core/ipv4/etharp.c.o
 .rodata.icmp_dest_unreach.str1.4
                0x1000ada0       0x2c CMakeFiles/final_project.dir/home/sreer/pico/pico-sdk/lib/lwip/src/core/ipv4/icmp.c.o
 .rodata.ipfrag_free_pbuf_custom.str1.4
                0x1000ada0        0xc CMakeFiles/final_project.dir/home/sreer/pico/pico-sdk/lib/lwip/src/core/ipv4/ip4_frag.c.o
 .rodata.ip_reass_free_complete_datagram.str1.4
                0x1000ada0       0x7e CMakeFiles/final_project.dir/home/sreer/pico/pico-sdk/lib/lwip/src/core/ipv4/ip4_frag.c.o
 .rodata.ip4_frag.str1.4
                0x1000ada0       0x4b CMakeFiles/final_project.dir/home/sreer/pico/pico-sdk/lib/lwip/src/core/ipv4/ip4_frag.c.o
 .rodata.ip4_output_if.str1.4
                0x1000ada0       0x39 CMakeFiles/final_project.dir/home/sreer/pico/pico-sdk/lib/lwip/src/core/ipv4/ip4.c.o
 .rodata.ip_addr_broadcast
                0x1000ada0        0x4 CMakeFiles/final_project.dir/home/sreer/pico/pico-sdk/lib/lwip/src/core/ipv4/ip4_addr.c.o
                0x1000ada0                ip_addr_broadcast
 .rodata.ip_addr_any
                0x1000ada4        0x4 CMakeFiles/final_project.dir/home/sreer/pico/pico-sdk/lib/lwip/src/core/ipv4/ip4_addr.c.o
                0x1000ada4                ip_addr_any
 .rodata.acd_add.str1.4
                0x1000ada8       0x1e CMakeFiles/final_project.dir/home/sreer/pico/pico-sdk/lib/lwip/src/core/ipv4/acd.c.o
 .rodata.acd_remove.str1.4
                0x1000ada8       0x1f CMakeFiles/final_project.dir/home/sreer/pico/pico-sdk/lib/lwip/src/core/ipv4/acd.c.o
 .rodata.ethernet_output.str1.4
                0x1000ada8       0x31 CMakeFiles/final_project.dir/home/sreer/pico/pico-sdk/lib/lwip/src/netif/ethernet.c.o
 .rodata.ethzero
                0x1000ada8        0x6 CMakeFiles/final_project.dir/home/sreer/pico/pico-sdk/lib/lwip/src/netif/ethernet.c.o
                0x1000ada8                ethzero
 *fill*         0x1000adae        0x2 
 .rodata.ethbroadcast
                0x1000adb0        0x6 CMakeFiles/final_project.dir/home/sreer/pico/pico-sdk/lib/lwip/src/netif/ethernet.c.o
                0x1000adb0                ethbroadcast
 *fill*         0x1000adb6        0x2 
 .rodata.spi_gap01_sample0_program
                0x1000adb8        0x8 CMakeFiles/final_project.dir/home/sreer/pico/pico-sdk/src/rp2_common/pico_cyw43_driver/cyw43_bus_pio_spi.c.o
 .rodata.spi_gap01_sample0_program_instructions
                0x1000adc0        0xc CMakeFiles/final_project.dir/home/sreer/pico/pico-sdk/src/rp2_common/pico_cyw43_driver/cyw43_bus_pio_spi.c.o
 .rodata.async_context_threadsafe_background_lock_check.str1.4
                0x1000adcc       0x20 CMakeFiles/final_project.dir/home/sreer/pico/pico-sdk/src/rp2_common/pico_async_context/async_context_threadsafe_background.c.o
 .rodata.template
                0x1000adcc       0x38 CMakeFiles/final_project.dir/home/sreer/pico/pico-sdk/src/rp2_common/pico_async_context/async_context_threadsafe_background.c.o
 *(.srodata*)
                0x1000ae04                        . = ALIGN (0x4)
 *(SORT_BY_ALIGNMENT(SORT_BY_NAME(.flashdata*)))
                0x1000ae04                        . = ALIGN (0x4)

.ARM.extab
 *(.ARM.extab* .gnu.linkonce.armextab.*)
                0x1000ae04                        __exidx_start = .

.ARM.exidx      0x1000ae04        0x8
 *(.ARM.exidx* .gnu.linkonce.armexidx.*)
 .ARM.exidx     0x1000ae04        0x8 /usr/lib/gcc/arm-none-eabi/13.2.1/../../../arm-none-eabi/lib/thumb/v8-m.main+fp/softfp/libg.a(libc_a-memcpy.o)
 .ARM.exidx     0x1000ae0c        0x0 /usr/lib/gcc/arm-none-eabi/13.2.1/thumb/v8-m.main+fp/softfp/libgcc.a(_udivmoddi4.o)
                                  0x8 (size before relaxing)
                0x1000ae0c                        __exidx_end = .
                0x1000ae0c                        . = ALIGN (0x4)
                0x1000ae0c                        __binary_info_start = .

.binary_info    0x1000ae0c       0x28
 *(.binary_info.keep.*)
 .binary_info.keep.__bi_ptr84
                0x1000ae0c        0x4 CMakeFiles/final_project.dir/home/sreer/pico/pico-sdk/src/rp2_common/pico_standard_binary_info/standard_binary_info.c.o
 .binary_info.keep.__bi_ptr78
                0x1000ae10        0x4 CMakeFiles/final_project.dir/home/sreer/pico/pico-sdk/src/rp2_common/pico_standard_binary_info/standard_binary_info.c.o
 .binary_info.keep.__bi_ptr54
                0x1000ae14        0x4 CMakeFiles/final_project.dir/home/sreer/pico/pico-sdk/src/rp2_common/pico_standard_binary_info/standard_binary_info.c.o
 .binary_info.keep.__bi_ptr48
                0x1000ae18        0x4 CMakeFiles/final_project.dir/home/sreer/pico/pico-sdk/src/rp2_common/pico_standard_binary_info/standard_binary_info.c.o
 .binary_info.keep.__bi_ptr42
                0x1000ae1c        0x4 CMakeFiles/final_project.dir/home/sreer/pico/pico-sdk/src/rp2_common/pico_standard_binary_info/standard_binary_info.c.o
 .binary_info.keep.__bi_ptr34
                0x1000ae20        0x4 CMakeFiles/final_project.dir/home/sreer/pico/pico-sdk/src/rp2_common/pico_standard_binary_info/standard_binary_info.c.o
 .binary_info.keep.__bi_ptr26
                0x1000ae24        0x4 CMakeFiles/final_project.dir/home/sreer/pico/pico-sdk/src/rp2_common/pico_standard_binary_info/standard_binary_info.c.o
 *(.binary_info.*)
 .binary_info.__bi_ptr50
                0x1000ae28        0x4 CMakeFiles/final_project.dir/home/sreer/pico/pico-sdk/src/rp2_common/pico_stdio_uart/stdio_uart.c.o
 .binary_info.__bi_ptr49
                0x1000ae2c        0x4 CMakeFiles/final_project.dir/home/sreer/pico/pico-sdk/src/rp2_common/pico_stdio_uart/stdio_uart.c.o
 .binary_info.__bi_ptr45
                0x1000ae30        0x4 CMakeFiles/final_project.dir/home/sreer/pico/pico-sdk/src/rp2_common/pico_stdio_uart/stdio_uart.c.o
                0x1000ae34                        __binary_info_end = .
                0x1000ae34                        . = ALIGN (0x4)

.ram_vector_table
                0x20000000      0x110
 *(.ram_vector_table)
 .ram_vector_table
                0x20000000      0x110 CMakeFiles/final_project.dir/home/sreer/pico/pico-sdk/src/rp2_common/pico_runtime_init/runtime_init.c.o
                0x20000000                ram_vector_table

.uninitialized_data
                0x20000110       0x10
                0x20000110                        . = ALIGN (0x4)
 *(.uninitialized_data*)
 .uninitialized_data.rng_state
                0x20000110       0x10 CMakeFiles/final_project.dir/home/sreer/pico/pico-sdk/src/rp2_common/pico_rand/rand.c.o

.data           0x20000120      0x728 load address 0x1000ae34
                0x20000120                        __data_start__ = .
 *(vtable)
 *(.time_critical*)
 .time_critical.sem_acquire_block_until
                0x20000120       0x64 CMakeFiles/final_project.dir/home/sreer/pico/pico-sdk/src/common/pico_sync/sem.c.o
                0x20000120                sem_acquire_block_until
 .time_critical.sem_release
                0x20000184       0x5c CMakeFiles/final_project.dir/home/sreer/pico/pico-sdk/src/common/pico_sync/sem.c.o
                0x20000184                sem_release
 .time_critical.recursive_mutex_enter_blocking
                0x200001e0       0x8c CMakeFiles/final_project.dir/home/sreer/pico/pico-sdk/src/common/pico_sync/mutex.c.o
                0x200001e0                recursive_mutex_enter_blocking
 .time_critical.recursive_mutex_try_enter
                0x2000026c       0x58 CMakeFiles/final_project.dir/home/sreer/pico/pico-sdk/src/common/pico_sync/mutex.c.o
                0x2000026c                recursive_mutex_try_enter
 .time_critical.mutex_enter_block_until
                0x200002c4       0x70 CMakeFiles/final_project.dir/home/sreer/pico/pico-sdk/src/common/pico_sync/mutex.c.o
                0x200002c4                mutex_enter_block_until
 .time_critical.mutex_try_enter_block_until
                0x20000334       0x6c CMakeFiles/final_project.dir/home/sreer/pico/pico-sdk/src/common/pico_sync/mutex.c.o
                0x20000334                mutex_try_enter_block_until
 .time_critical.mutex_exit
                0x200003a0       0x3c CMakeFiles/final_project.dir/home/sreer/pico/pico-sdk/src/common/pico_sync/mutex.c.o
                0x200003a0                mutex_exit
 .time_critical.recursive_mutex_exit
                0x200003dc       0x50 CMakeFiles/final_project.dir/home/sreer/pico/pico-sdk/src/common/pico_sync/mutex.c.o
                0x200003dc                recursive_mutex_exit
 *(.text*)
 .text          0x2000042c       0x30 /usr/lib/gcc/arm-none-eabi/13.2.1/thumb/v8-m.main+fp/softfp/libgcc.a(_aeabi_uldivmod.o)
                0x2000042c                __aeabi_uldivmod
 .text          0x2000045c      0x300 /usr/lib/gcc/arm-none-eabi/13.2.1/thumb/v8-m.main+fp/softfp/libgcc.a(_udivmoddi4.o)
                0x2000045c                __udivmoddi4
 .text          0x2000075c        0x4 /usr/lib/gcc/arm-none-eabi/13.2.1/thumb/v8-m.main+fp/softfp/libgcc.a(_dvmd_tls.o)
                0x2000075c                __aeabi_ldiv0
                0x2000075c                __aeabi_idiv0
 .text.__stub   0x20000760        0x8 linker stubs
                0x20000768                        . = ALIGN (0x4)
 *(.rodata*)
                0x20000768                        . = ALIGN (0x4)
 *(.data*)
 .data.striped_spin_lock_num
                0x20000768        0x1 CMakeFiles/final_project.dir/home/sreer/pico/pico-sdk/src/rp2_common/hardware_sync/sync.c.o
 *fill*         0x20000769        0x3 
 .data          0x2000076c       0x48 CMakeFiles/final_project.dir/home/sreer/pico/pico-sdk/src/rp2_common/hardware_irq/irq_handler_chain.S.o
                0x2000076c                irq_handler_chain_slots
                0x2000079c                irq_handler_chain_first_slot
                0x200007a6                irq_handler_chain_remove_tail
 .data.default_alarm_pool
                0x200007b4       0x18 CMakeFiles/final_project.dir/home/sreer/pico/pico-sdk/src/common/pico_time/time.c.o
 .data.stdio_uart
                0x200007cc       0x18 CMakeFiles/final_project.dir/home/sreer/pico/pico-sdk/src/rp2_common/pico_stdio_uart/stdio_uart.c.o
                0x200007cc                stdio_uart
 *fill*         0x200007e4        0x4 
 .data.lwip_timeout_worker