Archive member included to satisfy reference by file (symbol)

/usr/lib/gcc/arm-none-eabi/13.2.1/../../../arm-none-eabi/lib/thumb/v8-m.main+fp/softfp/libm.a(libm_a-wf_sqrt.o)
                              CMakeFiles/final_project.dir/home/sreer/pico/pico-sdk/src/rp2_common/pico_float/float_math.c.o (sqrtf)
/usr/lib/gcc/arm-none-eabi/13.2.1/../../../arm-none-eabi/lib/thumb/v8-m.main+fp/softfp/libm.a(libm_a-ef_sqrt.o)
                              /usr/lib/gcc/arm-none-eabi/13.2.1/../../../arm-none-eabi/lib/thumb/v8-m.main+fp/softfp/libm.a(libm_a-wf_sqrt.o) (__ieee754_sqrtf)
/usr/lib/gcc/arm-none-eabi/13.2.1/thumb/v8-m.main+fp/softfp/libgcc.a(_arm_addsubdf3.o)
                              CMakeFiles/final_project.dir/src/includes/src/tasks.c.o (__aeabi_f2d)
/usr/lib/gcc/arm-none-eabi/13.2.1/thumb/v8-m.main+fp/softfp/libgcc.a(_aeabi_ldivmod.o)
                              CMakeFiles/final_project.dir/home/sreer/pico/pico-sdk/src/common/pico_time/time.c.o (__aeabi_ldivmod)
/usr/lib/gcc/arm-none-eabi/13.2.1/thumb/v8-m.main+fp/softfp/libgcc.a(_aeabi_uldivmod.o)
                              CMakeFiles/final_project.dir/home/sreer/pico/pico-sdk/src/rp2_common/hardware_clocks/clocks.c.o (__aeabi_uldivmod)
/usr/lib/gcc/arm-none-eabi/13.2.1/thumb/v8-m.main+fp/softfp/libgcc.a(_udivmoddi4.o)
                              /usr/lib/gcc/arm-none-eabi/13.2.1/thumb/v8-m.main+fp/softfp/libgcc.a(_aeabi_ldivmod.o) (__udivmoddi4)
/usr/lib/gcc/arm-none-eabi/13.2.1/thumb/v8-m.main+fp/softfp/libgcc.a(_dvmd_tls.o)
                              /usr/lib/gcc/arm-none-eabi/13.2.1/thumb/v8-m.main+fp/softfp/libgcc.a(_aeabi_ldivmod.o) (__aeabi_ldiv0)
/usr/lib/gcc/arm-none-eabi/13.2.1/../../../arm-none-eabi/lib/thumb/v8-m.main+fp/softfp/libg.a(libc_a-memset.o)
                              /usr/lib/gcc/arm-none-eabi/13.2.1/../../../arm-none-eabi/lib/thumb/v8-m.main+fp/softfp/crt0.o (memset)
/usr/lib/gcc/arm-none-eabi/13.2.1/../../../arm-none-eabi/lib/thumb/v8-m.main+fp/softfp/libg.a(libc_a-calloc.o)
                              CMakeFiles/final_project.dir/home/sreer/pico/pico-sdk/src/rp2_common/pico_malloc/malloc.c.o (calloc)
/usr/lib/gcc/arm-none-eabi/13.2.1/../../../arm-none-eabi/lib/thumb/v8-m.main+fp/softfp/libg.a(libc_a-errno.o)
                              /usr/lib/gcc/arm-none-eabi/13.2.1/../../../arm-none-eabi/lib/thumb/v8-m.main+fp/softfp/libm.a(libm_a-wf_sqrt.o) (__errno)
/usr/lib/gcc/arm-none-eabi/13.2.1/../../../arm-none-eabi/lib/thumb/v8-m.main+fp/softfp/libg.a(libc_a-impure.o)
                              /usr/lib/gcc/arm-none-eabi/13.2.1/../../../arm-none-eabi/lib/thumb/v8-m.main+fp/softfp/libg.a(libc_a-calloc.o) (_impure_ptr)
/usr/lib/gcc/arm-none-eabi/13.2.1/../../../arm-none-eabi/lib/thumb/v8-m.main+fp/softfp/libg.a(libc_a-callocr.o)
                              /usr/lib/gcc/arm-none-eabi/13.2.1/../../../arm-none-eabi/lib/thumb/v8-m.main+fp/softfp/libg.a(libc_a-calloc.o) (_calloc_r)
/usr/lib/gcc/arm-none-eabi/13.2.1/../../../arm-none-eabi/lib/thumb/v8-m.main+fp/softfp/libg.a(libc_a-realloc.o)
                              CMakeFiles/final_project.dir/home/sreer/pico/pico-sdk/src/rp2_common/pico_malloc/malloc.c.o (realloc)
/usr/lib/gcc/arm-none-eabi/13.2.1/../../../arm-none-eabi/lib/thumb/v8-m.main+fp/softfp/libg.a(libc_a-mallocr.o)
                              /usr/lib/gcc/arm-none-eabi/13.2.1/../../../arm-none-eabi/lib/thumb/v8-m.main+fp/softfp/libg.a(libc_a-callocr.o) (_malloc_r)
/usr/lib/gcc/arm-none-eabi/13.2.1/../../../arm-none-eabi/lib/thumb/v8-m.main+fp/softfp/libg.a(libc_a-freer.o)
                              /usr/lib/gcc/arm-none-eabi/13.2.1/../../../arm-none-eabi/lib/thumb/v8-m.main+fp/softfp/libg.a(libc_a-mallocr.o) (_free_r)
/usr/lib/gcc/arm-none-eabi/13.2.1/../../../arm-none-eabi/lib/thumb/v8-m.main+fp/softfp/libg.a(libc_a-memcmp.o)
                              CMakeFiles/final_project.dir/home/sreer/pico/pico-sdk/src/rp2_common/pico_atomic/atomic.c.o (memcmp)
/usr/lib/gcc/arm-none-eabi/13.2.1/../../../arm-none-eabi/lib/thumb/v8-m.main+fp/softfp/libg.a(libc_a-malloc.o)
                              CMakeFiles/final_project.dir/home/sreer/pico/pico-sdk/src/rp2_common/pico_malloc/malloc.c.o (malloc)
/usr/lib/gcc/arm-none-eabi/13.2.1/../../../arm-none-eabi/lib/thumb/v8-m.main+fp/softfp/libg.a(libc_a-memcpy.o)
                              CMakeFiles/final_project.dir/home/sreer/pico/pico-sdk/src/common/pico_util/queue.c.o (memcpy)
/usr/lib/gcc/arm-none-eabi/13.2.1/../../../arm-none-eabi/lib/thumb/v8-m.main+fp/softfp/libg.a(libc_a-sysconf.o)
                              /usr/lib/gcc/arm-none-eabi/13.2.1/../../../arm-none-eabi/lib/thumb/v8-m.main+fp/softfp/libg.a(libc_a-mallocr.o) (sysconf)
/usr/lib/gcc/arm-none-eabi/13.2.1/../../../arm-none-eabi/lib/thumb/v8-m.main+fp/softfp/libg.a(libc_a-init.o)
                              /usr/lib/gcc/arm-none-eabi/13.2.1/../../../arm-none-eabi/lib/thumb/v8-m.main+fp/softfp/crt0.o (__libc_init_array)
[...]
Memory Configuration

Name             Origin             Length             Attributes
FLASH            0x10000000         0x00400000         xr
RAM              0x20000000         0x00080000         xrw
SCRATCH_X        0x20080000         0x00001000         xrw
SCRATCH_Y        0x20081000         0x00001000         xrw
*default*        0x00000000         0xffffffff

Linker script and memory map

LOAD /usr/lib/gcc/arm-none-eabi/13.2.1/thumb/v8-m.main+fp/softfp/crti.o
LOAD /usr/lib/gcc/arm-none-eabi/13.2.1/thumb/v8-m.main+fp/softfp/crtbegin.o
LOAD /usr/lib/gcc/arm-none-eabi/13.2.1/../../../arm-none-eabi/lib/thumb/v8-m.main+fp/softfp/crt0.o

.flash_begin    0x10000000        0x0
                0x10000000                        __flash_binary_start = .

.text           0x10000000     0xbc50
                0x10000000                        __logical_binary_start = .
 *(.vectors)
 .vectors       0x10000000      0x124 CMakeFiles/final_project.dir/home/sreer/pico/pico-sdk/src/rp2_common/pico_crt0/crt0.S.o
                0x10000000                __vectors
                0x10000000                __VECTOR_TABLE
                0x10000110                isr_securefault
                0x10000110                isr_irq30
                0x10000110                __unhandled_user_irq
                0x10000110                isr_irq49
                0x10000110                isr_irq13
                0x10000110                isr_irq43
                0x10000110                isr_irq45
                0x10000110                isr_irq27
                0x10000110                isr_irq32
                0x10000110                isr_irq31
                0x10000110                isr_irq5
                0x10000110                isr_irq11
                0x10000110                isr_irq23
                0x10000110                isr_usagefault
                0x10000110                isr_irq48
                0x10000110                isr_irq35
                0x10000110                isr_irq18
                0x10000110                isr_irq50
                0x10000110                isr_irq40
                0x10000110                isr_irq28
                0x10000110                isr_irq19
                0x10000110                isr_irq36
                0x10000110                isr_irq41
                0x10000110                isr_irq0
                0x10000110                isr_irq6
                0x10000110                isr_memmanage
                0x10000110                isr_irq37
                0x10000110                isr_irq42
                0x10000110                isr_irq22
                0x10000110                isr_irq17
                0x10000110                isr_irq38
                0x10000110                isr_irq14
                0x10000110                __vectors_end
                0x10000110                __default_isrs_start
                0x10000110                isr_irq2
                0x10000110                isr_irq10
                0x10000110                isr_irq8
                0x10000110                isr_debugmonitor
                0x10000110                isr_irq24
                0x10000110                isr_irq46
                0x10000110                isr_irq1
                0x10000110                isr_irq47
                0x10000110                isr_irq51
                0x10000110                isr_irq7
                0x10000110                isr_irq21
                0x10000110                isr_irq39
                0x10000110                isr_irq20
                0x10000110                isr_irq15
                0x10000110                isr_irq25
                0x10000110                isr_irq34
                0x10000110                isr_irq4
                0x10000110                isr_busfault
                0x10000110                isr_irq16
                0x10000110                isr_irq44
                0x10000110                isr_irq29
                0x10000110                isr_irq26
                0x10000110                isr_irq33
                0x10000110                isr_irq3
                0x10000110                isr_irq12
                0x10000110                isr_irq9
                0x10000116                unhandled_user_irq_num_in_r0
                0x10000118                isr_invalid
                0x1000011a                isr_nmi
                0x1000011c                isr_hardfault
                0x1000011e                isr_svcall
                0x10000120                isr_pendsv
                0x10000122                isr_systick
                0x10000124                __default_isrs_end
 *(.binary_info_header)
 .binary_info_header
                0x10000124       0x14 CMakeFiles/final_project.dir/home/sreer/pico/pico-sdk/src/rp2_common/pico_crt0/crt0.S.o
                0x10000138                        __binary_info_header_end = .
 *(.embedded_block)
 .embedded_block
                0x10000138       0x14 CMakeFiles/final_project.dir/home/sreer/pico/pico-sdk/src/rp2_common/pico_crt0/crt0.S.o
                0x1000014c                        __embedded_block_end = .
 *(.reset)
 .reset         0x1000014c       0x98 CMakeFiles/final_project.dir/home/sreer/pico/pico-sdk/src/rp2_common/pico_crt0/crt0.S.o
                0x1000014c                _entry_point
 *(.init)
 .init          0x100001e4        0x4 /usr/lib/gcc/arm-none-eabi/13.2.1/thumb/v8-m.main+fp/softfp/crti.o
                0x100001e4                _init
 *libgcc.a:cmse_nonsecure_call.o()
 *(EXCLUDE_FILE(*libm.a: *libc.a:*lib_a-mem*.o *libgcc.a:) .text*)
 .text          0x100001e8       0x8c /usr/lib/gcc/arm-none-eabi/13.2.1/thumb/v8-m.main+fp/softfp/crtbegin.o
 .text.startup.main
                0x10000274       0xe4 CMakeFiles/final_project.dir/src/main.c.o
                0x10000274                main
 .text.set_switch
                0x10000358       0x18 CMakeFiles/final_project.dir/src/includes/src/components.c.o
                0x10000358                set_switch
 .text.initialize_leds
                0x10000370       0x14 CMakeFiles/final_project.dir/src/includes/src/components.c.o
                0x10000370                initialize_leds
 .text.adc_start
                0x10000384       0x3c CMakeFiles/final_project.dir/src/includes/src/adc_init.c.o
                0x10000384                adc_start
 .text.lcd_init
                0x100003c0      0x318 CMakeFiles/final_project.dir/src/includes/src/lcd_init.c.o
                0x100003c0                lcd_init
 .text.lcd_clear
                0x100006d8       0x94 CMakeFiles/final_project.dir/src/includes/src/lcd_init.c.o
                0x100006d8                lcd_clear
 .text.lcd_set_cursor
                0x1000076c       0xb4 CMakeFiles/final_project.dir/src/includes/src/lcd_init.c.o
                0x1000076c                lcd_set_cursor
 .text.lcd_print
                0x10000820       0xac CMakeFiles/final_project.dir/src/includes/src/lcd_init.c.o
                0x10000820                lcd_print
 .text.main_init
                0x100008cc       0x54 CMakeFiles/final_project.dir/src/includes/src/main_init.c.o
                0x100008cc                main_init
 .text.dac_sample_irq
                0x10000920       0x48 CMakeFiles/final_project.dir/src/includes/src/chime.c.o
 .text.chime_start
                0x10000968       0x3c CMakeFiles/final_project.dir/src/includes/src/chime.c.o
                0x10000968                chime_start
 .text.chime_stop
                0x100009a4       0x18 CMakeFiles/final_project.dir/src/includes/src/chime.c.o
                0x100009a4                chime_stop
 .text.spi_start
                0x100009bc       0x64 CMakeFiles/final_project.dir/src/includes/src/chime.c.o
                0x100009bc                spi_start
 .text.generate_sine
                0x10000a20       0xa4 CMakeFiles/final_project.dir/src/includes/src/chime.c.o
                0x10000a20                generate_sine
 .text.Heartbeat_Task
                0x10000ac4      0x170 CMakeFiles/final_project.dir/src/includes/src/tasks.c.o
                0x10000ac4                Heartbeat_Task
 .text.button_isr
                0x10000c34       0x2c CMakeFiles/final_project.dir/src/includes/src/tasks.c.o
                0x10000c34                button_isr
 .text.Button_Task
                0x10000c60       0xd4 CMakeFiles/final_project.dir/src/includes/src/tasks.c.o
                0x10000c60                Button_Task
 .text.Switch_Task
                0x10000d34      0x288 CMakeFiles/final_project.dir/src/includes/src/tasks.c.o
                0x10000d34                Switch_Task
 .text.Chime_Task
                0x10000fbc       0x3c CMakeFiles/final_project.dir/src/includes/src/tasks.c.o
                0x10000fbc                Chime_Task
 .text.gpio_default_irq_handler
                0x10000ff8      0x1b4 CMakeFiles/final_project.dir/home/sreer/pico/pico-sdk/src/rp2_common/hardware_gpio/gpio.c.o
 .text.gpio_set_function
                0x100011ac       0x3c CMakeFiles/final_project.dir/home/sreer/pico/pico-sdk/src/rp2_common/hardware_gpio/gpio.c.o
                0x100011ac                gpio_set_function
 .text.gpio_set_pulls
                0x100011e8       0x28 CMakeFiles/final_project.dir/home/sreer/pico/pico-sdk/src/rp2_common/hardware_gpio/gpio.c.o
                0x100011e8                gpio_set_pulls
 .text.gpio_set_irq_enabled_with_callback
                0x10001210       0xac CMakeFiles/final_project.dir/home/sreer/pico/pico-sdk/src/rp2_common/hardware_gpio/gpio.c.o
                0x10001210                gpio_set_irq_enabled_with_callback
 .text.gpio_set_input_enabled
                0x100012bc       0x20 CMakeFiles/final_project.dir/home/sreer/pico/pico-sdk/src/rp2_common/hardware_gpio/gpio.c.o
                0x100012bc                gpio_set_input_enabled
 .text.gpio_init
                0x100012dc       0x48 CMakeFiles/final_project.dir/home/sreer/pico/pico-sdk/src/rp2_common/hardware_gpio/gpio.c.o
                0x100012dc                gpio_init
 .text.panic    0x10001324       0x30 CMakeFiles/final_project.dir/home/sreer/pico/pico-sdk/src/rp2_common/pico_platform_panic/panic.c.o
                0x10001324                panic
 .text.hw_claim_lock
                0x10001354       0x24 CMakeFiles/final_project.dir/home/sreer/pico/pico-sdk/src/common/hardware_claim/claim.c.o
                0x10001354                hw_claim_lock
 .text.hw_claim_unlock
                0x10001378       0x14 CMakeFiles/final_project.dir/home/sreer/pico/pico-sdk/src/common/hardware_claim/claim.c.o
                0x10001378                hw_claim_unlock
 .text.hw_claim_or_assert
                0x1000138c       0x58 CMakeFiles/final_project.dir/home/sreer/pico/pico-sdk/src/common/hardware_claim/claim.c.o
                0x1000138c                hw_claim_or_assert
 .text.hw_claim_unused_from_range
                0x100013e4       0x9c CMakeFiles/final_project.dir/home/sreer/pico/pico-sdk/src/common/hardware_claim/claim.c.o
                0x100013e4                hw_claim_unused_from_range
 .text.next_striped_spin_lock_num
                0x10001480       0x18 CMakeFiles/final_project.dir/home/sreer/pico/pico-sdk/src/rp2_common/hardware_sync/sync.c.o
                0x10001480                next_striped_spin_lock_num
 .text.spin_lock_claim
                0x10001498       0x14 CMakeFiles/final_project.dir/home/sreer/pico/pico-sdk/src/rp2_common/hardware_sync/sync.c.o
                0x10001498                spin_lock_claim
 .text.spin_lock_claim_unused
                0x100014ac       0x20 CMakeFiles/final_project.dir/home/sreer/pico/pico-sdk/src/rp2_common/hardware_sync/sync.c.o
                0x100014ac                spin_lock_claim_unused
 .text.spinlock_set_extexclall
                0x100014cc       0x10 CMakeFiles/final_project.dir/home/sreer/pico/pico-sdk/src/rp2_common/hardware_sync_spin_lock/sync_spin_lock.c.o
 .text.spin_locks_reset
                0x100014dc       0x18 CMakeFiles/final_project.dir/home/sreer/pico/pico-sdk/src/rp2_common/hardware_sync_spin_lock/sync_spin_lock.c.o
                0x100014dc                spin_locks_reset
 .text.runtime_init_per_core_irq_priorities
                0x100014f4       0x40 CMakeFiles/final_project.dir/home/sreer/pico/pico-sdk/src/rp2_common/hardware_irq/irq.c.o
                0x100014f4                runtime_init_per_core_irq_priorities
 .text.irq_set_enabled
                0x10001534       0x2c CMakeFiles/final_project.dir/home/sreer/pico/pico-sdk/src/rp2_common/hardware_irq/irq.c.o
                0x10001534                irq_set_enabled
 .text.irq_is_enabled
                0x10001560       0x20 CMakeFiles/final_project.dir/home/sreer/pico/pico-sdk/src/rp2_common/hardware_irq/irq.c.o
                0x10001560                irq_is_enabled
 .text.irq_set_pending
                0x10001580       0x18 CMakeFiles/final_project.dir/home/sreer/pico/pico-sdk/src/rp2_common/hardware_irq/irq.c.o
                0x10001580                irq_set_pending
 .text.irq_has_shared_handler
                0x10001598       0x20 CMakeFiles/final_project.dir/home/sreer/pico/pico-sdk/src/rp2_common/hardware_irq/irq.c.o
                0x10001598                irq_has_shared_handler
 .text.irq_set_exclusive_handler
                0x100015b8       0x60 CMakeFiles/final_project.dir/home/sreer/pico/pico-sdk/src/rp2_common/hardware_irq/irq.c.o
                0x100015b8                irq_set_exclusive_handler
 .text.irq_add_shared_handler
                0x10001618      0x1e8 CMakeFiles/final_project.dir/home/sreer/pico/pico-sdk/src/rp2_common/hardware_irq/irq.c.o
                0x10001618                irq_add_shared_handler
 .text.irq_remove_handler
                0x10001800      0x1fc CMakeFiles/final_project.dir/home/sreer/pico/pico-sdk/src/rp2_common/hardware_irq/irq.c.o
                0x10001800                irq_remove_handler
 .text.irq_set_priority
                0x100019fc       0x28 CMakeFiles/final_project.dir/home/sreer/pico/pico-sdk/src/rp2_common/hardware_irq/irq.c.o
                0x100019fc                irq_set_priority
 .text.irq_add_tail_to_free_list
                0x10001a24       0xbc CMakeFiles/final_project.dir/home/sreer/pico/pico-sdk/src/rp2_common/hardware_irq/irq.c.o
                0x10001a24                irq_add_tail_to_free_list
 .text.user_irq_claim_unused
                0x10001ae0       0x28 CMakeFiles/final_project.dir/home/sreer/pico/pico-sdk/src/rp2_common/hardware_irq/irq.c.o
                0x10001ae0                user_irq_claim_unused
 .text.lock_init
                0x10001b08        0xc CMakeFiles/final_project.dir/home/sreer/pico/pico-sdk/src/common/pico_sync/lock_core.c.o
                0x10001b08                lock_init
 .text.runtime_init_mutex
                0x10001b14       0x54 CMakeFiles/final_project.dir/home/sreer/pico/pico-sdk/src/common/pico_sync/mutex.c.o
                0x10001b14                runtime_init_mutex
 .text.mutex_init
                0x10001b68       0x1c CMakeFiles/final_project.dir/home/sreer/pico/pico-sdk/src/common/pico_sync/mutex.c.o
                0x10001b68                mutex_init
 .text.critical_section_init
                0x10001b84       0x1c CMakeFiles/final_project.dir/home/sreer/pico/pico-sdk/src/common/pico_sync/critical_section.c.o
                0x10001b84                critical_section_init
 .text.critical_section_init_with_lock_num
                0x10001ba0       0x10 CMakeFiles/final_project.dir/home/sreer/pico/pico-sdk/src/common/pico_sync/critical_section.c.o
                0x10001ba0                critical_section_init_with_lock_num
 .text.alarm_pool_irq_handler
                0x10001bb0      0x2f0 CMakeFiles/final_project.dir/home/sreer/pico/pico-sdk/src/common/pico_time/time.c.o
 .text.sleep_until_callback
                0x10001ea0       0x34 CMakeFiles/final_project.dir/home/sreer/pico/pico-sdk/src/common/pico_time/time.c.o
 .text.runtime_init_default_alarm_pool
                0x10001ed4      0x100 CMakeFiles/final_project.dir/home/sreer/pico/pico-sdk/src/common/pico_time/time.c.o
                0x10001ed4                runtime_init_default_alarm_pool
 .text.alarm_pool_get_default
                0x10001fd4        0x8 CMakeFiles/final_project.dir/home/sreer/pico/pico-sdk/src/common/pico_time/time.c.o
                0x10001fd4                alarm_pool_get_default
 .text.alarm_pool_add_alarm_at
                0x10001fdc       0xdc CMakeFiles/final_project.dir/home/sreer/pico/pico-sdk/src/common/pico_time/time.c.o
                0x10001fdc                alarm_pool_add_alarm_at
 .text.alarm_pool_add_alarm_at_force_in_context
                0x100020b8       0xc8 CMakeFiles/final_project.dir/home/sreer/pico/pico-sdk/src/common/pico_time/time.c.o
                0x100020b8                alarm_pool_add_alarm_at_force_in_context
 .text.alarm_pool_cancel_alarm
                0x10002180       0x80 CMakeFiles/final_project.dir/home/sreer/pico/pico-sdk/src/common/pico_time/time.c.o
                0x10002180                alarm_pool_cancel_alarm
 .text.alarm_pool_core_num
                0x10002200        0x4 CMakeFiles/final_project.dir/home/sreer/pico/pico-sdk/src/common/pico_time/time.c.o
                0x10002200                alarm_pool_core_num
 .text.sleep_until
                0x10002204       0xb8 CMakeFiles/final_project.dir/home/sreer/pico/pico-sdk/src/common/pico_time/time.c.o
                0x10002204                sleep_until
 .text.sleep_us
                0x100022bc       0x30 CMakeFiles/final_project.dir/home/sreer/pico/pico-sdk/src/common/pico_time/time.c.o
                0x100022bc                sleep_us
 .text.sleep_ms
                0x100022ec       0x2c CMakeFiles/final_project.dir/home/sreer/pico/pico-sdk/src/common/pico_time/time.c.o
                0x100022ec                sleep_ms
 .text.best_effort_wfe_or_timeout
                0x10002318       0xbc CMakeFiles/final_project.dir/home/sreer/pico/pico-sdk/src/common/pico_time/time.c.o
                0x10002318                best_effort_wfe_or_timeout
 .text.alarm_pool_add_repeating_timer_us
                0x100023d4      0x120 CMakeFiles/final_project.dir/home/sreer/pico/pico-sdk/src/common/pico_time/time.c.o
                0x100023d4                alarm_pool_add_repeating_timer_us
 .text.cancel_repeating_timer
                0x100024f4       0x9c CMakeFiles/final_project.dir/home/sreer/pico/pico-sdk/src/common/pico_time/time.c.o
                0x100024f4                cancel_repeating_timer
 .text.timer_hardware_alarm_claim
                0x10002590       0x24 CMakeFiles/final_project.dir/home/sreer/pico/pico-sdk/src/rp2_common/hardware_timer/timer.c.o
                0x10002590                timer_hardware_alarm_claim
 .text.timer_time_us_64
                0x100025b4       0x10 CMakeFiles/final_project.dir/home/sreer/pico/pico-sdk/src/rp2_common/hardware_timer/timer.c.o
                0x100025b4                timer_time_us_64
 .text.time_us_64
                0x100025c4       0x14 CMakeFiles/final_project.dir/home/sreer/pico/pico-sdk/src/rp2_common/hardware_timer/timer.c.o
                0x100025c4                time_us_64
 .text.busy_wait_until
                0x100025d8       0x24 CMakeFiles/final_project.dir/home/sreer/pico/pico-sdk/src/rp2_common/hardware_timer/timer.c.o
                0x100025d8                busy_wait_until
 .text.clock_configure_undivided
                0x100025fc       0xd0 CMakeFiles/final_project.dir/home/sreer/pico/pico-sdk/src/rp2_common/hardware_clocks/clocks.c.o
                0x100025fc                clock_configure_undivided
 .text.clock_get_hz
                0x100026cc        0xc CMakeFiles/final_project.dir/home/sreer/pico/pico-sdk/src/rp2_common/hardware_clocks/clocks.c.o
                0x100026cc                clock_get_hz
 .text.pll_init
                0x100026d8       0x8c CMakeFiles/final_project.dir/home/sreer/pico/pico-sdk/src/rp2_common/hardware_pll/pll.c.o
                0x100026d8                pll_init
 .text.watchdog_reboot
                0x10002764       0x98 CMakeFiles/final_project.dir/home/sreer/pico/pico-sdk/src/rp2_common/hardware_watchdog/watchdog.c.o
                0x10002764                watchdog_reboot
 .text.tick_start
                0x100027fc       0x18 CMakeFiles/final_project.dir/home/sreer/pico/pico-sdk/src/rp2_common/hardware_ticks/ticks.c.o
                0x100027fc                tick_start
 .text.rom_reboot.constprop.0.isra.0
                0x10002814       0x34 CMakeFiles/final_project.dir/home/sreer/pico/pico-sdk/src/rp2_common/pico_bootrom/bootrom.c.o
 .text.rom_func_lookup
                0x10002848       0x18 CMakeFiles/final_project.dir/home/sreer/pico/pico-sdk/src/rp2_common/pico_bootrom/bootrom.c.o
                0x10002848                rom_func_lookup
 .text.rom_reset_usb_boot_extra
                0x10002860       0x1c CMakeFiles/final_project.dir/home/sreer/pico/pico-sdk/src/rp2_common/pico_bootrom/bootrom.c.o
                0x10002860                rom_reset_usb_boot_extra
 .text.runtime_init_bootrom_locking_enable
                0x1000287c       0x14 CMakeFiles/final_project.dir/home/sreer/pico/pico-sdk/src/rp2_common/pico_bootrom/bootrom_lock.c.o
                0x1000287c                runtime_init_bootrom_locking_enable
 .text.runtime_init_boot_locks_reset
                0x10002890       0x1c CMakeFiles/final_project.dir/home/sreer/pico/pico-sdk/src/rp2_common/hardware_boot_lock/boot_lock.c.o
                0x10002890                runtime_init_boot_locks_reset
 .text.xosc_init
                0x100028ac       0x30 CMakeFiles/final_project.dir/home/sreer/pico/pico-sdk/src/rp2_common/hardware_xosc/xosc.c.o
                0x100028ac                xosc_init
 .text.first_per_core_initializer
                0x100028dc        0x4 CMakeFiles/final_project.dir/home/sreer/pico/pico-sdk/src/rp2_common/pico_runtime/runtime.c.o
 .text.hard_assertion_failure
                0x100028e0        0xc CMakeFiles/final_project.dir/home/sreer/pico/pico-sdk/src/rp2_common/pico_runtime/runtime.c.o
                0x100028e0                hard_assertion_failure
 .text.runtime_run_initializers
                0x100028ec       0x20 CMakeFiles/final_project.dir/home/sreer/pico/pico-sdk/src/rp2_common/pico_runtime/runtime.c.o
                0x100028ec                runtime_run_initializers
 .text.runtime_run_per_core_initializers
                0x1000290c       0x20 CMakeFiles/final_project.dir/home/sreer/pico/pico-sdk/src/rp2_common/pico_runtime/runtime.c.o
                0x1000290c                runtime_run_per_core_initializers
 .text.runtime_init_early_resets
                0x1000292c       0x34 CMakeFiles/final_project.dir/home/sreer/pico/pico-sdk/src/rp2_common/pico_runtime_init/runtime_init.c.o
                0x1000292c                runtime_init_early_resets
 .text.runtime_init_usb_power_down
                0x10002960       0x1c CMakeFiles/final_project.dir/home/sreer/pico/pico-sdk/src/rp2_common/pico_runtime_init/runtime_init.c.o
                0x10002960                runtime_init_usb_power_down
 .text.runtime_init_per_core_enable_coprocessors
                0x1000297c       0x1c CMakeFiles/final_project.dir/home/sreer/pico/pico-sdk/src/rp2_common/pico_runtime_init/runtime_init.c.o
                0x1000297c                runtime_init_per_core_enable_coprocessors
 .text.runtime_init_post_clock_resets
                0x10002998       0x20 CMakeFiles/final_project.dir/home/sreer/pico/pico-sdk/src/rp2_common/pico_runtime_init/runtime_init.c.o
                0x10002998                runtime_init_post_clock_resets
 .text.runtime_init_bootrom_reset
                0x100029b8       0x14 CMakeFiles/final_project.dir/home/sreer/pico/pico-sdk/src/rp2_common/pico_runtime_init/runtime_init.c.o
                0x100029b8                runtime_init_bootrom_reset
 .text.runtime_init_per_core_bootrom_reset
                0x100029cc       0x14 CMakeFiles/final_project.dir/home/sreer/pico/pico-sdk/src/rp2_common/pico_runtime_init/runtime_init.c.o
                0x100029cc                runtime_init_per_core_bootrom_reset
 .text.runtime_init_spin_locks_reset
                0x100029e0        0x4 CMakeFiles/final_project.dir/home/sreer/pico/pico-sdk/src/rp2_common/pico_runtime_init/runtime_init.c.o
                0x100029e0                runtime_init_spin_locks_reset
 .text.runtime_init_install_ram_vector_table
                0x100029e4       0x68 CMakeFiles/final_project.dir/home/sreer/pico/pico-sdk/src/rp2_common/pico_runtime_init/runtime_init.c.o
                0x100029e4                runtime_init_install_ram_vector_table
 .text.runtime_init_clocks
                0x10002a4c       0xdc CMakeFiles/final_project.dir/home/sreer/pico/pico-sdk/src/rp2_common/pico_runtime_init/runtime_init_clocks.c.o
                0x10002a4c                runtime_init_clocks
 .text.__rp2350_dcp_engaged_state_save_restore
                0x10002b28       0x3a CMakeFiles/final_project.dir/home/sreer/pico/pico-sdk/src/rp2_common/pico_double/double_aeabi_dcp.S.o
 *fill*         0x10002b62        0x2 
 .text.__wrap___aeabi_dadd
                0x10002b64       0x28 CMakeFiles/final_project.dir/home/sreer/pico/pico-sdk/src/rp2_common/pico_double/double_aeabi_dcp.S.o
                0x10002b6c                __wrap___aeabi_dadd
 .text.__wrap___aeabi_dsub
                0x10002b8c       0x28 CMakeFiles/final_project.dir/home/sreer/pico/pico-sdk/src/rp2_common/pico_double/double_aeabi_dcp.S.o
                0x10002b94                __wrap___aeabi_dsub
 .text.__wrap___aeabi_dmul
                0x10002bb4       0x4c CMakeFiles/final_project.dir/home/sreer/pico/pico-sdk/src/rp2_common/pico_double/double_aeabi_dcp.S.o
                0x10002bbc                __wrap___aeabi_dmul
 .text.__wrap___aeabi_ddiv
                0x10002c00       0x9c CMakeFiles/final_project.dir/home/sreer/pico/pico-sdk/src/rp2_common/pico_double/double_aeabi_dcp.S.o
                0x10002c08                __wrap___aeabi_ddiv
 .text.__wrap___aeabi_d2f
                0x10002c9c       0x1c CMakeFiles/final_project.dir/home/sreer/pico/pico-sdk/src/rp2_common/pico_double/double_aeabi_dcp.S.o
                0x10002ca4                double2float
                0x10002ca4                __wrap___aeabi_d2f
 .text.__wrap___aeabi_i2d
                0x10002cb8       0x24 CMakeFiles/final_project.dir/home/sreer/pico/pico-sdk/src/rp2_common/pico_double/double_aeabi_dcp.S.o
                0x10002cc0                __wrap___aeabi_i2d
                0x10002cc0                int2double
 .text.__wrap___aeabi_ui2d
                0x10002cdc       0x24 CMakeFiles/final_project.dir/home/sreer/pico/pico-sdk/src/rp2_common/pico_double/double_aeabi_dcp.S.o
                0x10002ce4                __wrap___aeabi_ui2d
                0x10002ce4                uint2double
 .text.__wrap___aeabi_d2iz
                0x10002d00       0x24 CMakeFiles/final_project.dir/home/sreer/pico/pico-sdk/src/rp2_common/pico_double/double_aeabi_dcp.S.o
                0x10002d08                __wrap___aeabi_d2iz
                0x10002d08                double2int_z
 .text.__wrap___aeabi_d2uiz
                0x10002d24       0x24 CMakeFiles/final_project.dir/home/sreer/pico/pico-sdk/src/rp2_common/pico_double/double_aeabi_dcp.S.o
                0x10002d2c                double2uint_z
                0x10002d2c                double2uint
                0x10002d2c                __wrap___aeabi_d2uiz
 .text.__wrap___aeabi_dcmpun
                0x10002d48       0x24 CMakeFiles/final_project.dir/home/sreer/pico/pico-sdk/src/rp2_common/pico_double/double_aeabi_dcp.S.o
                0x10002d50                __wrap___aeabi_dcmpun
 .text.__wrap___aeabi_dcmplt
                0x10002d6c       0x28 CMakeFiles/final_project.dir/home/sreer/pico/pico-sdk/src/rp2_common/pico_double/double_aeabi_dcp.S.o
                0x10002d74                __wrap___aeabi_dcmplt
 .text.__wrap___aeabi_dcmpge
                0x10002d94       0x28 CMakeFiles/final_project.dir/home/sreer/pico/pico-sdk/src/rp2_common/pico_double/double_aeabi_dcp.S.o
                0x10002d9c                __wrap___aeabi_dcmpge
 .text.__wrap___aeabi_dcmpgt
                0x10002dbc       0x28 CMakeFiles/final_project.dir/home/sreer/pico/pico-sdk/src/rp2_common/pico_double/double_aeabi_dcp.S.o
                0x10002dc4                __wrap___aeabi_dcmpgt
 .text.frrcore_v
                0x10002de4       0x54 CMakeFiles/final_project.dir/home/sreer/pico/pico-sdk/src/rp2_common/pico_float/float_sci_m33_vfp.S.o
 .text.__wrap_fsin_fcos
                0x10002e38      0x388 CMakeFiles/final_project.dir/home/sreer/pico/pico-sdk/src/rp2_common/pico_float/float_sci_m33_vfp.S.o
                0x10002f14                __wrap_sincosf
                0x10002f80                __wrap_sinf
                0x10002f86                __wrap_cosf
 .text._out_buffer
                0x100031c0        0x8 CMakeFiles/final_project.dir/home/sreer/pico/pico-sdk/src/rp2_common/pico_printf/printf.c.o
 .text._out_null
                0x100031c8        0x4 CMakeFiles/final_project.dir/home/sreer/pico/pico-sdk/src/rp2_common/pico_printf/printf.c.o
 .text._out_rev
                0x100031cc       0x9c CMakeFiles/final_project.dir/home/sreer/pico/pico-sdk/src/rp2_common/pico_printf/printf.c.o
 .text._ntoa_format
                0x10003268      0x2a4 CMakeFiles/final_project.dir/home/sreer/pico/pico-sdk/src/rp2_common/pico_printf/printf.c.o
 .text._out_char
                0x1000350c        0x8 CMakeFiles/final_project.dir/home/sreer/pico/pico-sdk/src/rp2_common/pico_printf/printf.c.o
 .text._out_fct
                0x10003514        0xc CMakeFiles/final_project.dir/home/sreer/pico/pico-sdk/src/rp2_common/pico_printf/printf.c.o
 .text._etoa    0x10003520      0x460 CMakeFiles/final_project.dir/home/sreer/pico/pico-sdk/src/rp2_common/pico_printf/printf.c.o
 .text._ftoa    0x10003980      0x3f4 CMakeFiles/final_project.dir/home/sreer/pico/pico-sdk/src/rp2_common/pico_printf/printf.c.o
 .text._vsnprintf
                0x10003d74      0x9e8 CMakeFiles/final_project.dir/home/sreer/pico/pico-sdk/src/rp2_common/pico_printf/printf.c.o
 .text.__wrap_snprintf
                0x1000475c       0x2c CMakeFiles/final_project.dir/home/sreer/pico/pico-sdk/src/rp2_common/pico_printf/printf.c.o
                0x1000475c                __wrap_snprintf
 .text.vfctprintf
                0x10004788       0x28 CMakeFiles/final_project.dir/home/sreer/pico/pico-sdk/src/rp2_common/pico_printf/printf.c.o
                0x10004788                vfctprintf
 .text.weak_raw_vprintf
                0x100047b0       0x30 CMakeFiles/final_project.dir/home/sreer/pico/pico-sdk/src/rp2_common/pico_printf/printf.c.o
                0x100047b0                weak_raw_vprintf
 .text._exit    0x100047e0        0x4 CMakeFiles/final_project.dir/home/sreer/pico/pico-sdk/src/rp2_common/pico_clib_interface/newlib_interface.c.o
                0x100047e0                _exit
 .text.exit     0x100047e4        0x8 CMakeFiles/final_project.dir/home/sreer/pico/pico-sdk/src/rp2_common/pico_clib_interface/newlib_interface.c.o
                0x100047e4                exit
 .text.runtime_init
                0x100047ec       0x24 CMakeFiles/final_project.dir/home/sreer/pico/pico-sdk/src/rp2_common/pico_clib_interface/newlib_interface.c.o
                0x100047ec                runtime_init
 .text.stdio_out_chars_no_crlf
                0x10004810        0x8 CMakeFiles/final_project.dir/home/sreer/pico/pico-sdk/src/rp2_common/pico_stdio/stdio.c.o
 .text.stdio_out_chars_crlf
                0x10004818       0xac CMakeFiles/final_project.dir/home/sreer/pico/pico-sdk/src/rp2_common/pico_stdio/stdio.c.o
 .text.stdio_buffered_printer
                0x100048c4       0x60 CMakeFiles/final_project.dir/home/sreer/pico/pico-sdk/src/rp2_common/pico_stdio/stdio.c.o
 .text.stdio_put_string
                0x10004924       0xf0 CMakeFiles/final_project.dir/home/sreer/pico/pico-sdk/src/rp2_common/pico_stdio/stdio.c.o
                0x10004924                stdio_put_string
 .text.stdio_set_driver_enabled
                0x10004a14       0x30 CMakeFiles/final_project.dir/home/sreer/pico/pico-sdk/src/rp2_common/pico_stdio/stdio.c.o
                0x10004a14                stdio_set_driver_enabled
 .text.stdio_init_all
                0x10004a44        0x4 CMakeFiles/final_project.dir/home/sreer/pico/pico-sdk/src/rp2_common/pico_stdio/stdio.c.o
                0x10004a44                stdio_init_all
 .text.__wrap_putchar
                0x10004a48       0x84 CMakeFiles/final_project.dir/home/sreer/pico/pico-sdk/src/rp2_common/pico_stdio/stdio.c.o
                0x10004a48                stdio_putchar
                0x10004a48                __wrap_putchar
 .text.__wrap_puts
                0x10004acc       0x3c CMakeFiles/final_project.dir/home/sreer/pico/pico-sdk/src/rp2_common/pico_stdio/stdio.c.o
                0x10004acc                __wrap_puts
                0x10004acc                stdio_puts
 .text.__wrap_vprintf
                0x10004b08       0xc8 CMakeFiles/final_project.dir/home/sreer/pico/pico-sdk/src/rp2_common/pico_stdio/stdio.c.o
                0x10004b08                __wrap_vprintf
                0x10004b08                stdio_vprintf
 .text.__wrap_printf
                0x10004bd0       0x1c CMakeFiles/final_project.dir/home/sreer/pico/pico-sdk/src/rp2_common/pico_stdio/stdio.c.o
                0x10004bd0                stdio_printf
                0x10004bd0                __wrap_printf
 .text.resetd_init
                0x10004bec        0x4 CMakeFiles/final_project.dir/home/sreer/pico/pico-sdk/src/rp2_common/pico_stdio_usb/reset_interface.c.o
 .text.resetd_reset
                0x10004bf0        0xc CMakeFiles/final_project.dir/home/sreer/pico/pico-sdk/src/rp2_common/pico_stdio_usb/reset_interface.c.o
 .text.resetd_open
                0x10004bfc       0x28 CMakeFiles/final_project.dir/home/sreer/pico/pico-sdk/src/rp2_common/pico_stdio_usb/reset_interface.c.o
 .text.resetd_xfer_cb
                0x10004c24        0x4 CMakeFiles/final_project.dir/home/sreer/pico/pico-sdk/src/rp2_common/pico_stdio_usb/reset_interface.c.o
 .text.resetd_control_xfer_cb
                0x10004c28       0x50 CMakeFiles/final_project.dir/home/sreer/pico/pico-sdk/src/rp2_common/pico_stdio_usb/reset_interface.c.o
 .text.tud_descriptor_bos_cb
                0x10004c78        0x8 CMakeFiles/final_project.dir/home/sreer/pico/pico-sdk/src/rp2_common/pico_stdio_usb/reset_interface.c.o
                0x10004c78                tud_descriptor_bos_cb
 .text.tud_vendor_control_xfer_cb
                0x10004c80       0x28 CMakeFiles/final_project.dir/home/sreer/pico/pico-sdk/src/rp2_common/pico_stdio_usb/reset_interface.c.o
                0x10004c80                tud_vendor_control_xfer_cb
 .text.usbd_app_driver_get_cb
                0x10004ca8       0x10 CMakeFiles/final_project.dir/home/sreer/pico/pico-sdk/src/rp2_common/pico_stdio_usb/reset_interface.c.o
                0x10004ca8                usbd_app_driver_get_cb
 .text.tud_cdc_line_coding_cb
                0x10004cb8       0x18 CMakeFiles/final_project.dir/home/sreer/pico/pico-sdk/src/rp2_common/pico_stdio_usb/reset_interface.c.o
                0x10004cb8                tud_cdc_line_coding_cb
 .text.stdio_usb_set_chars_available_callback
                0x10004cd0       0x14 CMakeFiles/final_project.dir/home/sreer/pico/pico-sdk/src/rp2_common/pico_stdio_usb/stdio_usb.c.o
                0x10004cd0                stdio_usb_set_chars_available_callback
 .text.timer_task
                0x10004ce4       0x70 CMakeFiles/final_project.dir/home/sreer/pico/pico-sdk/src/rp2_common/pico_stdio_usb/stdio_usb.c.o
 .text.usb_irq  0x10004d54        0xc CMakeFiles/final_project.dir/home/sreer/pico/pico-sdk/src/rp2_common/pico_stdio_usb/stdio_usb.c.o
 .text.stdio_usb_in_chars
                0x10004d60       0x88 CMakeFiles/final_project.dir/home/sreer/pico/pico-sdk/src/rp2_common/pico_stdio_usb/stdio_usb.c.o
                0x10004d60                stdio_usb_in_chars
 .text.stdio_usb_out_flush
                0x10004de8       0x54 CMakeFiles/final_project.dir/home/sreer/pico/pico-sdk/src/rp2_common/pico_stdio_usb/stdio_usb.c.o
 .text.stdio_usb_out_chars
                0x10004e3c       0xf4 CMakeFiles/final_project.dir/home/sreer/pico/pico-sdk/src/rp2_common/pico_stdio_usb/stdio_usb.c.o
 .text.low_priority_worker_irq
                0x10004f30       0xd8 CMakeFiles/final_project.dir/home/sreer/pico/pico-sdk/src/rp2_common/pico_stdio_usb/stdio_usb.c.o
 .text.stdio_usb_init
                0x10005008       0xe8 CMakeFiles/final_project.dir/home/sreer/pico/pico-sdk/src/rp2_common/pico_stdio_usb/stdio_usb.c.o
                0x10005008                stdio_usb_init
 .text.tud_descriptor_device_cb
                0x100050f0        0x8 CMakeFiles/final_project.dir/home/sreer/pico/pico-sdk/src/rp2_common/pico_stdio_usb/stdio_usb_descriptors.c.o
                0x100050f0                tud_descriptor_device_cb
 .text.tud_descriptor_configuration_cb
                0x100050f8        0x8 CMakeFiles/final_project.dir/home/sreer/pico/pico-sdk/src/rp2_common/pico_stdio_usb/stdio_usb_descriptors.c.o
                0x100050f8                tud_descriptor_configuration_cb
 .text.tud_descriptor_string_cb
                0x10005100       0x70 CMakeFiles/final_project.dir/home/sreer/pico/pico-sdk/src/rp2_common/pico_stdio_usb/stdio_usb_descriptors.c.o
                0x10005100                tud_descriptor_string_cb
 .text.startup._retrieve_unique_id_on_boot
                0x10005170       0x30 CMakeFiles/final_project.dir/home/sreer/pico/pico-sdk/src/rp2_common/pico_unique_id/unique_id.c.o
 .text.pico_get_unique_board_id_string
                0x100051a0      0x184 CMakeFiles/final_project.dir/home/sreer/pico/pico-sdk/src/rp2_common/pico_unique_id/unique_id.c.o
                0x100051a0                pico_get_unique_board_id_string
 .text.dcd_init
                0x10005324       0x90 CMakeFiles/final_project.dir/home/sreer/pico/pico-sdk/lib/tinyusb/src/portable/raspberrypi/rp2040/dcd_rp2040.c.o
                0x10005324                dcd_init
 .text.dcd_int_enable
                0x100053b4        0x8 CMakeFiles/final_project.dir/home/sreer/pico/pico-sdk/lib/tinyusb/src/portable/raspberrypi/rp2040/dcd_rp2040.c.o
                0x100053b4                dcd_int_enable
 .text.dcd_set_address
                0x100053bc       0x10 CMakeFiles/final_project.dir/home/sreer/pico/pico-sdk/lib/tinyusb/src/portable/raspberrypi/rp2040/dcd_rp2040.c.o
                0x100053bc                dcd_set_address
 .text.dcd_sof_enable
                0x100053cc       0x1c CMakeFiles/final_project.dir/home/sreer/pico/pico-sdk/lib/tinyusb/src/portable/raspberrypi/rp2040/dcd_rp2040.c.o
                0x100053cc                dcd_sof_enable
 .text.dcd_edpt0_status_complete
                0x100053e8       0x1c CMakeFiles/final_project.dir/home/sreer/pico/pico-sdk/lib/tinyusb/src/portable/raspberrypi/rp2040/dcd_rp2040.c.o
                0x100053e8                dcd_edpt0_status_complete
 .text.dcd_edpt_open
                0x10005404      0x108 CMakeFiles/final_project.dir/home/sreer/pico/pico-sdk/lib/tinyusb/src/portable/raspberrypi/rp2040/dcd_rp2040.c.o
                0x10005404                dcd_edpt_open
 .text.dcd_edpt_close_all
                0x1000550c        0x4 CMakeFiles/final_project.dir/home/sreer/pico/pico-sdk/lib/tinyusb/src/portable/raspberrypi/rp2040/dcd_rp2040.c.o
                0x1000550c                dcd_edpt_close_all
 .text.dcd_edpt_xfer
                0x10005510       0x28 CMakeFiles/final_project.dir/home/sreer/pico/pico-sdk/lib/tinyusb/src/portable/raspberrypi/rp2040/dcd_rp2040.c.o
                0x10005510                dcd_edpt_xfer
 .text.dcd_edpt_stall
                0x10005538       0x2c CMakeFiles/final_project.dir/home/sreer/pico/pico-sdk/lib/tinyusb/src/portable/raspberrypi/rp2040/dcd_rp2040.c.o
                0x10005538                dcd_edpt_stall
 .text.dcd_edpt_clear_stall
                0x10005564       0x2c CMakeFiles/final_project.dir/home/sreer/pico/pico-sdk/lib/tinyusb/src/portable/raspberrypi/rp2040/dcd_rp2040.c.o
                0x10005564                dcd_edpt_clear_stall
 .text.rp2040_usb_init
                0x10005590       0x40 CMakeFiles/final_project.dir/home/sreer/pico/pico-sdk/lib/tinyusb/src/portable/raspberrypi/rp2040/rp2040_usb.c.o
                0x10005590                rp2040_usb_init
 .text.hw_endpoint_xfer_start
                0x100055d0       0x40 CMakeFiles/final_project.dir/home/sreer/pico/pico-sdk/lib/tinyusb/src/portable/raspberrypi/rp2040/rp2040_usb.c.o
                0x100055d0                hw_endpoint_xfer_start
 .text.configuration_reset
                0x10005610       0x8c CMakeFiles/final_project.dir/home/sreer/pico/pico-sdk/lib/tinyusb/src/device/usbd.c.o
 .text.tud_event_hook_cb
                0x1000569c        0x4 CMakeFiles/final_project.dir/home/sreer/pico/pico-sdk/lib/tinyusb/src/device/usbd.c.o
                0x1000569c                tud_event_hook_cb
 .text.tud_sof_cb
                0x100056a0        0x4 CMakeFiles/final_project.dir/home/sreer/pico/pico-sdk/lib/tinyusb/src/device/usbd.c.o
                0x100056a0                tud_sof_cb
 .text.tud_descriptor_device_qualifier_cb
                0x100056a4        0x4 CMakeFiles/final_project.dir/home/sreer/pico/pico-sdk/lib/tinyusb/src/device/usbd.c.o
                0x100056a4                tud_descriptor_device_qualifier_cb
 .text.tud_descriptor_other_speed_configuration_cb
                0x100056a8        0x4 CMakeFiles/final_project.dir/home/sreer/pico/pico-sdk/lib/tinyusb/src/device/usbd.c.o
                0x100056a8                tud_descriptor_other_speed_configuration_cb
 .text.tud_mount_cb
                0x100056ac        0x4 CMakeFiles/final_project.dir/home/sreer/pico/pico-sdk/lib/tinyusb/src/device/usbd.c.o
                0x100056ac                tud_mount_cb
 .text.tud_umount_cb
                0x100056b0        0x4 CMakeFiles/final_project.dir/home/sreer/pico/pico-sdk/lib/tinyusb/src/device/usbd.c.o
                0x100056b0                tud_umount_cb
 .text.tud_suspend_cb
                0x100056b4        0x4 CMakeFiles/final_project.dir/home/sreer/pico/pico-sdk/lib/tinyusb/src/device/usbd.c.o
                0x100056b4                tud_suspend_cb
 .text.tud_resume_cb
                0x100056b8        0x4 CMakeFiles/final_project.dir/home/sreer/pico/pico-sdk/lib/tinyusb/src/device/usbd.c.o
                0x100056b8                tud_resume_cb
 .text.tud_mounted
                0x100056bc       0x10 CMakeFiles/final_project.dir/home/sreer/pico/pico-sdk/lib/tinyusb/src/device/usbd.c.o
                0x100056bc                tud_mounted
 .text.tud_suspended
                0x100056cc       0x10 CMakeFiles/final_project.dir/home/sreer/pico/pico-sdk/lib/tinyusb/src/device/usbd.c.o
                0x100056cc                tud_suspended
 .text.tud_rhport_init
                0x100056dc       0xf8 CMakeFiles/final_project.dir/home/sreer/pico/pico-sdk/lib/tinyusb/src/device/usbd.c.o
                0x100056dc                tud_rhport_init
 .text.tud_task_ext
                0x100057d4      0x784 CMakeFiles/final_project.dir/home/sreer/pico/pico-sdk/lib/tinyusb/src/device/usbd.c.o
                0x100057d4                tud_task_ext
 .text.usbd_open_edpt_pair
                0x10005f58       0x9c CMakeFiles/final_project.dir/home/sreer/pico/pico-sdk/lib/tinyusb/src/device/usbd.c.o
                0x10005f58                usbd_open_edpt_pair
 .text.usbd_edpt_open
                0x10005ff4       0x44 CMakeFiles/final_project.dir/home/sreer/pico/pico-sdk/lib/tinyusb/src/device/usbd.c.o
                0x10005ff4                usbd_edpt_open
 .text.usbd_edpt_claim
                0x10006038       0x24 CMakeFiles/final_project.dir/home/sreer/pico/pico-sdk/lib/tinyusb/src/device/usbd.c.o
                0x10006038                usbd_edpt_claim
 .text.usbd_edpt_release
                0x1000605c       0x24 CMakeFiles/final_project.dir/home/sreer/pico/pico-sdk/lib/tinyusb/src/device/usbd.c.o
                0x1000605c                usbd_edpt_release
 .text.usbd_edpt_xfer
                0x10006080       0x70 CMakeFiles/final_project.dir/home/sreer/pico/pico-sdk/lib/tinyusb/src/device/usbd.c.o
                0x10006080                usbd_edpt_xfer
 .text.tud_control_status
                0x100060f0       0x34 CMakeFiles/final_project.dir/home/sreer/pico/pico-sdk/lib/tinyusb/src/device/usbd_control.c.o
                0x100060f0                tud_control_status
 .text.tud_control_xfer
                0x10006124       0xac CMakeFiles/final_project.dir/home/sreer/pico/pico-sdk/lib/tinyusb/src/device/usbd_control.c.o
                0x10006124                tud_control_xfer
 .text.usbd_control_reset
                0x100061d0       0x14 CMakeFiles/final_project.dir/home/sreer/pico/pico-sdk/lib/tinyusb/src/device/usbd_control.c.o
                0x100061d0                usbd_control_reset
 .text.usbd_control_set_complete_callback
                0x100061e4        0xc CMakeFiles/final_project.dir/home/sreer/pico/pico-sdk/lib/tinyusb/src/device/usbd_control.c.o
                0x100061e4                usbd_control_set_complete_callback
 .text.usbd_control_set_request
                0x100061f0       0x1c CMakeFiles/final_project.dir/home/sreer/pico/pico-sdk/lib/tinyusb/src/device/usbd_control.c.o
                0x100061f0                usbd_control_set_request
 .text.usbd_control_xfer_cb
                0x1000620c       0xfc CMakeFiles/final_project.dir/home/sreer/pico/pico-sdk/lib/tinyusb/src/device/usbd_control.c.o
                0x1000620c                usbd_control_xfer_cb
 .text._prep_out_transaction.isra.0
                0x10006308       0x74 CMakeFiles/final_project.dir/home/sreer/pico/pico-sdk/lib/tinyusb/src/class/cdc/cdc_device.c.o
 .text.tud_cdc_n_connected
                0x1000637c       0x2c CMakeFiles/final_project.dir/home/sreer/pico/pico-sdk/lib/tinyusb/src/class/cdc/cdc_device.c.o
                0x1000637c                tud_cdc_n_connected
 .text.tud_cdc_n_available
                0x100063a8       0x18 CMakeFiles/final_project.dir/home/sreer/pico/pico-sdk/lib/tinyusb/src/class/cdc/cdc_device.c.o
                0x100063a8                tud_cdc_n_available
 .text.tud_cdc_n_read
                0x100063c0       0x8c CMakeFiles/final_project.dir/home/sreer/pico/pico-sdk/lib/tinyusb/src/class/cdc/cdc_device.c.o
                0x100063c0                tud_cdc_n_read
 .text.tud_cdc_n_write_flush
                0x1000644c       0x8c CMakeFiles/final_project.dir/home/sreer/pico/pico-sdk/lib/tinyusb/src/class/cdc/cdc_device.c.o
                0x1000644c                tud_cdc_n_write_flush
 .text.tud_cdc_n_write
                0x100064d8       0x44 CMakeFiles/final_project.dir/home/sreer/pico/pico-sdk/lib/tinyusb/src/class/cdc/cdc_device.c.o
                0x100064d8                tud_cdc_n_write
 .text.tud_cdc_n_write_available
                0x1000651c       0x18 CMakeFiles/final_project.dir/home/sreer/pico/pico-sdk/lib/tinyusb/src/class/cdc/cdc_device.c.o
                0x1000651c                tud_cdc_n_write_available
 .text.cdcd_init
                0x10006534       0x70 CMakeFiles/final_project.dir/home/sreer/pico/pico-sdk/lib/tinyusb/src/class/cdc/cdc_device.c.o
                0x10006534                cdcd_init
 .text.cdcd_deinit
                0x100065a4       0x2c CMakeFiles/final_project.dir/home/sreer/pico/pico-sdk/lib/tinyusb/src/class/cdc/cdc_device.c.o
                0x100065a4                cdcd_deinit
 .text.cdcd_reset
                0x100065d0       0x4c CMakeFiles/final_project.dir/home/sreer/pico/pico-sdk/lib/tinyusb/src/class/cdc/cdc_device.c.o
                0x100065d0                cdcd_reset
 .text.cdcd_open
                0x1000661c       0xbc CMakeFiles/final_project.dir/home/sreer/pico/pico-sdk/lib/tinyusb/src/class/cdc/cdc_device.c.o
                0x1000661c                cdcd_open
 .text.cdcd_control_xfer_cb
                0x100066d8       0xc0 CMakeFiles/final_project.dir/home/sreer/pico/pico-sdk/lib/tinyusb/src/class/cdc/cdc_device.c.o
                0x100066d8                cdcd_control_xfer_cb
 .text.cdcd_xfer_cb
                0x10006798       0xfc CMakeFiles/final_project.dir/home/sreer/pico/pico-sdk/lib/tinyusb/src/class/cdc/cdc_device.c.o
                0x10006798                cdcd_xfer_cb
 .text.vendord_init
                0x10006894       0x5c CMakeFiles/final_project.dir/home/sreer/pico/pico-sdk/lib/tinyusb/src/class/vendor/vendor_device.c.o
                0x10006894                vendord_init
 .text.vendord_deinit
                0x100068f0       0x1c CMakeFiles/final_project.dir/home/sreer/pico/pico-sdk/lib/tinyusb/src/class/vendor/vendor_device.c.o
                0x100068f0                vendord_deinit
 .text.vendord_reset
                0x1000690c       0x24 CMakeFiles/final_project.dir/home/sreer/pico/pico-sdk/lib/tinyusb/src/class/vendor/vendor_device.c.o
                0x1000690c                vendord_reset
 .text.vendord_open
                0x10006930      0x104 CMakeFiles/final_project.dir/home/sreer/pico/pico-sdk/lib/tinyusb/src/class/vendor/vendor_device.c.o
                0x10006930                vendord_open
 .text.vendord_xfer_cb
                0x10006a34       0x88 CMakeFiles/final_project.dir/home/sreer/pico/pico-sdk/lib/tinyusb/src/class/vendor/vendor_device.c.o
                0x10006a34                vendord_xfer_cb
 .text.tusb_rhport_init
                0x10006abc       0x60 CMakeFiles/final_project.dir/home/sreer/pico/pico-sdk/lib/tinyusb/src/tusb.c.o
                0x10006abc                tusb_rhport_init
 .text.tu_edpt_claim
                0x10006b1c       0x54 CMakeFiles/final_project.dir/home/sreer/pico/pico-sdk/lib/tinyusb/src/tusb.c.o
                0x10006b1c                tu_edpt_claim
 .text.tu_edpt_release
                0x10006b70       0x38 CMakeFiles/final_project.dir/home/sreer/pico/pico-sdk/lib/tinyusb/src/tusb.c.o
                0x10006b70                tu_edpt_release
 .text.tu_edpt_validate
                0x10006ba8       0x64 CMakeFiles/final_project.dir/home/sreer/pico/pico-sdk/lib/tinyusb/src/tusb.c.o
                0x10006ba8                tu_edpt_validate
 .text.tu_edpt_bind_driver
                0x10006c0c       0x58 CMakeFiles/final_project.dir/home/sreer/pico/pico-sdk/lib/tinyusb/src/tusb.c.o
                0x10006c0c                tu_edpt_bind_driver
 .text.tu_edpt_stream_init
                0x10006c64       0x58 CMakeFiles/final_project.dir/home/sreer/pico/pico-sdk/lib/tinyusb/src/tusb.c.o
                0x10006c64                tu_edpt_stream_init
 .text.tu_edpt_stream_deinit
                0x10006cbc        0x4 CMakeFiles/final_project.dir/home/sreer/pico/pico-sdk/lib/tinyusb/src/tusb.c.o
                0x10006cbc                tu_edpt_stream_deinit
 .text.tu_edpt_stream_write_zlp_if_needed
                0x10006cc0       0x68 CMakeFiles/final_project.dir/home/sreer/pico/pico-sdk/lib/tinyusb/src/tusb.c.o
                0x10006cc0                tu_edpt_stream_write_zlp_if_needed
 .text.tu_edpt_stream_write_xfer
                0x10006d28       0x70 CMakeFiles/final_project.dir/home/sreer/pico/pico-sdk/lib/tinyusb/src/tusb.c.o
                0x10006d28                tu_edpt_stream_write_xfer
 .text.tu_edpt_stream_read_xfer
                0x10006d98       0xd0 CMakeFiles/final_project.dir/home/sreer/pico/pico-sdk/lib/tinyusb/src/tusb.c.o
                0x10006d98                tu_edpt_stream_read_xfer
 .text.tu_fifo_config
                0x10006e68       0x60 CMakeFiles/final_project.dir/home/sreer/pico/pico-sdk/lib/tinyusb/src/common/tusb_fifo.c.o
                0x10006e68                tu_fifo_config
 .text.tu_fifo_count
                0x10006ec8       0x20 CMakeFiles/final_project.dir/home/sreer/pico/pico-sdk/lib/tinyusb/src/common/tusb_fifo.c.o
                0x10006ec8                tu_fifo_count
 .text.tu_fifo_empty
                0x10006ee8       0x14 CMakeFiles/final_project.dir/home/sreer/pico/pico-sdk/lib/tinyusb/src/common/tusb_fifo.c.o
                0x10006ee8                tu_fifo_empty
 .text.tu_fifo_remaining
                0x10006efc       0x24 CMakeFiles/final_project.dir/home/sreer/pico/pico-sdk/lib/tinyusb/src/common/tusb_fifo.c.o
                0x10006efc                tu_fifo_remaining
 .text.tu_fifo_read
                0x10006f20       0x94 CMakeFiles/final_project.dir/home/sreer/pico/pico-sdk/lib/tinyusb/src/common/tusb_fifo.c.o
                0x10006f20                tu_fifo_read
 .text.tu_fifo_read_n
                0x10006fb4       0xd8 CMakeFiles/final_project.dir/home/sreer/pico/pico-sdk/lib/tinyusb/src/common/tusb_fifo.c.o
                0x10006fb4                tu_fifo_read_n
 .text.tu_fifo_write
                0x1000708c       0xa0 CMakeFiles/final_project.dir/home/sreer/pico/pico-sdk/lib/tinyusb/src/common/tusb_fifo.c.o
                0x1000708c                tu_fifo_write
 .text.tu_fifo_write_n
                0x1000712c      0x158 CMakeFiles/final_project.dir/home/sreer/pico/pico-sdk/lib/tinyusb/src/common/tusb_fifo.c.o
                0x1000712c                tu_fifo_write_n
 .text.tu_fifo_clear
                0x10007284       0x38 CMakeFiles/final_project.dir/home/sreer/pico/pico-sdk/lib/tinyusb/src/common/tusb_fifo.c.o
                0x10007284                tu_fifo_clear
 .text.tu_fifo_set_overwritable
                0x100072bc       0x3c CMakeFiles/final_project.dir/home/sreer/pico/pico-sdk/lib/tinyusb/src/common/tusb_fifo.c.o
                0x100072bc                tu_fifo_set_overwritable
 .text.adc_init
                0x100072f8       0x30 CMakeFiles/final_project.dir/home/sreer/pico/pico-sdk/src/rp2_common/hardware_adc/adc.c.o
                0x100072f8                adc_init
 .text.i2c_write_blocking_internal.constprop.0
                0x10007328       0x9c CMakeFiles/final_project.dir/home/sreer/pico/pico-sdk/src/rp2_common/hardware_i2c/i2c.c.o
 .text.i2c_set_baudrate
                0x100073c4       0xa8 CMakeFiles/final_project.dir/home/sreer/pico/pico-sdk/src/rp2_common/hardware_i2c/i2c.c.o
                0x100073c4                i2c_set_baudrate
 .text.i2c_init
                0x1000746c       0x4c CMakeFiles/final_project.dir/home/sreer/pico/pico-sdk/src/rp2_common/hardware_i2c/i2c.c.o
                0x1000746c                i2c_init
 .text.i2c_write_blocking
                0x100074b8       0x10 CMakeFiles/final_project.dir/home/sreer/pico/pico-sdk/src/rp2_common/hardware_i2c/i2c.c.o
                0x100074b8                i2c_write_blocking
 .text.spi_init
                0x100074c8       0xf4 CMakeFiles/final_project.dir/home/sreer/pico/pico-sdk/src/rp2_common/hardware_spi/spi.c.o
                0x100074c8                spi_init
 .text.prvDoorbellInterruptHandler
                0x100075bc       0x30 CMakeFiles/final_project.dir/home/sreer/pico/FreeRTOS-Kernel/portable/ThirdParty/Community-Supported-Ports/GCC/RP2350_ARM_NTZ/non_secure/port.c.o
 .text.prvTaskExitError
                0x100075ec       0x34 CMakeFiles/final_project.dir/home/sreer/pico/FreeRTOS-Kernel/portable/ThirdParty/Community-Supported-Ports/GCC/RP2350_ARM_NTZ/non_secure/port.c.o
 .text.SysTick_Handler
                0x10007620       0x24 CMakeFiles/final_project.dir/home/sreer/pico/FreeRTOS-Kernel/portable/ThirdParty/Community-Supported-Ports/GCC/RP2350_ARM_NTZ/non_secure/port.c.o
                0x10007620                SysTick_Handler
 .text.vPortSetupTimerInterrupt
                0x10007644       0x2c CMakeFiles/final_project.dir/home/sreer/pico/FreeRTOS-Kernel/portable/ThirdParty/Community-Supported-Ports/GCC/RP2350_ARM_NTZ/non_secure/port.c.o
                0x10007644                vPortSetupTimerInterrupt
 .text.xPortStartSchedulerOnCore.isra.0
                0x10007670      0x138 CMakeFiles/final_project.dir/home/sreer/pico/FreeRTOS-Kernel/portable/ThirdParty/Community-Supported-Ports/GCC/RP2350_ARM_NTZ/non_secure/port.c.o
 .text.prvDisableInterruptsAndPortStartSchedulerOnCore
                0x100077a8       0x10 CMakeFiles/final_project.dir/home/sreer/pico/FreeRTOS-Kernel/portable/ThirdParty/Community-Supported-Ports/GCC/RP2350_ARM_NTZ/non_secure/port.c.o
 .text.vPortYield
                0x100077b8       0x18 CMakeFiles/final_project.dir/home/sreer/pico/FreeRTOS-Kernel/portable/ThirdParty/Community-Supported-Ports/GCC/RP2350_ARM_NTZ/non_secure/port.c.o
                0x100077b8                vPortYield
 .text.vPortSVCHandler_C
                0x100077d0       0x38 CMakeFiles/final_project.dir/home/sreer/pico/FreeRTOS-Kernel/portable/ThirdParty/Community-Supported-Ports/GCC/RP2350_ARM_NTZ/non_secure/port.c.o
                0x100077d0                vPortSVCHandler_C
 .text.pxPortInitialiseStack
                0x10007808       0x78 CMakeFiles/final_project.dir/home/sreer/pico/FreeRTOS-Kernel/portable/ThirdParty/Community-Supported-Ports/GCC/RP2350_ARM_NTZ/non_secure/port.c.o
                0x10007808                pxPortInitialiseStack
 .text.xPortStartScheduler
                0x10007880       0x6c CMakeFiles/final_project.dir/home/sreer/pico/FreeRTOS-Kernel/portable/ThirdParty/Community-Supported-Ports/GCC/RP2350_ARM_NTZ/non_secure/port.c.o
                0x10007880                xPortStartScheduler
 .text.vPortValidateInterruptPriority
                0x100078ec       0x44 CMakeFiles/final_project.dir/home/sreer/pico/FreeRTOS-Kernel/portable/ThirdParty/Community-Supported-Ports/GCC/RP2350_ARM_NTZ/non_secure/port.c.o
                0x100078ec                vPortValidateInterruptPriority
 .text.ulPortLockGetCurrentOwnerId
                0x10007930       0x2c CMakeFiles/final_project.dir/home/sreer/pico/FreeRTOS-Kernel/portable/ThirdParty/Community-Supported-Ports/GCC/RP2350_ARM_NTZ/non_secure/port.c.o
                0x10007930                ulPortLockGetCurrentOwnerId
 .text.vPortLockInternalSpinUnlockWithWait
                0x1000795c       0x80 CMakeFiles/final_project.dir/home/sreer/pico/FreeRTOS-Kernel/portable/ThirdParty/Community-Supported-Ports/GCC/RP2350_ARM_NTZ/non_secure/port.c.o
                0x1000795c                vPortLockInternalSpinUnlockWithWait
 .text.vPortLockInternalSpinUnlockWithNotify
                0x100079dc       0x94 CMakeFiles/final_project.dir/home/sreer/pico/FreeRTOS-Kernel/portable/ThirdParty/Community-Supported-Ports/GCC/RP2350_ARM_NTZ/non_secure/port.c.o
                0x100079dc                vPortLockInternalSpinUnlockWithNotify
 .text.xPortLockInternalSpinUnlockWithBestEffortWaitOrTimeout
                0x10007a70      0x100 CMakeFiles/final_project.dir/home/sreer/pico/FreeRTOS-Kernel/portable/ThirdParty/Community-Supported-Ports/GCC/RP2350_ARM_NTZ/non_secure/port.c.o
                0x10007a70                xPortLockInternalSpinUnlockWithBestEffortWaitOrTimeout
 .text.startup.prvRuntimeInitializer
                0x10007b70       0x10 CMakeFiles/final_project.dir/home/sreer/pico/FreeRTOS-Kernel/portable/ThirdParty/Community-Supported-Ports/GCC/RP2350_ARM_NTZ/non_secure/port.c.o
 .text.vYieldCore
                0x10007b80       0x30 CMakeFiles/final_project.dir/home/sreer/pico/FreeRTOS-Kernel/portable/ThirdParty/Community-Supported-Ports/GCC/RP2350_ARM_NTZ/non_secure/port.c.o
                0x10007b80                vYieldCore
 .text.vRestoreContextOfFirstTask
                0x10007bb0       0x38 CMakeFiles/final_project.dir/home/sreer/pico/FreeRTOS-Kernel/portable/ThirdParty/Community-Supported-Ports/GCC/RP2350_ARM_NTZ/non_secure/portasm.c.o
                0x10007bb0                vRestoreContextOfFirstTask
 .text.vStartFirstTask
                0x10007be8       0x10 CMakeFiles/final_project.dir/home/sreer/pico/FreeRTOS-Kernel/portable/ThirdParty/Community-Supported-Ports/GCC/RP2350_ARM_NTZ/non_secure/portasm.c.o
                0x10007be8                vStartFirstTask
 .text.ulSetInterruptMask
                0x10007bf8       0x18 CMakeFiles/final_project.dir/home/sreer/pico/FreeRTOS-Kernel/portable/ThirdParty/Community-Supported-Ports/GCC/RP2350_ARM_NTZ/non_secure/portasm.c.o
                0x10007bf8                ulSetInterruptMask
 .text.vClearInterruptMask
                0x10007c10       0x10 CMakeFiles/final_project.dir/home/sreer/pico/FreeRTOS-Kernel/portable/ThirdParty/Community-Supported-Ports/GCC/RP2350_ARM_NTZ/non_secure/portasm.c.o
                0x10007c10                vClearInterruptMask
 .text.PendSV_Handler
                0x10007c20       0x98 CMakeFiles/final_project.dir/home/sreer/pico/FreeRTOS-Kernel/portable/ThirdParty/Community-Supported-Ports/GCC/RP2350_ARM_NTZ/non_secure/portasm.c.o
                0x10007c20                PendSV_Handler
 .text.SVC_Handler
                0x10007cb8       0x18 CMakeFiles/final_project.dir/home/sreer/pico/FreeRTOS-Kernel/portable/ThirdParty/Community-Supported-Ports/GCC/RP2350_ARM_NTZ/non_secure/portasm.c.o
                0x10007cb8                SVC_Handler
 .text.vEventGroupSetBitsCallback
                0x10007cd0       0x78 CMakeFiles/final_project.dir/home/sreer/pico/FreeRTOS-Kernel/event_groups.c.o
                0x10007cd0                vEventGroupSetBitsCallback
 .text.xEventGroupCreate
                0x10007d48       0x1c CMakeFiles/final_project.dir/home/sreer/pico/FreeRTOS-Kernel/event_groups.c.o
                0x10007d48                xEventGroupCreate
 .text.xEventGroupWaitBits
                0x10007d64       0xf8 CMakeFiles/final_project.dir/home/sreer/pico/FreeRTOS-Kernel/event_groups.c.o
                0x10007d64                xEventGroupWaitBits
 .text.xEventGroupSetBits
                0x10007e5c       0x7c CMakeFiles/final_project.dir/home/sreer/pico/FreeRTOS-Kernel/event_groups.c.o
                0x10007e5c                xEventGroupSetBits
 .text.xEventGroupSetBitsFromISR
                0x10007ed8       0x1c CMakeFiles/final_project.dir/home/sreer/pico/FreeRTOS-Kernel/event_groups.c.o
                0x10007ed8                xEventGroupSetBitsFromISR
 .text.vListInitialise
                0x10007ef4       0x18 CMakeFiles/final_project.dir/home/sreer/pico/FreeRTOS-Kernel/list.c.o
                0x10007ef4                vListInitialise
 .text.vListInitialiseItem
                0x10007f0c        0x8 CMakeFiles/final_project.dir/home/sreer/pico/FreeRTOS-Kernel/list.c.o
                0x10007f0c                vListInitialiseItem
 .text.vListInsertEnd
                0x10007f14       0x1c CMakeFiles/final_project.dir/home/sreer/pico/FreeRTOS-Kernel/list.c.o
                0x10007f14                vListInsertEnd
 .text.vListInsert
                0x10007f30       0x30 CMakeFiles/final_project.dir/home/sreer/pico/FreeRTOS-Kernel/list.c.o
                0x10007f30                vListInsert
 .text.uxListRemove
                0x10007f60       0x28 CMakeFiles/final_project.dir/home/sreer/pico/FreeRTOS-Kernel/list.c.o
                0x10007f60                uxListRemove
 .text.prvCopyDataToQueue
                0x10007f88       0x78 CMakeFiles/final_project.dir/home/sreer/pico/FreeRTOS-Kernel/queue.c.o
 .text.xQueueGenericCreate
                0x10008000       0x80 CMakeFiles/final_project.dir/home/sreer/pico/FreeRTOS-Kernel/queue.c.o
                0x10008000                xQueueGenericCreate
 .text.xQueueGenericSend
                0x10008080      0x2b4 CMakeFiles/final_project.dir/home/sreer/pico/FreeRTOS-Kernel/queue.c.o
                0x10008080                xQueueGenericSend
 .text.xQueueCreateMutex
                0x10008334       0x68 CMakeFiles/final_project.dir/home/sreer/pico/FreeRTOS-Kernel/queue.c.o
                0x10008334                xQueueCreateMutex
 .text.xQueueGenericSendFromISR
                0x1000839c       0xa8 CMakeFiles/final_project.dir/home/sreer/pico/FreeRTOS-Kernel/queue.c.o
                0x1000839c                xQueueGenericSendFromISR
 .text.xQueueGiveFromISR
                0x10008444       0x90 CMakeFiles/final_project.dir/home/sreer/pico/FreeRTOS-Kernel/queue.c.o
                0x10008444                xQueueGiveFromISR
 .text.xQueueReceive
                0x100084d4      0x2bc CMakeFiles/final_project.dir/home/sreer/pico/FreeRTOS-Kernel/queue.c.o
                0x100084d4                xQueueReceive
 .text.xQueueSemaphoreTake
                0x10008790      0x2e0 CMakeFiles/final_project.dir/home/sreer/pico/FreeRTOS-Kernel/queue.c.o
                0x10008790                xQueueSemaphoreTake
 .text.vQueueWaitForMessageRestricted
                0x10008a70       0xc8 CMakeFiles/final_project.dir/home/sreer/pico/FreeRTOS-Kernel/queue.c.o
                0x10008a70                vQueueWaitForMessageRestricted
 .text.prvPassiveIdleTask
                0x10008b38       0x20 CMakeFiles/final_project.dir/home/sreer/pico/FreeRTOS-Kernel/tasks.c.o
 .text.prvYieldForTask
                0x10008b58       0xdc CMakeFiles/final_project.dir/home/sreer/pico/FreeRTOS-Kernel/tasks.c.o
 .text.xTaskIncrementTick.part.0
                0x10008c34      0x1f8 CMakeFiles/final_project.dir/home/sreer/pico/FreeRTOS-Kernel/tasks.c.o
 .text.prvCheckForRunStateChange
                0x10008e2c      0x1cc CMakeFiles/final_project.dir/home/sreer/pico/FreeRTOS-Kernel/tasks.c.o
 .text.vTaskSuspendAll.part.0
                0x10008ff8      0x15c CMakeFiles/final_project.dir/home/sreer/pico/FreeRTOS-Kernel/tasks.c.o
 .text.prvAddCurrentTaskToDelayedList
                0x10009154      0x128 CMakeFiles/final_project.dir/home/sreer/pico/FreeRTOS-Kernel/tasks.c.o
 .text.vTaskSuspendAll
                0x1000927c      0x164 CMakeFiles/final_project.dir/home/sreer/pico/FreeRTOS-Kernel/tasks.c.o
                0x1000927c                vTaskSuspendAll
 .text.xTaskGetTickCount
                0x100093e0        0xc CMakeFiles/final_project.dir/home/sreer/pico/FreeRTOS-Kernel/tasks.c.o
                0x100093e0                xTaskGetTickCount
 .text.uxTaskGetNumberOfTasks
                0x100093ec        0xc CMakeFiles/final_project.dir/home/sreer/pico/FreeRTOS-Kernel/tasks.c.o
                0x100093ec                uxTaskGetNumberOfTasks
 .text.xTaskIncrementTick
                0x100093f8       0x20 CMakeFiles/final_project.dir/home/sreer/pico/FreeRTOS-Kernel/tasks.c.o
                0x100093f8                xTaskIncrementTick
 .text.vTaskSwitchContext
                0x10009418      0x3f4 CMakeFiles/final_project.dir/home/sreer/pico/FreeRTOS-Kernel/tasks.c.o
                0x10009418                vTaskSwitchContext
 .text.vTaskPlaceOnEventList
                0x1000980c       0x3c CMakeFiles/final_project.dir/home/sreer/pico/FreeRTOS-Kernel/tasks.c.o
                0x1000980c                vTaskPlaceOnEventList
 .text.vTaskPlaceOnUnorderedEventList
                0x10009848       0xb8 CMakeFiles/final_project.dir/home/sreer/pico/FreeRTOS-Kernel/tasks.c.o
                0x10009848                vTaskPlaceOnUnorderedEventList
 .text.vTaskPlaceOnEventListRestricted
                0x10009900       0xa8 CMakeFiles/final_project.dir/home/sreer/pico/FreeRTOS-Kernel/tasks.c.o
                0x10009900                vTaskPlaceOnEventListRestricted
 .text.xTaskRemoveFromEventList
                0x100099a8       0xc8 CMakeFiles/final_project.dir/home/sreer/pico/FreeRTOS-Kernel/tasks.c.o
                0x100099a8                xTaskRemoveFromEventList
 .text.vTaskInternalSetTimeOutState
                0x10009a70       0x18 CMakeFiles/final_project.dir/home/sreer/pico/FreeRTOS-Kernel/tasks.c.o
                0x10009a70                vTaskInternalSetTimeOutState
 .text.xTaskCheckForTimeOut
                0x10009a88      0x264 CMakeFiles/final_project.dir/home/sreer/pico/FreeRTOS-Kernel/tasks.c.o
                0x10009a88                xTaskCheckForTimeOut
 .text.vTaskMissedYield
                0x10009cec       0x14 CMakeFiles/final_project.dir/home/sreer/pico/FreeRTOS-Kernel/tasks.c.o
                0x10009cec                vTaskMissedYield
 .text.xTaskGetCurrentTaskHandle
                0x10009d00       0x20 CMakeFiles/final_project.dir/home/sreer/pico/FreeRTOS-Kernel/tasks.c.o
                0x10009d00                xTaskGetCurrentTaskHandle
 .text.xTaskGetSchedulerState
                0x10009d20      0x214 CMakeFiles/final_project.dir/home/sreer/pico/FreeRTOS-Kernel/tasks.c.o
                0x10009d20                xTaskGetSchedulerState
 .text.xTaskPriorityInherit
                0x10009f34       0xf8 CMakeFiles/final_project.dir/home/sreer/pico/FreeRTOS-Kernel/tasks.c.o
                0x10009f34                xTaskPriorityInherit
 .text.xTaskPriorityDisinherit
                0x1000a02c       0xe0 CMakeFiles/final_project.dir/home/sreer/pico/FreeRTOS-Kernel/tasks.c.o
                0x1000a02c                xTaskPriorityDisinherit
 .text.vTaskPriorityDisinheritAfterTimeout
                0x1000a10c       0xfc CMakeFiles/final_project.dir/home/sreer/pico/FreeRTOS-Kernel/tasks.c.o
                0x1000a10c                vTaskPriorityDisinheritAfterTimeout
 .text.vTaskYieldWithinAPI
                0x1000a208       0x40 CMakeFiles/final_project.dir/home/sreer/pico/FreeRTOS-Kernel/tasks.c.o
                0x1000a208                vTaskYieldWithinAPI
 .text.vTaskEnterCritical
                0x1000a248      0x130 CMakeFiles/final_project.dir/home/sreer/pico/FreeRTOS-Kernel/tasks.c.o
                0x1000a248                vTaskEnterCritical
 .text.vTaskEnterCriticalFromISR
                0x1000a378       0xac CMakeFiles/final_project.dir/home/sreer/pico/FreeRTOS-Kernel/tasks.c.o
                0x1000a378                vTaskEnterCriticalFromISR
 .text.vTaskExitCritical
                0x1000a424       0xc4 CMakeFiles/final_project.dir/home/sreer/pico/FreeRTOS-Kernel/tasks.c.o
                0x1000a424                vTaskExitCritical
 .text.prvAddNewTaskToReadyList
                0x1000a4e8       0xec CMakeFiles/final_project.dir/home/sreer/pico/FreeRTOS-Kernel/tasks.c.o
 .text.xTaskCreate
                0x1000a5d4      0x150 CMakeFiles/final_project.dir/home/sreer/pico/FreeRTOS-Kernel/tasks.c.o
                0x1000a5d4                xTaskCreate
 .text.xTaskCreateAffinitySet
                0x1000a724      0x150 CMakeFiles/final_project.dir/home/sreer/pico/FreeRTOS-Kernel/tasks.c.o
                0x1000a724                xTaskCreateAffinitySet
 .text.vTaskStartScheduler
                0x1000a874      0x118 CMakeFiles/final_project.dir/home/sreer/pico/FreeRTOS-Kernel/tasks.c.o
                0x1000a874                vTaskStartScheduler
 .text.xTaskResumeAll.part.0
                0x1000a98c      0x1cc CMakeFiles/final_project.dir/home/sreer/pico/FreeRTOS-Kernel/tasks.c.o
 .text.xTaskResumeAll
                0x1000ab58       0x10 CMakeFiles/final_project.dir/home/sreer/pico/FreeRTOS-Kernel/tasks.c.o
                0x1000ab58                xTaskResumeAll
 .text.vTaskDelay
                0x1000ab68       0x88 CMakeFiles/final_project.dir/home/sreer/pico/FreeRTOS-Kernel/tasks.c.o
                0x1000ab68                vTaskDelay
 .text.vTaskRemoveFromUnorderedEventList
                0x1000abf0       0xa8 CMakeFiles/final_project.dir/home/sreer/pico/FreeRTOS-Kernel/tasks.c.o
                0x1000abf0                vTaskRemoveFromUnorderedEventList
 .text.prvIdleTask
                0x1000ac98      0x2b8 CMakeFiles/final_project.dir/home/sreer/pico/FreeRTOS-Kernel/tasks.c.o
 .text.vTaskExitCriticalFromISR
                0x1000af50       0x80 CMakeFiles/final_project.dir/home/sreer/pico/FreeRTOS-Kernel/tasks.c.o
                0x1000af50                vTaskExitCriticalFromISR
 .text.uxTaskResetEventItemValue
                0x1000afd0       0x44 CMakeFiles/final_project.dir/home/sreer/pico/FreeRTOS-Kernel/tasks.c.o
                0x1000afd0                uxTaskResetEventItemValue
 .text.pvTaskIncrementMutexHeldCount
                0x1000b014       0x28 CMakeFiles/final_project.dir/home/sreer/pico/FreeRTOS-Kernel/tasks.c.o
                0x1000b014                pvTaskIncrementMutexHeldCount
 .text.prvTimerTask
                0x1000b03c      0x32c CMakeFiles/final_project.dir/home/sreer/pico/FreeRTOS-Kernel/timers.c.o
 .text.xTimerCreateTimerTask
                0x1000b368       0x84 CMakeFiles/final_project.dir/home/sreer/pico/FreeRTOS-Kernel/timers.c.o
                0x1000b368                xTimerCreateTimerTask
 .text.xTimerPendFunctionCallFromISR
                0x1000b3ec       0x30 CMakeFiles/final_project.dir/home/sreer/pico/FreeRTOS-Kernel/timers.c.o
                0x1000b3ec                xTimerPendFunctionCallFromISR
 .text.exception_set_exclusive_handler
                0x1000b41c       0x4c CMakeFiles/final_project.dir/home/sreer/pico/pico-sdk/src/rp2_common/hardware_exception/exception.c.o
                0x1000b41c                exception_set_exclusive_handler
 .text.core1_trampoline
                0x1000b468        0x4 CMakeFiles/final_project.dir/home/sreer/pico/pico-sdk/src/rp2_common/pico_multicore/multicore.c.o
 .text.core1_wrapper
                0x1000b46c       0x10 CMakeFiles/final_project.dir/home/sreer/pico/pico-sdk/src/rp2_common/pico_multicore/multicore.c.o
                0x1000b46c                core1_wrapper
 .text.multicore_reset_core1
                0x1000b47c       0x68 CMakeFiles/final_project.dir/home/sreer/pico/pico-sdk/src/rp2_common/pico_multicore/multicore.c.o
                0x1000b47c                multicore_reset_core1
 .text.multicore_launch_core1_raw
                0x1000b4e4       0x88 CMakeFiles/final_project.dir/home/sreer/pico/pico-sdk/src/rp2_common/pico_multicore/multicore.c.o
                0x1000b4e4                multicore_launch_core1_raw
 .text.multicore_launch_core1
                0x1000b56c       0x48 CMakeFiles/final_project.dir/home/sreer/pico/pico-sdk/src/rp2_common/pico_multicore/multicore.c.o
                0x1000b56c                multicore_launch_core1
 .text.multicore_doorbell_claim_unused
                0x1000b5b4       0xf8 CMakeFiles/final_project.dir/home/sreer/pico/pico-sdk/src/rp2_common/pico_multicore/multicore.c.o
                0x1000b5b4                multicore_doorbell_claim_unused
 .text.pvPortMalloc
                0x1000b6ac      0x168 CMakeFiles/final_project.dir/home/sreer/pico/FreeRTOS-Kernel/portable/MemMang/heap_4.c.o
                0x1000b6ac                pvPortMalloc
 .text.vPortFree
                0x1000b814       0xe8 CMakeFiles/final_project.dir/home/sreer/pico/FreeRTOS-Kernel/portable/MemMang/heap_4.c.o
                0x1000b814                vPortFree
 .text          0x1000b8fc       0xa4 /usr/lib/gcc/arm-none-eabi/13.2.1/../../../arm-none-eabi/lib/thumb/v8-m.main+fp/softfp/libg.a(libc_a-memset.o)
                0x1000b8fc                memset
 .text          0x1000b9a0       0xec /usr/lib/gcc/arm-none-eabi/13.2.1/../../../arm-none-eabi/lib/thumb/v8-m.main+fp/softfp/libg.a(libc_a-memcpy.o)
                0x1000b9a0                memcpy
 .text          0x1000ba8c        0xc /usr/lib/gcc/arm-none-eabi/13.2.1/../../../arm-none-eabi/lib/thumb/v8-m.main+fp/softfp/libg.a(libc_a-atexit.o)
                0x1000ba8c                atexit
 .text          0x1000ba98       0x5c /usr/lib/gcc/arm-none-eabi/13.2.1/../../../arm-none-eabi/lib/thumb/v8-m.main+fp/softfp/libg.a(libc_a-strlen-stub.o)
                0x1000ba98                strlen
 .text          0x1000baf4       0x28 /usr/lib/gcc/arm-none-eabi/13.2.1/../../../arm-none-eabi/lib/thumb/v8-m.main+fp/softfp/libg.a(libc_a-fini.o)
                0x1000baf4                __libc_fini_array
 .text          0x1000bb1c       0x64 /usr/lib/gcc/arm-none-eabi/13.2.1/../../../arm-none-eabi/lib/thumb/v8-m.main+fp/softfp/libg.a(libc_a-__atexit.o)
                0x1000bb1c                __register_exitproc
 .text.startup  0x1000bb80       0x14 /usr/lib/gcc/arm-none-eabi/13.2.1/../../../arm-none-eabi/lib/thumb/v8-m.main+fp/softfp/libg.a(libc_a-__call_atexit.o)
 *(.fini)
 .fini          0x1000bb94        0x4 /usr/lib/gcc/arm-none-eabi/13.2.1/thumb/v8-m.main+fp/softfp/crti.o
                0x1000bb94                _fini
 .fini.__stub   0x1000bb98       0x68 linker stubs
 *crtbegin.o(.ctors)
 *crtbegin?.o(.ctors)
 *(EXCLUDE_FILE(*crtend.o *crtend?.o) .ctors)
 *(SORT_BY_NAME(.ctors.*))
 *(.ctors)
 *crtbegin.o(.dtors)
 *crtbegin?.o(.dtors)
 *(EXCLUDE_FILE(*crtend.o *crtend?.o) .dtors)
 *(SORT_BY_NAME(.dtors.*))
 *(.dtors)
                0x1000bc00                        . = ALIGN (0x4)
                0x1000bc00                        PROVIDE (__preinit_array_start = .)
 *(SORT_BY_NAME(.preinit_array.*))
 .preinit_array.00050
                0x1000bc00        0x4 CMakeFiles/final_project.dir/home/sreer/pico/pico-sdk/src/rp2_common/pico_runtime_init/runtime_init.c.o
                0x1000bc00                __pre_init_runtime_init_bootrom_reset
 .preinit_array.00100
                0x1000bc04        0x4 CMakeFiles/final_project.dir/home/sreer/pico/pico-sdk/src/rp2_common/pico_runtime_init/runtime_init.c.o
                0x1000bc04                __pre_init_runtime_init_early_resets
 .preinit_array.00101
                0x1000bc08        0x4 CMakeFiles/final_project.dir/home/sreer/pico/pico-sdk/src/rp2_common/pico_runtime_init/runtime_init.c.o
                0x1000bc08                __pre_init_runtime_init_usb_power_down
 .preinit_array.00500
                0x1000bc0c        0x4 CMakeFiles/final_project.dir/home/sreer/pico/pico-sdk/src/rp2_common/pico_runtime_init/runtime_init.c.o
                0x1000bc0c                __pre_init_runtime_init_clocks
 .preinit_array.00600
                0x1000bc10        0x4 CMakeFiles/final_project.dir/home/sreer/pico/pico-sdk/src/rp2_common/pico_runtime_init/runtime_init.c.o
                0x1000bc10                __pre_init_runtime_init_post_clock_resets
 .preinit_array.01000
                0x1000bc14        0x4 CMakeFiles/final_project.dir/home/sreer/pico/pico-sdk/src/rp2_common/hardware_boot_lock/boot_lock.c.o
                0x1000bc14                __pre_init_runtime_init_boot_locks_reset
 .preinit_array.01000
                0x1000bc18        0x4 CMakeFiles/final_project.dir/home/sreer/pico/pico-sdk/src/rp2_common/pico_runtime_init/runtime_init.c.o
                0x1000bc18                __pre_init_runtime_init_spin_locks_reset
 .preinit_array.01010
                0x1000bc1c        0x4 CMakeFiles/final_project.dir/home/sreer/pico/pico-sdk/src/rp2_common/pico_bootrom/bootrom_lock.c.o
                0x1000bc1c                __pre_init_runtime_init_bootrom_locking_enable
 .preinit_array.01100
                0x1000bc20        0x4 CMakeFiles/final_project.dir/home/sreer/pico/pico-sdk/src/common/pico_sync/mutex.c.o
                0x1000bc20                __pre_init_runtime_init_mutex
 .preinit_array.10080
                0x1000bc24        0x4 CMakeFiles/final_project.dir/home/sreer/pico/pico-sdk/src/rp2_common/pico_runtime_init/runtime_init.c.o
                0x1000bc24                __pre_init_runtime_init_install_ram_vector_table
 .preinit_array.11000
                0x1000bc28        0x4 CMakeFiles/final_project.dir/home/sreer/pico/pico-sdk/src/common/pico_time/time.c.o
                0x1000bc28                __pre_init_runtime_init_default_alarm_pool
 .preinit_array.YYYYY
                0x1000bc2c        0x4 CMakeFiles/final_project.dir/home/sreer/pico/pico-sdk/src/rp2_common/pico_runtime/runtime.c.o
                0x1000bc2c                __pre_init_first_per_core_initializer
 .preinit_array.ZZZZZ.00051
                0x1000bc30        0x4 CMakeFiles/final_project.dir/home/sreer/pico/pico-sdk/src/rp2_common/pico_runtime_init/runtime_init.c.o
                0x1000bc30                __pre_init_runtime_init_per_core_bootrom_reset
 .preinit_array.ZZZZZ.00200
                0x1000bc34        0x4 CMakeFiles/final_project.dir/home/sreer/pico/pico-sdk/src/rp2_common/pico_runtime_init/runtime_init.c.o
                0x1000bc34                __pre_init_runtime_init_per_core_enable_coprocessors
 .preinit_array.ZZZZZ.01000
                0x1000bc38        0x4 CMakeFiles/final_project.dir/home/sreer/pico/pico-sdk/src/rp2_common/hardware_sync_spin_lock/sync_spin_lock.c.o
                0x1000bc38                __pre_init_spinlock_set_extexclall
 .preinit_array.ZZZZZ.01200
                0x1000bc3c        0x4 CMakeFiles/final_project.dir/home/sreer/pico/pico-sdk/src/rp2_common/hardware_irq/irq.c.o
                0x1000bc3c                __pre_init_runtime_init_per_core_irq_priorities
 *(.preinit_array)
                0x1000bc40                        PROVIDE (__preinit_array_end = .)
                0x1000bc40                        . = ALIGN (0x4)
                0x1000bc40                        PROVIDE (__init_array_start = .)
 *(SORT_BY_NAME(.init_array.*))
 .init_array.00000
                0x1000bc40        0x4 /usr/lib/gcc/arm-none-eabi/13.2.1/../../../arm-none-eabi/lib/thumb/v8-m.main+fp/softfp/libg.a(libc_a-__call_atexit.o)
 .init_array.01000
                0x1000bc44        0x4 CMakeFiles/final_project.dir/home/sreer/pico/pico-sdk/src/rp2_common/pico_unique_id/unique_id.c.o
 *(.init_array)
 .init_array    0x1000bc48        0x4 /usr/lib/gcc/arm-none-eabi/13.2.1/thumb/v8-m.main+fp/softfp/crtbegin.o
 .init_array    0x1000bc4c        0x4 CMakeFiles/final_project.dir/home/sreer/pico/FreeRTOS-Kernel/portable/ThirdParty/Community-Supported-Ports/GCC/RP2350_ARM_NTZ/non_secure/port.c.o
                0x1000bc50                        PROVIDE (__init_array_end = .)
                0x1000bc50                        . = ALIGN (0x4)
                0x1000bc50                        PROVIDE (__fini_array_start = .)
 *(SORT_BY_NAME(.fini_array.*))
 *(.fini_array)
                0x1000bc50                        PROVIDE (__fini_array_end = .)
 *(.eh_frame*)
 .eh_frame      0x1000bc50        0x0 /usr/lib/gcc/arm-none-eabi/13.2.1/thumb/v8-m.main+fp/softfp/crtbegin.o
                0x1000bc50                        . = ALIGN (0x4)

.glue_7         0x1000bc50        0x0
 .glue_7        0x1000bc50        0x0 linker stubs

.glue_7t        0x1000bc50        0x0
 .glue_7t       0x1000bc50        0x0 linker stubs

.vfp11_veneer   0x1000bc50        0x0
 .vfp11_veneer  0x1000bc50        0x0 linker stubs

.v4_bx          0x1000bc50        0x0
 .v4_bx         0x1000bc50        0x0 linker stubs

.iplt           0x1000bc50        0x0
 .iplt          0x1000bc50        0x0 /usr/lib/gcc/arm-none-eabi/13.2.1/thumb/v8-m.main+fp/softfp/crtbegin.o

.boot2          0x1000bc50        0x0
                0x1000bc50                        __boot2_start__ = .
 *(.boot2)
                0x1000bc50                        __boot2_end__ = .
                0x00000001                        ASSERT (((__boot2_end__ - __boot2_start__) <= 0x100), ERROR: Pico second stage bootloader must be no more than 256 bytes in size)

.rodata         0x1000bc50      0x540
 *(EXCLUDE_FILE(*libm.a: *libc.a:*lib_a-mem*.o *libgcc.a:) .rodata*)
 .rodata.main.str1.4
                0x1000bc50      0x2d6 CMakeFiles/final_project.dir/src/main.c.o
                                 0x28 (size before relaxing)
 .rodata.Heartbeat_Task.str1.4
                0x1000bf26       0x44 CMakeFiles/final_project.dir/src/includes/src/tasks.c.o
 .rodata.Switch_Task.str1.4
                0x1000bf26       0xba CMakeFiles/final_project.dir/src/includes/src/tasks.c.o
 .rodata.panic.str1.4
                0x1000bf26       0x12 CMakeFiles/final_project.dir/home/sreer/pico/pico-sdk/src/rp2_common/pico_platform_panic/panic.c.o
 .rodata.spin_lock_claim.str1.4
                0x1000bf26       0x1f CMakeFiles/final_project.dir/home/sreer/pico/pico-sdk/src/rp2_common/hardware_sync/sync.c.o
 .rodata.spin_lock_claim_unused.str1.4
                0x1000bf26       0x1b CMakeFiles/final_project.dir/home/sreer/pico/pico-sdk/src/rp2_common/hardware_sync/sync.c.o
 .rodata.user_irq_claim_unused.str1.4
                0x1000bf26       0x1b CMakeFiles/final_project.dir/home/sreer/pico/pico-sdk/src/rp2_common/hardware_irq/irq.c.o
 .rodata.timer_hardware_alarm_claim.str1.4
                0x1000bf26       0x22 CMakeFiles/final_project.dir/home/sreer/pico/pico-sdk/src/rp2_common/hardware_timer/timer.c.o
 .rodata.hard_assertion_failure.str1.4
                0x1000bf26        0xc CMakeFiles/final_project.dir/home/sreer/pico/pico-sdk/src/rp2_common/pico_runtime/runtime.c.o
 .rodata.str1.4
                0x1000bf26       0x44 CMakeFiles/final_project.dir/home/sreer/pico/pico-sdk/src/rp2_common/pico_standard_binary_info/standard_binary_info.c.o
 *fill*         0x1000bf26        0x2 
 .rodata.__bi_84
                0x1000bf28        0xc CMakeFiles/final_project.dir/home/sreer/pico/pico-sdk/src/rp2_common/pico_standard_binary_info/standard_binary_info.c.o
 .rodata.__bi_78
                0x1000bf34        0xc CMakeFiles/final_project.dir/home/sreer/pico/pico-sdk/src/rp2_common/pico_standard_binary_info/standard_binary_info.c.o
 .rodata.__bi_54
                0x1000bf40        0xc CMakeFiles/final_project.dir/home/sreer/pico/pico-sdk/src/rp2_common/pico_standard_binary_info/standard_binary_info.c.o
 .rodata.__bi_48
                0x1000bf4c        0xc CMakeFiles/final_project.dir/home/sreer/pico/pico-sdk/src/rp2_common/pico_standard_binary_info/standard_binary_info.c.o
 .rodata.__bi_42
                0x1000bf58        0xc CMakeFiles/final_project.dir/home/sreer/pico/pico-sdk/src/rp2_common/pico_standard_binary_info/standard_binary_info.c.o
 .rodata.__bi_34
                0x1000bf64        0xc CMakeFiles/final_project.dir/home/sreer/pico/pico-sdk/src/rp2_common/pico_standard_binary_info/standard_binary_info.c.o
 .rodata.__bi_26
                0x1000bf70        0xc CMakeFiles/final_project.dir/home/sreer/pico/pico-sdk/src/rp2_common/pico_standard_binary_info/standard_binary_info.c.o
 .rodata._ftoa.str1.4
                0x1000bf7c       0x15 CMakeFiles/final_project.dir/home/sreer/pico/pico-sdk/src/rp2_common/pico_printf/printf.c.o
 *fill*         0x1000bf7c        0x4 
 .rodata.pow10.0
                0x1000bf80       0x50 CMakeFiles/final_project.dir/home/sreer/pico/pico-sdk/src/rp2_common/pico_printf/printf.c.o
 .rodata.crlf_str.0
                0x1000bfd0        0x2 CMakeFiles/final_project.dir/home/sreer/pico/pico-sdk/src/rp2_common/pico_stdio/stdio.c.o
 *fill*         0x1000bfd2        0x2 
 .rodata._resetd_driver
                0x1000bfd4       0x20 CMakeFiles/final_project.dir/home/sreer/pico/pico-sdk/src/rp2_common/pico_stdio_usb/reset_interface.c.o
 .rodata.desc_ms_os_20
                0x1000bff4       0xa6 CMakeFiles/final_project.dir/home/sreer/pico/pico-sdk/src/rp2_common/pico_stdio_usb/reset_interface.c.o
 *fill*         0x1000c09a        0x2 
 .rodata.desc_bos
                0x1000c09c       0x21 CMakeFiles/final_project.dir/home/sreer/pico/pico-sdk/src/rp2_common/pico_stdio_usb/reset_interface.c.o
                0x1000c09c                desc_bos
 .rodata.str1.4
                0x1000c0bd       0x13 CMakeFiles/final_project.dir/home/sreer/pico/pico-sdk/src/rp2_common/pico_stdio_usb/stdio_usb.c.o
 *fill*         0x1000c0bd        0x3 
 .rodata.__bi_202.0
                0x1000c0c0        0xc CMakeFiles/final_project.dir/home/sreer/pico/pico-sdk/src/rp2_common/pico_stdio_usb/stdio_usb.c.o
 .rodata.str1.4
                0x1000c0cc       0x2a CMakeFiles/final_project.dir/home/sreer/pico/pico-sdk/src/rp2_common/pico_stdio_usb/stdio_usb_descriptors.c.o
 .rodata.usbd_desc_str
                0x1000c0cc       0x18 CMakeFiles/final_project.dir/home/sreer/pico/pico-sdk/src/rp2_common/pico_stdio_usb/stdio_usb_descriptors.c.o
 .rodata.usbd_desc_cfg
                0x1000c0e4       0x54 CMakeFiles/final_project.dir/home/sreer/pico/pico-sdk/src/rp2_common/pico_stdio_usb/stdio_usb_descriptors.c.o
 .rodata.usbd_desc_device
                0x1000c138       0x12 CMakeFiles/final_project.dir/home/sreer/pico/pico-sdk/src/rp2_common/pico_stdio_usb/stdio_usb_descriptors.c.o
 .rodata.str1.4
                0x1000c14a       0x14 CMakeFiles/final_project.dir/home/sreer/pico/pico-sdk/lib/tinyusb/src/portable/raspberrypi/rp2040/dcd_rp2040.c.o
 .rodata.str1.4
                0x1000c14a       0x48 CMakeFiles/final_project.dir/home/sreer/pico/pico-sdk/lib/tinyusb/src/portable/raspberrypi/rp2040/rp2040_usb.c.o
 *fill*         0x1000c14a        0x2 
 .rodata._usbd_driver
                0x1000c14c       0x40 CMakeFiles/final_project.dir/home/sreer/pico/pico-sdk/lib/tinyusb/src/device/usbd.c.o
 .rodata.uxTopUsedPriority
                0x1000c18c        0x4 CMakeFiles/final_project.dir/home/sreer/pico/FreeRTOS-Kernel/tasks.c.o
 .rodata.xTimerCreateTimerTask.str1.4
                0x1000c190        0x8 CMakeFiles/final_project.dir/home/sreer/pico/FreeRTOS-Kernel/timers.c.o
 .rodata.multicore_doorbell_claim_unused.str1.4
                0x1000c190       0x12 CMakeFiles/final_project.dir/home/sreer/pico/pico-sdk/src/rp2_common/pico_multicore/multicore.c.o
 *(.srodata*)
                0x1000c1a4                        . = ALIGN (0x4)
 *(SORT_BY_ALIGNMENT(SORT_BY_NAME(.flashdata*)))
                0x1000c1a4                        . = ALIGN (0x4)

.ARM.extab
 *(.ARM.extab* .gnu.linkonce.armextab.*)
                0x1000c190                        __exidx_start = .

.ARM.exidx      0x1000c190        0x8
 *(.ARM.exidx* .gnu.linkonce.armexidx.*)
 .ARM.exidx     0x1000c190        0x8 /usr/lib/gcc/arm-none-eabi/13.2.1/../../../arm-none-eabi/lib/thumb/v8-m.main+fp/softfp/libg.a(libc_a-memcpy.o)
 .ARM.exidx     0x1000c198        0x0 /usr/lib/gcc/arm-none-eabi/13.2.1/thumb/v8-m.main+fp/softfp/libgcc.a(_udivmoddi4.o)
                                  0x8 (size before relaxing)
                0x1000c198                        __exidx_end = .
                0x1000c198                        . = ALIGN (0x4)
                0x1000c198                        __binary_info_start = .

.binary_info    0x1000c198       0x20
 *(.binary_info.keep.*)
 .binary_info.keep.__bi_ptr84
                0x1000c198        0x4 CMakeFiles/final_project.dir/home/sreer/pico/pico-sdk/src/rp2_common/pico_standard_binary_info/standard_binary_info.c.o
 .binary_info.keep.__bi_ptr78
                0x1000c19c        0x4 CMakeFiles/final_project.dir/home/sreer/pico/pico-sdk/src/rp2_common/pico_standard_binary_info/standard_binary_info.c.o
 .binary_info.keep.__bi_ptr54
                0x1000c1a0        0x4 CMakeFiles/final_project.dir/home/sreer/pico/pico-sdk/src/rp2_common/pico_standard_binary_info/standard_binary_info.c.o
 .binary_info.keep.__bi_ptr48
                0x1000c1a4        0x4 CMakeFiles/final_project.dir/home/sreer/pico/pico-sdk/src/rp2_common/pico_standard_binary_info/standard_binary_info.c.o
 .binary_info.keep.__bi_ptr42
                0x1000c1a8        0x4 CMakeFiles/final_project.dir/home/sreer/pico/pico-sdk/src/rp2_common/pico_standard_binary_info/standard_binary_info.c.o
 .binary_info.keep.__bi_ptr34
                0x1000c1ac        0x4 CMakeFiles/final_project.dir/home/sreer/pico/pico-sdk/src/rp2_common/pico_standard_binary_info/standard_binary_info.c.o
 .binary_info.keep.__bi_ptr26
                0x1000c1b0        0x4 CMakeFiles/final_project.dir/home/sreer/pico/pico-sdk/src/rp2_common/pico_standard_binary_info/standard_binary_info.c.o
 *(.binary_info.*)
 .binary_info.__bi_ptr202
                0x1000c1b4        0x4 CMakeFiles/final_project.dir/home/sreer/pico/pico-sdk/src/rp2_common/pico_stdio_usb/stdio_usb.c.o
                0x1000c1b8                        __binary_info_end = .
                0x1000c1b8                        . = ALIGN (0x4)

.ram_vector_table
                0x20000000      0x110
 *(.ram_vector_table)
 .ram_vector_table
                0x20000000      0x110 CMakeFiles/final_project.dir/home/sreer/pico/pico-sdk/src/rp2_common/pico_runtime_init/runtime_init.c.o
                0x20000000                ram_vector_table

.uninitialized_data
                0x20000110        0x0
                0x20000110                        . = ALIGN (0x4)
 *(.uninitialized_data*)

.data           0x20000110     0x1598 load address 0x1000c1b8
                0x20000110                        __data_start__ = .
 *(vtable)
 *(.time_critical*)
 .time_critical.mutex_try_enter
                0x20000110       0x48 CMakeFiles/final_project.dir/home/sreer/pico/pico-sdk/src/common/pico_sync/mutex.c.o
                0x20000110                mutex_try_enter
 .time_critical.mutex_try_enter_block_until
                0x20000158       0xac CMakeFiles/final_project.dir/home/sreer/pico/pico-sdk/src/common/pico_sync/mutex.c.o
                0x20000158                mutex_try_enter_block_until
 .time_critical.mutex_enter_timeout_ms
                0x20000204       0x78 CMakeFiles/final_project.dir/home/sreer/pico/pico-sdk/src/common/pico_sync/mutex.c.o
                0x20000204                mutex_enter_timeout_ms
 .time_critical.mutex_exit
                0x2000027c       0x34 CMakeFiles/final_project.dir/home/sreer/pico/pico-sdk/src/common/pico_sync/mutex.c.o
                0x2000027c                mutex_exit
 .time_critical.reset_non_control_endpoints
                0x200002b0       0x64 CMakeFiles/final_project.dir/home/sreer/pico/pico-sdk/lib/tinyusb/src/portable/raspberrypi/rp2040/dcd_rp2040.c.o
 .time_critical.hw_handle_buff_status
                0x20000314       0x94 CMakeFiles/final_project.dir/home/sreer/pico/pico-sdk/lib/tinyusb/src/portable/raspberrypi/rp2040/dcd_rp2040.c.o
 .time_critical.dcd_rp2040_irq
                0x200003a8      0x510 CMakeFiles/final_project.dir/home/sreer/pico/pico-sdk/lib/tinyusb/src/portable/raspberrypi/rp2040/dcd_rp2040.c.o
 .time_critical.prepare_ep_buffer
                0x200008b8       0xd0 CMakeFiles/final_project.dir/home/sreer/pico/pico-sdk/lib/tinyusb/src/portable/raspberrypi/rp2040/rp2040_usb.c.o
 .time_critical.sync_ep_buffer
                0x20000988       0xb8 CMakeFiles/final_project.dir/home/sreer/pico/pico-sdk/lib/tinyusb/src/portable/raspberrypi/rp2040/rp2040_usb.c.o
 .time_critical._hw_endpoint_xfer_sync
                0x20000a40       0x2c CMakeFiles/final_project.dir/home/sreer/pico/pico-sdk/lib/tinyusb/src/portable/raspberrypi/rp2040/rp2040_usb.c.o
 .time_critical.e15_is_bulkin_ep
                0x20000a6c       0x28 CMakeFiles/final_project.dir/home/sreer/pico/pico-sdk/lib/tinyusb/src/portable/raspberrypi/rp2040/rp2040_usb.c.o
 .time_critical.e15_is_critical_frame_period