Archive member included to satisfy reference by file (symbol)

/usr/lib/gcc/arm-none-eabi/13.2.1/../../../arm-none-eabi/lib/thumb/v8-m.main+fp/softfp/libm.a(libm_a-wf_sqrt.o)
                              CMakeFiles/mic_basics.dir/home/sreer/pico/pico-sdk/src/rp2_common/pico_float/float_math.c.o (sqrtf)
/usr/lib/gcc/arm-none-eabi/13.2.1/../../../arm-none-eabi/lib/thumb/v8-m.main+fp/softfp/libm.a(libm_a-ef_sqrt.o)
                              /usr/lib/gcc/arm-none-eabi/13.2.1/../../../arm-none-eabi/lib/thumb/v8-m.main+fp/softfp/libm.a(libm_a-wf_sqrt.o) (__ieee754_sqrtf)
/usr/lib/gcc/arm-none-eabi/13.2.1/thumb/v8-m.main+fp/softfp/libgcc.a(_arm_addsubdf3.o)
                              CMakeFiles/mic_basics.dir/home/sreer/pico/pico-sdk/src/rp2_common/pico_float/float_math.c.o (__aeabi_f2d)
/usr/lib/gcc/arm-none-eabi/13.2.1/thumb/v8-m.main+fp/softfp/libgcc.a(_aeabi_ldivmod.o)
                              CMakeFiles/mic_basics.dir/home/sreer/pico/pico-sdk/src/common/pico_time/time.c.o (__aeabi_ldivmod)
/usr/lib/gcc/arm-none-eabi/13.2.1/thumb/v8-m.main+fp/softfp/libgcc.a(_aeabi_uldivmod.o)
                              CMakeFiles/mic_basics.dir/home/sreer/pico/pico-sdk/src/rp2_common/hardware_clocks/clocks.c.o (__aeabi_uldivmod)
/usr/lib/gcc/arm-none-eabi/13.2.1/thumb/v8-m.main+fp/softfp/libgcc.a(_udivmoddi4.o)
                              /usr/lib/gcc/arm-none-eabi/13.2.1/thumb/v8-m.main+fp/softfp/libgcc.a(_aeabi_ldivmod.o) (__udivmoddi4)
/usr/lib/gcc/arm-none-eabi/13.2.1/thumb/v8-m.main+fp/softfp/libgcc.a(_dvmd_tls.o)
                              /usr/lib/gcc/arm-none-eabi/13.2.1/thumb/v8-m.main+fp/softfp/libgcc.a(_aeabi_ldivmod.o) (__aeabi_ldiv0)
/usr/lib/gcc/arm-none-eabi/13.2.1/../../../arm-none-eabi/lib/thumb/v8-m.main+fp/softfp/libg.a(libc_a-memset.o)
                              /usr/lib/gcc/arm-none-eabi/13.2.1/../../../arm-none-eabi/lib/thumb/v8-m.main+fp/softfp/crt0.o (memset)
/usr/lib/gcc/arm-none-eabi/13.2.1/../../../arm-none-eabi/lib/thumb/v8-m.main+fp/softfp/libg.a(libc_a-calloc.o)
                              CMakeFiles/mic_basics.dir/home/sreer/pico/pico-sdk/src/rp2_common/pico_malloc/malloc.c.o (calloc)
/usr/lib/gcc/arm-none-eabi/13.2.1/../../../arm-none-eabi/lib/thumb/v8-m.main+fp/softfp/libg.a(libc_a-errno.o)
                              /usr/lib/gcc/arm-none-eabi/13.2.1/../../../arm-none-eabi/lib/thumb/v8-m.main+fp/softfp/libm.a(libm_a-wf_sqrt.o) (__errno)
/usr/lib/gcc/arm-none-eabi/13.2.1/../../../arm-none-eabi/lib/thumb/v8-m.main+fp/softfp/libg.a(libc_a-impure.o)
                              /usr/lib/gcc/arm-none-eabi/13.2.1/../../../arm-none-eabi/lib/thumb/v8-m.main+fp/softfp/libg.a(libc_a-calloc.o) (_impure_ptr)
/usr/lib/gcc/arm-none-eabi/13.2.1/../../../arm-none-eabi/lib/thumb/v8-m.main+fp/softfp/libg.a(libc_a-callocr.o)
                              /usr/lib/gcc/arm-none-eabi/13.2.1/../../../arm-none-eabi/lib/thumb/v8-m.main+fp/softfp/libg.a(libc_a-calloc.o) (_calloc_r)
/usr/lib/gcc/arm-none-eabi/13.2.1/../../../arm-none-eabi/lib/thumb/v8-m.main+fp/softfp/libg.a(libc_a-realloc.o)
                              CMakeFiles/mic_basics.dir/home/sreer/pico/pico-sdk/src/rp2_common/pico_malloc/malloc.c.o (realloc)
/usr/lib/gcc/arm-none-eabi/13.2.1/../../../arm-none-eabi/lib/thumb/v8-m.main+fp/softfp/libg.a(libc_a-mallocr.o)
                              /usr/lib/gcc/arm-none-eabi/13.2.1/../../../arm-none-eabi/lib/thumb/v8-m.main+fp/softfp/libg.a(libc_a-callocr.o) (_malloc_r)
/usr/lib/gcc/arm-none-eabi/13.2.1/../../../arm-none-eabi/lib/thumb/v8-m.main+fp/softfp/libg.a(libc_a-freer.o)
                              /usr/lib/gcc/arm-none-eabi/13.2.1/../../../arm-none-eabi/lib/thumb/v8-m.main+fp/softfp/libg.a(libc_a-mallocr.o) (_free_r)
/usr/lib/gcc/arm-none-eabi/13.2.1/../../../arm-none-eabi/lib/thumb/v8-m.main+fp/softfp/libg.a(libc_a-memcmp.o)
                              CMakeFiles/mic_basics.dir/home/sreer/pico/pico-sdk/src/rp2_common/pico_atomic/atomic.c.o (memcmp)
/usr/lib/gcc/arm-none-eabi/13.2.1/../../../arm-none-eabi/lib/thumb/v8-m.main+fp/softfp/libg.a(libc_a-malloc.o)
                              CMakeFiles/mic_basics.dir/home/sreer/pico/pico-sdk/src/rp2_common/pico_malloc/malloc.c.o (malloc)
/usr/lib/gcc/arm-none-eabi/13.2.1/../../../arm-none-eabi/lib/thumb/v8-m.main+fp/softfp/libg.a(libc_a-memcpy.o)
                              CMakeFiles/mic_basics.dir/home/sreer/pico/pico-sdk/src/common/pico_util/queue.c.o (memcpy)
/usr/lib/gcc/arm-none-eabi/13.2.1/../../../arm-none-eabi/lib/thumb/v8-m.main+fp/softfp/libg.a(libc_a-sysconf.o)
                              /usr/lib/gcc/arm-none-eabi/13.2.1/../../../arm-none-eabi/lib/thumb/v8-m.main+fp/softfp/libg.a(libc_a-mallocr.o) (sysconf)
/usr/lib/gcc/arm-none-eabi/13.2.1/../../../arm-none-eabi/lib/thumb/v8-m.main+fp/softfp/libg.a(libc_a-init.o)
                              /usr/lib/gcc/arm-none-eabi/13.2.1/../../../arm-none-eabi/lib/thumb/v8-m.main+fp/softfp/crt0.o (__libc_init_array)
[...]
Memory Configuration

Name             Origin             Length             Attributes
FLASH            0x10000000         0x00400000         xr
RAM              0x20000000         0x00080000         xrw
SCRATCH_X        0x20080000         0x00001000         xrw
SCRATCH_Y        0x20081000         0x00001000         xrw
*default*        0x00000000         0xffffffff

Linker script and memory map

LOAD /usr/lib/gcc/arm-none-eabi/13.2.1/thumb/v8-m.main+fp/softfp/crti.o
LOAD /usr/lib/gcc/arm-none-eabi/13.2.1/thumb/v8-m.main+fp/softfp/crtbegin.o
LOAD /usr/lib/gcc/arm-none-eabi/13.2.1/../../../arm-none-eabi/lib/thumb/v8-m.main+fp/softfp/crt0.o

.flash_begin    0x10000000        0x0
                0x10000000                        __flash_binary_start = .

.text           0x10000000     0x4a2c
                0x10000000                        __logical_binary_start = .
 *(.vectors)
 .vectors       0x10000000      0x124 CMakeFiles/mic_basics.dir/home/sreer/pico/pico-sdk/src/rp2_common/pico_crt0/crt0.S.o
                0x10000000                __vectors
                0x10000000                __VECTOR_TABLE
                0x10000110                isr_securefault
                0x10000110                isr_irq30
                0x10000110                __unhandled_user_irq
                0x10000110                isr_irq49
                0x10000110                isr_irq13
                0x10000110                isr_irq43
                0x10000110                isr_irq45
                0x10000110                isr_irq27
                0x10000110                isr_irq32
                0x10000110                isr_irq31
                0x10000110                isr_irq5
                0x10000110                isr_irq11
                0x10000110                isr_irq23
                0x10000110                isr_usagefault
                0x10000110                isr_irq48
                0x10000110                isr_irq35
                0x10000110                isr_irq18
                0x10000110                isr_irq50
                0x10000110                isr_irq40
                0x10000110                isr_irq28
                0x10000110                isr_irq19
                0x10000110                isr_irq36
                0x10000110                isr_irq41
                0x10000110                isr_irq0
                0x10000110                isr_irq6
                0x10000110                isr_memmanage
                0x10000110                isr_irq37
                0x10000110                isr_irq42
                0x10000110                isr_irq22
                0x10000110                isr_irq17
                0x10000110                isr_irq38
                0x10000110                isr_irq14
                0x10000110                __vectors_end
                0x10000110                __default_isrs_start
                0x10000110                isr_irq2
                0x10000110                isr_irq10
                0x10000110                isr_irq8
                0x10000110                isr_debugmonitor
                0x10000110                isr_irq24
                0x10000110                isr_irq46
                0x10000110                isr_irq1
                0x10000110                isr_irq47
                0x10000110                isr_irq51
                0x10000110                isr_irq7
                0x10000110                isr_irq21
                0x10000110                isr_irq39
                0x10000110                isr_irq20
                0x10000110                isr_irq15
                0x10000110                isr_irq25
                0x10000110                isr_irq34
                0x10000110                isr_irq4
                0x10000110                isr_busfault
                0x10000110                isr_irq16
                0x10000110                isr_irq44
                0x10000110                isr_irq29
                0x10000110                isr_irq26
                0x10000110                isr_irq33
                0x10000110                isr_irq3
                0x10000110                isr_irq12
                0x10000110                isr_irq9
                0x10000116                unhandled_user_irq_num_in_r0
                0x10000118                isr_invalid
                0x1000011a                isr_nmi
                0x1000011c                isr_hardfault
                0x1000011e                isr_svcall
                0x10000120                isr_pendsv
                0x10000122                isr_systick
                0x10000124                __default_isrs_end
 *(.binary_info_header)
 .binary_info_header
                0x10000124       0x14 CMakeFiles/mic_basics.dir/home/sreer/pico/pico-sdk/src/rp2_common/pico_crt0/crt0.S.o
                0x10000138                        __binary_info_header_end = .
 *(.embedded_block)
 .embedded_block
                0x10000138       0x14 CMakeFiles/mic_basics.dir/home/sreer/pico/pico-sdk/src/rp2_common/pico_crt0/crt0.S.o
                0x1000014c                        __embedded_block_end = .
 *(.reset)
 .reset         0x1000014c       0x98 CMakeFiles/mic_basics.dir/home/sreer/pico/pico-sdk/src/rp2_common/pico_crt0/crt0.S.o
                0x1000014c                _entry_point
 *(.init)
 .init          0x100001e4        0x4 /usr/lib/gcc/arm-none-eabi/13.2.1/thumb/v8-m.main+fp/softfp/crti.o
                0x100001e4                _init
 *libgcc.a:cmse_nonsecure_call.o()
 *(EXCLUDE_FILE(*libm.a: *libc.a:*lib_a-mem*.o *libgcc.a:) .text*)
 .text          0x100001e8       0x8c /usr/lib/gcc/arm-none-eabi/13.2.1/thumb/v8-m.main+fp/softfp/crtbegin.o
 .text.toggle_diode
                0x10000274       0x18 CMakeFiles/mic_basics.dir/src/main.c.o
                0x10000274                toggle_diode
 .text.toggle_piezo
                0x1000028c       0x10 CMakeFiles/mic_basics.dir/src/main.c.o
                0x1000028c                toggle_piezo
 .text.gpio_alarm_callback
                0x1000029c       0x14 CMakeFiles/mic_basics.dir/src/main.c.o
                0x1000029c                gpio_alarm_callback
 .text.gpio_irq_callback
                0x100002b0       0x68 CMakeFiles/mic_basics.dir/src/main.c.o
                0x100002b0                gpio_irq_callback
 .text.startup.main
                0x10000318       0xe4 CMakeFiles/mic_basics.dir/src/main.c.o
                0x10000318                main
 .text.gpio_default_irq_handler
                0x100003fc      0x1b4 CMakeFiles/mic_basics.dir/home/sreer/pico/pico-sdk/src/rp2_common/hardware_gpio/gpio.c.o
 .text.gpio_set_pulls
                0x100005b0       0x28 CMakeFiles/mic_basics.dir/home/sreer/pico/pico-sdk/src/rp2_common/hardware_gpio/gpio.c.o
                0x100005b0                gpio_set_pulls
 .text.gpio_set_irq_enabled
                0x100005d8       0x50 CMakeFiles/mic_basics.dir/home/sreer/pico/pico-sdk/src/rp2_common/hardware_gpio/gpio.c.o
                0x100005d8                gpio_set_irq_enabled
 .text.gpio_set_irq_callback
                0x10000628       0x40 CMakeFiles/mic_basics.dir/home/sreer/pico/pico-sdk/src/rp2_common/hardware_gpio/gpio.c.o
                0x10000628                gpio_set_irq_callback
 .text.gpio_init
                0x10000668       0x48 CMakeFiles/mic_basics.dir/home/sreer/pico/pico-sdk/src/rp2_common/hardware_gpio/gpio.c.o
                0x10000668                gpio_init
 .text.panic    0x100006b0       0x30 CMakeFiles/mic_basics.dir/home/sreer/pico/pico-sdk/src/rp2_common/pico_platform_panic/panic.c.o
                0x100006b0                panic
 .text.hw_claim_or_assert
                0x100006e0       0x58 CMakeFiles/mic_basics.dir/home/sreer/pico/pico-sdk/src/common/hardware_claim/claim.c.o
                0x100006e0                hw_claim_or_assert
 .text.hw_claim_unused_from_range
                0x10000738       0x9c CMakeFiles/mic_basics.dir/home/sreer/pico/pico-sdk/src/common/hardware_claim/claim.c.o
                0x10000738                hw_claim_unused_from_range
 .text.next_striped_spin_lock_num
                0x100007d4       0x18 CMakeFiles/mic_basics.dir/home/sreer/pico/pico-sdk/src/rp2_common/hardware_sync/sync.c.o
                0x100007d4                next_striped_spin_lock_num
 .text.spin_lock_claim_unused
                0x100007ec       0x20 CMakeFiles/mic_basics.dir/home/sreer/pico/pico-sdk/src/rp2_common/hardware_sync/sync.c.o
                0x100007ec                spin_lock_claim_unused
 .text.spinlock_set_extexclall
                0x1000080c       0x10 CMakeFiles/mic_basics.dir/home/sreer/pico/pico-sdk/src/rp2_common/hardware_sync_spin_lock/sync_spin_lock.c.o
 .text.spin_locks_reset
                0x1000081c       0x18 CMakeFiles/mic_basics.dir/home/sreer/pico/pico-sdk/src/rp2_common/hardware_sync_spin_lock/sync_spin_lock.c.o
                0x1000081c                spin_locks_reset
 .text.runtime_init_per_core_irq_priorities
                0x10000834       0x40 CMakeFiles/mic_basics.dir/home/sreer/pico/pico-sdk/src/rp2_common/hardware_irq/irq.c.o
                0x10000834                runtime_init_per_core_irq_priorities
 .text.irq_set_enabled
                0x10000874       0x2c CMakeFiles/mic_basics.dir/home/sreer/pico/pico-sdk/src/rp2_common/hardware_irq/irq.c.o
                0x10000874                irq_set_enabled
 .text.irq_is_enabled
                0x100008a0       0x20 CMakeFiles/mic_basics.dir/home/sreer/pico/pico-sdk/src/rp2_common/hardware_irq/irq.c.o
                0x100008a0                irq_is_enabled
 .text.irq_set_pending
                0x100008c0       0x18 CMakeFiles/mic_basics.dir/home/sreer/pico/pico-sdk/src/rp2_common/hardware_irq/irq.c.o
                0x100008c0                irq_set_pending
 .text.irq_has_shared_handler
                0x100008d8       0x20 CMakeFiles/mic_basics.dir/home/sreer/pico/pico-sdk/src/rp2_common/hardware_irq/irq.c.o
                0x100008d8                irq_has_shared_handler
 .text.irq_set_exclusive_handler
                0x100008f8       0x60 CMakeFiles/mic_basics.dir/home/sreer/pico/pico-sdk/src/rp2_common/hardware_irq/irq.c.o
                0x100008f8                irq_set_exclusive_handler
 .text.irq_add_shared_handler
                0x10000958      0x1e8 CMakeFiles/mic_basics.dir/home/sreer/pico/pico-sdk/src/rp2_common/hardware_irq/irq.c.o
                0x10000958                irq_add_shared_handler
 .text.irq_remove_handler
                0x10000b40      0x1fc CMakeFiles/mic_basics.dir/home/sreer/pico/pico-sdk/src/rp2_common/hardware_irq/irq.c.o
                0x10000b40                irq_remove_handler
 .text.irq_add_tail_to_free_list
                0x10000d3c       0xbc CMakeFiles/mic_basics.dir/home/sreer/pico/pico-sdk/src/rp2_common/hardware_irq/irq.c.o
                0x10000d3c                irq_add_tail_to_free_list
 .text.user_irq_claim_unused
                0x10000df8       0x28 CMakeFiles/mic_basics.dir/home/sreer/pico/pico-sdk/src/rp2_common/hardware_irq/irq.c.o
                0x10000df8                user_irq_claim_unused
 .text.lock_init
                0x10000e20        0xc CMakeFiles/mic_basics.dir/home/sreer/pico/pico-sdk/src/common/pico_sync/lock_core.c.o
                0x10000e20                lock_init
 .text.runtime_init_mutex
                0x10000e2c       0x4c CMakeFiles/mic_basics.dir/home/sreer/pico/pico-sdk/src/common/pico_sync/mutex.c.o
                0x10000e2c                runtime_init_mutex
 .text.mutex_init
                0x10000e78       0x1c CMakeFiles/mic_basics.dir/home/sreer/pico/pico-sdk/src/common/pico_sync/mutex.c.o
                0x10000e78                mutex_init
 .text.critical_section_init
                0x10000e94       0x1c CMakeFiles/mic_basics.dir/home/sreer/pico/pico-sdk/src/common/pico_sync/critical_section.c.o
                0x10000e94                critical_section_init
 .text.critical_section_init_with_lock_num
                0x10000eb0       0x10 CMakeFiles/mic_basics.dir/home/sreer/pico/pico-sdk/src/common/pico_sync/critical_section.c.o
                0x10000eb0                critical_section_init_with_lock_num
 .text.sleep_until_callback
                0x10000ec0       0x3c CMakeFiles/mic_basics.dir/home/sreer/pico/pico-sdk/src/common/pico_time/time.c.o
 *fill*         0x10000efc        0x4 
 .text.alarm_pool_irq_handler
                0x10000f00      0x2f0 CMakeFiles/mic_basics.dir/home/sreer/pico/pico-sdk/src/common/pico_time/time.c.o
 .text.runtime_init_default_alarm_pool
                0x100011f0      0x100 CMakeFiles/mic_basics.dir/home/sreer/pico/pico-sdk/src/common/pico_time/time.c.o
                0x100011f0                runtime_init_default_alarm_pool
 .text.alarm_pool_get_default
                0x100012f0        0x8 CMakeFiles/mic_basics.dir/home/sreer/pico/pico-sdk/src/common/pico_time/time.c.o
                0x100012f0                alarm_pool_get_default
 .text.alarm_pool_add_alarm_at
                0x100012f8       0xdc CMakeFiles/mic_basics.dir/home/sreer/pico/pico-sdk/src/common/pico_time/time.c.o
                0x100012f8                alarm_pool_add_alarm_at
 .text.alarm_pool_add_alarm_at_force_in_context
                0x100013d4       0xc8 CMakeFiles/mic_basics.dir/home/sreer/pico/pico-sdk/src/common/pico_time/time.c.o
                0x100013d4                alarm_pool_add_alarm_at_force_in_context
 .text.alarm_pool_cancel_alarm
                0x1000149c       0x80 CMakeFiles/mic_basics.dir/home/sreer/pico/pico-sdk/src/common/pico_time/time.c.o
                0x1000149c                alarm_pool_cancel_alarm
 .text.alarm_pool_core_num
                0x1000151c        0x4 CMakeFiles/mic_basics.dir/home/sreer/pico/pico-sdk/src/common/pico_time/time.c.o
                0x1000151c                alarm_pool_core_num
 .text.best_effort_wfe_or_timeout
                0x10001520       0xbc CMakeFiles/mic_basics.dir/home/sreer/pico/pico-sdk/src/common/pico_time/time.c.o
                0x10001520                best_effort_wfe_or_timeout
 .text.alarm_pool_add_repeating_timer_us
                0x100015dc      0x120 CMakeFiles/mic_basics.dir/home/sreer/pico/pico-sdk/src/common/pico_time/time.c.o
                0x100015dc                alarm_pool_add_repeating_timer_us
 .text.cancel_repeating_timer
                0x100016fc       0x9c CMakeFiles/mic_basics.dir/home/sreer/pico/pico-sdk/src/common/pico_time/time.c.o
                0x100016fc                cancel_repeating_timer
 .text.timer_hardware_alarm_claim
                0x10001798       0x24 CMakeFiles/mic_basics.dir/home/sreer/pico/pico-sdk/src/rp2_common/hardware_timer/timer.c.o
                0x10001798                timer_hardware_alarm_claim
 .text.timer_time_us_64
                0x100017bc       0x10 CMakeFiles/mic_basics.dir/home/sreer/pico/pico-sdk/src/rp2_common/hardware_timer/timer.c.o
                0x100017bc                timer_time_us_64
 .text.time_us_64
                0x100017cc       0x14 CMakeFiles/mic_basics.dir/home/sreer/pico/pico-sdk/src/rp2_common/hardware_timer/timer.c.o
                0x100017cc                time_us_64
 .text.clock_configure_undivided
                0x100017e0       0xd0 CMakeFiles/mic_basics.dir/home/sreer/pico/pico-sdk/src/rp2_common/hardware_clocks/clocks.c.o
                0x100017e0                clock_configure_undivided
 .text.clock_get_hz
                0x100018b0        0xc CMakeFiles/mic_basics.dir/home/sreer/pico/pico-sdk/src/rp2_common/hardware_clocks/clocks.c.o
                0x100018b0                clock_get_hz
 .text.pll_init
                0x100018bc       0x8c CMakeFiles/mic_basics.dir/home/sreer/pico/pico-sdk/src/rp2_common/hardware_pll/pll.c.o
                0x100018bc                pll_init
 .text.watchdog_reboot
                0x10001948       0x98 CMakeFiles/mic_basics.dir/home/sreer/pico/pico-sdk/src/rp2_common/hardware_watchdog/watchdog.c.o
                0x10001948                watchdog_reboot
 .text.tick_start
                0x100019e0       0x18 CMakeFiles/mic_basics.dir/home/sreer/pico/pico-sdk/src/rp2_common/hardware_ticks/ticks.c.o
                0x100019e0                tick_start
 .text.rom_reboot.constprop.0.isra.0
                0x100019f8       0x34 CMakeFiles/mic_basics.dir/home/sreer/pico/pico-sdk/src/rp2_common/pico_bootrom/bootrom.c.o
 .text.rom_func_lookup
                0x10001a2c       0x18 CMakeFiles/mic_basics.dir/home/sreer/pico/pico-sdk/src/rp2_common/pico_bootrom/bootrom.c.o
                0x10001a2c                rom_func_lookup
 .text.rom_reset_usb_boot_extra
                0x10001a44       0x1c CMakeFiles/mic_basics.dir/home/sreer/pico/pico-sdk/src/rp2_common/pico_bootrom/bootrom.c.o
                0x10001a44                rom_reset_usb_boot_extra
 .text.runtime_init_bootrom_locking_enable
                0x10001a60       0x14 CMakeFiles/mic_basics.dir/home/sreer/pico/pico-sdk/src/rp2_common/pico_bootrom/bootrom_lock.c.o
                0x10001a60                runtime_init_bootrom_locking_enable
 .text.runtime_init_boot_locks_reset
                0x10001a74       0x1c CMakeFiles/mic_basics.dir/home/sreer/pico/pico-sdk/src/rp2_common/hardware_boot_lock/boot_lock.c.o
                0x10001a74                runtime_init_boot_locks_reset
 .text.xosc_init
                0x10001a90       0x30 CMakeFiles/mic_basics.dir/home/sreer/pico/pico-sdk/src/rp2_common/hardware_xosc/xosc.c.o
                0x10001a90                xosc_init
 .text.first_per_core_initializer
                0x10001ac0        0x4 CMakeFiles/mic_basics.dir/home/sreer/pico/pico-sdk/src/rp2_common/pico_runtime/runtime.c.o
 .text.hard_assertion_failure
                0x10001ac4        0xc CMakeFiles/mic_basics.dir/home/sreer/pico/pico-sdk/src/rp2_common/pico_runtime/runtime.c.o
                0x10001ac4                hard_assertion_failure
 .text.runtime_run_initializers
                0x10001ad0       0x20 CMakeFiles/mic_basics.dir/home/sreer/pico/pico-sdk/src/rp2_common/pico_runtime/runtime.c.o
                0x10001ad0                runtime_run_initializers
 .text.runtime_init_early_resets
                0x10001af0       0x34 CMakeFiles/mic_basics.dir/home/sreer/pico/pico-sdk/src/rp2_common/pico_runtime_init/runtime_init.c.o
                0x10001af0                runtime_init_early_resets
 .text.runtime_init_usb_power_down
                0x10001b24       0x1c CMakeFiles/mic_basics.dir/home/sreer/pico/pico-sdk/src/rp2_common/pico_runtime_init/runtime_init.c.o
                0x10001b24                runtime_init_usb_power_down
 .text.runtime_init_per_core_enable_coprocessors
                0x10001b40       0x1c CMakeFiles/mic_basics.dir/home/sreer/pico/pico-sdk/src/rp2_common/pico_runtime_init/runtime_init.c.o
                0x10001b40                runtime_init_per_core_enable_coprocessors
 .text.runtime_init_post_clock_resets
                0x10001b5c       0x20 CMakeFiles/mic_basics.dir/home/sreer/pico/pico-sdk/src/rp2_common/pico_runtime_init/runtime_init.c.o
                0x10001b5c                runtime_init_post_clock_resets
 .text.runtime_init_bootrom_reset
                0x10001b7c       0x14 CMakeFiles/mic_basics.dir/home/sreer/pico/pico-sdk/src/rp2_common/pico_runtime_init/runtime_init.c.o
                0x10001b7c                runtime_init_bootrom_reset
 .text.runtime_init_per_core_bootrom_reset
                0x10001b90       0x14 CMakeFiles/mic_basics.dir/home/sreer/pico/pico-sdk/src/rp2_common/pico_runtime_init/runtime_init.c.o
                0x10001b90                runtime_init_per_core_bootrom_reset
 .text.runtime_init_spin_locks_reset
                0x10001ba4        0x4 CMakeFiles/mic_basics.dir/home/sreer/pico/pico-sdk/src/rp2_common/pico_runtime_init/runtime_init.c.o
                0x10001ba4                runtime_init_spin_locks_reset
 .text.runtime_init_install_ram_vector_table
                0x10001ba8       0x68 CMakeFiles/mic_basics.dir/home/sreer/pico/pico-sdk/src/rp2_common/pico_runtime_init/runtime_init.c.o
                0x10001ba8                runtime_init_install_ram_vector_table
 .text.runtime_init_clocks
                0x10001c10       0xdc CMakeFiles/mic_basics.dir/home/sreer/pico/pico-sdk/src/rp2_common/pico_runtime_init/runtime_init_clocks.c.o
                0x10001c10                runtime_init_clocks
 .text._out_char
                0x10001cec        0x8 CMakeFiles/mic_basics.dir/home/sreer/pico/pico-sdk/src/rp2_common/pico_printf/printf.c.o
 .text.weak_raw_vprintf
                0x10001cf4       0x30 CMakeFiles/mic_basics.dir/home/sreer/pico/pico-sdk/src/rp2_common/pico_printf/printf.c.o
                0x10001cf4                weak_raw_vprintf
 .text._exit    0x10001d24        0x4 CMakeFiles/mic_basics.dir/home/sreer/pico/pico-sdk/src/rp2_common/pico_clib_interface/newlib_interface.c.o
                0x10001d24                _exit
 .text.exit     0x10001d28        0x8 CMakeFiles/mic_basics.dir/home/sreer/pico/pico-sdk/src/rp2_common/pico_clib_interface/newlib_interface.c.o
                0x10001d28                exit
 .text.runtime_init
                0x10001d30       0x24 CMakeFiles/mic_basics.dir/home/sreer/pico/pico-sdk/src/rp2_common/pico_clib_interface/newlib_interface.c.o
                0x10001d30                runtime_init
 .text.stdio_out_chars_no_crlf
                0x10001d54        0x8 CMakeFiles/mic_basics.dir/home/sreer/pico/pico-sdk/src/rp2_common/pico_stdio/stdio.c.o
 .text.stdio_out_chars_crlf
                0x10001d5c       0xac CMakeFiles/mic_basics.dir/home/sreer/pico/pico-sdk/src/rp2_common/pico_stdio/stdio.c.o
 .text.stdio_put_string
                0x10001e08       0xf0 CMakeFiles/mic_basics.dir/home/sreer/pico/pico-sdk/src/rp2_common/pico_stdio/stdio.c.o
                0x10001e08                stdio_put_string
 .text.stdio_set_driver_enabled
                0x10001ef8       0x30 CMakeFiles/mic_basics.dir/home/sreer/pico/pico-sdk/src/rp2_common/pico_stdio/stdio.c.o
                0x10001ef8                stdio_set_driver_enabled
 .text.stdio_init_all
                0x10001f28        0x4 CMakeFiles/mic_basics.dir/home/sreer/pico/pico-sdk/src/rp2_common/pico_stdio/stdio.c.o
                0x10001f28                stdio_init_all
 .text.__wrap_putchar
                0x10001f2c       0x84 CMakeFiles/mic_basics.dir/home/sreer/pico/pico-sdk/src/rp2_common/pico_stdio/stdio.c.o
                0x10001f2c                stdio_putchar
                0x10001f2c                __wrap_putchar
 .text.__wrap_puts
                0x10001fb0       0x3c CMakeFiles/mic_basics.dir/home/sreer/pico/pico-sdk/src/rp2_common/pico_stdio/stdio.c.o
                0x10001fb0                __wrap_puts
                0x10001fb0                stdio_puts
 .text.resetd_init
                0x10001fec        0x4 CMakeFiles/mic_basics.dir/home/sreer/pico/pico-sdk/src/rp2_common/pico_stdio_usb/reset_interface.c.o
 .text.resetd_reset
                0x10001ff0        0xc CMakeFiles/mic_basics.dir/home/sreer/pico/pico-sdk/src/rp2_common/pico_stdio_usb/reset_interface.c.o
 .text.resetd_open
                0x10001ffc       0x28 CMakeFiles/mic_basics.dir/home/sreer/pico/pico-sdk/src/rp2_common/pico_stdio_usb/reset_interface.c.o
 .text.resetd_xfer_cb
                0x10002024        0x4 CMakeFiles/mic_basics.dir/home/sreer/pico/pico-sdk/src/rp2_common/pico_stdio_usb/reset_interface.c.o
 .text.resetd_control_xfer_cb
                0x10002028       0x50 CMakeFiles/mic_basics.dir/home/sreer/pico/pico-sdk/src/rp2_common/pico_stdio_usb/reset_interface.c.o
 .text.tud_descriptor_bos_cb
                0x10002078        0x8 CMakeFiles/mic_basics.dir/home/sreer/pico/pico-sdk/src/rp2_common/pico_stdio_usb/reset_interface.c.o
                0x10002078                tud_descriptor_bos_cb
 .text.tud_vendor_control_xfer_cb
                0x10002080       0x28 CMakeFiles/mic_basics.dir/home/sreer/pico/pico-sdk/src/rp2_common/pico_stdio_usb/reset_interface.c.o
                0x10002080                tud_vendor_control_xfer_cb
 .text.usbd_app_driver_get_cb
                0x100020a8       0x10 CMakeFiles/mic_basics.dir/home/sreer/pico/pico-sdk/src/rp2_common/pico_stdio_usb/reset_interface.c.o
                0x100020a8                usbd_app_driver_get_cb
 .text.tud_cdc_line_coding_cb
                0x100020b8       0x18 CMakeFiles/mic_basics.dir/home/sreer/pico/pico-sdk/src/rp2_common/pico_stdio_usb/reset_interface.c.o
                0x100020b8                tud_cdc_line_coding_cb
 .text.stdio_usb_set_chars_available_callback
                0x100020d0       0x14 CMakeFiles/mic_basics.dir/home/sreer/pico/pico-sdk/src/rp2_common/pico_stdio_usb/stdio_usb.c.o
                0x100020d0                stdio_usb_set_chars_available_callback
 .text.timer_task
                0x100020e4       0x70 CMakeFiles/mic_basics.dir/home/sreer/pico/pico-sdk/src/rp2_common/pico_stdio_usb/stdio_usb.c.o
 .text.usb_irq  0x10002154        0xc CMakeFiles/mic_basics.dir/home/sreer/pico/pico-sdk/src/rp2_common/pico_stdio_usb/stdio_usb.c.o
 .text.stdio_usb_in_chars
                0x10002160       0x88 CMakeFiles/mic_basics.dir/home/sreer/pico/pico-sdk/src/rp2_common/pico_stdio_usb/stdio_usb.c.o
                0x10002160                stdio_usb_in_chars
 .text.stdio_usb_out_flush
                0x100021e8       0x54 CMakeFiles/mic_basics.dir/home/sreer/pico/pico-sdk/src/rp2_common/pico_stdio_usb/stdio_usb.c.o
 .text.stdio_usb_out_chars
                0x1000223c       0xf4 CMakeFiles/mic_basics.dir/home/sreer/pico/pico-sdk/src/rp2_common/pico_stdio_usb/stdio_usb.c.o
 .text.low_priority_worker_irq
                0x10002330       0xd8 CMakeFiles/mic_basics.dir/home/sreer/pico/pico-sdk/src/rp2_common/pico_stdio_usb/stdio_usb.c.o
 .text.stdio_usb_init
                0x10002408       0xe8 CMakeFiles/mic_basics.dir/home/sreer/pico/pico-sdk/src/rp2_common/pico_stdio_usb/stdio_usb.c.o
                0x10002408                stdio_usb_init
 .text.tud_descriptor_device_cb
                0x100024f0        0x8 CMakeFiles/mic_basics.dir/home/sreer/pico/pico-sdk/src/rp2_common/pico_stdio_usb/stdio_usb_descriptors.c.o
                0x100024f0                tud_descriptor_device_cb
 .text.tud_descriptor_configuration_cb
                0x100024f8        0x8 CMakeFiles/mic_basics.dir/home/sreer/pico/pico-sdk/src/rp2_common/pico_stdio_usb/stdio_usb_descriptors.c.o
                0x100024f8                tud_descriptor_configuration_cb
 .text.tud_descriptor_string_cb
                0x10002500       0x70 CMakeFiles/mic_basics.dir/home/sreer/pico/pico-sdk/src/rp2_common/pico_stdio_usb/stdio_usb_descriptors.c.o
                0x10002500                tud_descriptor_string_cb
 .text.startup._retrieve_unique_id_on_boot
                0x10002570       0x30 CMakeFiles/mic_basics.dir/home/sreer/pico/pico-sdk/src/rp2_common/pico_unique_id/unique_id.c.o
 .text.pico_get_unique_board_id_string
                0x100025a0      0x184 CMakeFiles/mic_basics.dir/home/sreer/pico/pico-sdk/src/rp2_common/pico_unique_id/unique_id.c.o
                0x100025a0                pico_get_unique_board_id_string
 .text.dcd_init
                0x10002724       0x90 CMakeFiles/mic_basics.dir/home/sreer/pico/pico-sdk/lib/tinyusb/src/portable/raspberrypi/rp2040/dcd_rp2040.c.o
                0x10002724                dcd_init
 .text.dcd_int_enable
                0x100027b4        0x8 CMakeFiles/mic_basics.dir/home/sreer/pico/pico-sdk/lib/tinyusb/src/portable/raspberrypi/rp2040/dcd_rp2040.c.o
                0x100027b4                dcd_int_enable
 .text.dcd_set_address
                0x100027bc       0x10 CMakeFiles/mic_basics.dir/home/sreer/pico/pico-sdk/lib/tinyusb/src/portable/raspberrypi/rp2040/dcd_rp2040.c.o
                0x100027bc                dcd_set_address
 .text.dcd_sof_enable
                0x100027cc       0x1c CMakeFiles/mic_basics.dir/home/sreer/pico/pico-sdk/lib/tinyusb/src/portable/raspberrypi/rp2040/dcd_rp2040.c.o
                0x100027cc                dcd_sof_enable
 .text.dcd_edpt0_status_complete
                0x100027e8       0x1c CMakeFiles/mic_basics.dir/home/sreer/pico/pico-sdk/lib/tinyusb/src/portable/raspberrypi/rp2040/dcd_rp2040.c.o
                0x100027e8                dcd_edpt0_status_complete
 .text.dcd_edpt_open
                0x10002804      0x108 CMakeFiles/mic_basics.dir/home/sreer/pico/pico-sdk/lib/tinyusb/src/portable/raspberrypi/rp2040/dcd_rp2040.c.o
                0x10002804                dcd_edpt_open
 .text.dcd_edpt_close_all
                0x1000290c        0x4 CMakeFiles/mic_basics.dir/home/sreer/pico/pico-sdk/lib/tinyusb/src/portable/raspberrypi/rp2040/dcd_rp2040.c.o
                0x1000290c                dcd_edpt_close_all
 .text.dcd_edpt_xfer
                0x10002910       0x28 CMakeFiles/mic_basics.dir/home/sreer/pico/pico-sdk/lib/tinyusb/src/portable/raspberrypi/rp2040/dcd_rp2040.c.o
                0x10002910                dcd_edpt_xfer
 .text.dcd_edpt_stall
                0x10002938       0x2c CMakeFiles/mic_basics.dir/home/sreer/pico/pico-sdk/lib/tinyusb/src/portable/raspberrypi/rp2040/dcd_rp2040.c.o
                0x10002938                dcd_edpt_stall
 .text.dcd_edpt_clear_stall
                0x10002964       0x2c CMakeFiles/mic_basics.dir/home/sreer/pico/pico-sdk/lib/tinyusb/src/portable/raspberrypi/rp2040/dcd_rp2040.c.o
                0x10002964                dcd_edpt_clear_stall
 .text.rp2040_usb_init
                0x10002990       0x40 CMakeFiles/mic_basics.dir/home/sreer/pico/pico-sdk/lib/tinyusb/src/portable/raspberrypi/rp2040/rp2040_usb.c.o
                0x10002990                rp2040_usb_init
 .text.hw_endpoint_xfer_start
                0x100029d0       0x40 CMakeFiles/mic_basics.dir/home/sreer/pico/pico-sdk/lib/tinyusb/src/portable/raspberrypi/rp2040/rp2040_usb.c.o
                0x100029d0                hw_endpoint_xfer_start
 .text.configuration_reset
                0x10002a10       0x8c CMakeFiles/mic_basics.dir/home/sreer/pico/pico-sdk/lib/tinyusb/src/device/usbd.c.o
 .text.tud_event_hook_cb
                0x10002a9c        0x4 CMakeFiles/mic_basics.dir/home/sreer/pico/pico-sdk/lib/tinyusb/src/device/usbd.c.o
                0x10002a9c                tud_event_hook_cb
 .text.tud_sof_cb
                0x10002aa0        0x4 CMakeFiles/mic_basics.dir/home/sreer/pico/pico-sdk/lib/tinyusb/src/device/usbd.c.o
                0x10002aa0                tud_sof_cb
 .text.tud_descriptor_device_qualifier_cb
                0x10002aa4        0x4 CMakeFiles/mic_basics.dir/home/sreer/pico/pico-sdk/lib/tinyusb/src/device/usbd.c.o
                0x10002aa4                tud_descriptor_device_qualifier_cb
 .text.tud_descriptor_other_speed_configuration_cb
                0x10002aa8        0x4 CMakeFiles/mic_basics.dir/home/sreer/pico/pico-sdk/lib/tinyusb/src/device/usbd.c.o
                0x10002aa8                tud_descriptor_other_speed_configuration_cb
 .text.tud_mount_cb
                0x10002aac        0x4 CMakeFiles/mic_basics.dir/home/sreer/pico/pico-sdk/lib/tinyusb/src/device/usbd.c.o
                0x10002aac                tud_mount_cb
 .text.tud_umount_cb
                0x10002ab0        0x4 CMakeFiles/mic_basics.dir/home/sreer/pico/pico-sdk/lib/tinyusb/src/device/usbd.c.o
                0x10002ab0                tud_umount_cb
 .text.tud_suspend_cb
                0x10002ab4        0x4 CMakeFiles/mic_basics.dir/home/sreer/pico/pico-sdk/lib/tinyusb/src/device/usbd.c.o
                0x10002ab4                tud_suspend_cb
 .text.tud_resume_cb
                0x10002ab8        0x4 CMakeFiles/mic_basics.dir/home/sreer/pico/pico-sdk/lib/tinyusb/src/device/usbd.c.o
                0x10002ab8                tud_resume_cb
 .text.tud_mounted
                0x10002abc       0x10 CMakeFiles/mic_basics.dir/home/sreer/pico/pico-sdk/lib/tinyusb/src/device/usbd.c.o
                0x10002abc                tud_mounted
 .text.tud_suspended
                0x10002acc       0x10 CMakeFiles/mic_basics.dir/home/sreer/pico/pico-sdk/lib/tinyusb/src/device/usbd.c.o
                0x10002acc                tud_suspended
 .text.tud_rhport_init
                0x10002adc       0xf8 CMakeFiles/mic_basics.dir/home/sreer/pico/pico-sdk/lib/tinyusb/src/device/usbd.c.o
                0x10002adc                tud_rhport_init
 .text.tud_task_ext
                0x10002bd4      0x784 CMakeFiles/mic_basics.dir/home/sreer/pico/pico-sdk/lib/tinyusb/src/device/usbd.c.o
                0x10002bd4                tud_task_ext
 .text.usbd_open_edpt_pair
                0x10003358       0x9c CMakeFiles/mic_basics.dir/home/sreer/pico/pico-sdk/lib/tinyusb/src/device/usbd.c.o
                0x10003358                usbd_open_edpt_pair
 .text.usbd_edpt_open
                0x100033f4       0x44 CMakeFiles/mic_basics.dir/home/sreer/pico/pico-sdk/lib/tinyusb/src/device/usbd.c.o
                0x100033f4                usbd_edpt_open
 .text.usbd_edpt_claim
                0x10003438       0x24 CMakeFiles/mic_basics.dir/home/sreer/pico/pico-sdk/lib/tinyusb/src/device/usbd.c.o
                0x10003438                usbd_edpt_claim
 .text.usbd_edpt_release
                0x1000345c       0x24 CMakeFiles/mic_basics.dir/home/sreer/pico/pico-sdk/lib/tinyusb/src/device/usbd.c.o
                0x1000345c                usbd_edpt_release
 .text.usbd_edpt_xfer
                0x10003480       0x70 CMakeFiles/mic_basics.dir/home/sreer/pico/pico-sdk/lib/tinyusb/src/device/usbd.c.o
                0x10003480                usbd_edpt_xfer
 .text.tud_control_status
                0x100034f0       0x34 CMakeFiles/mic_basics.dir/home/sreer/pico/pico-sdk/lib/tinyusb/src/device/usbd_control.c.o
                0x100034f0                tud_control_status
 .text.tud_control_xfer
                0x10003524       0xac CMakeFiles/mic_basics.dir/home/sreer/pico/pico-sdk/lib/tinyusb/src/device/usbd_control.c.o
                0x10003524                tud_control_xfer
 .text.usbd_control_reset
                0x100035d0       0x14 CMakeFiles/mic_basics.dir/home/sreer/pico/pico-sdk/lib/tinyusb/src/device/usbd_control.c.o
                0x100035d0                usbd_control_reset
 .text.usbd_control_set_complete_callback
                0x100035e4        0xc CMakeFiles/mic_basics.dir/home/sreer/pico/pico-sdk/lib/tinyusb/src/device/usbd_control.c.o
                0x100035e4                usbd_control_set_complete_callback
 .text.usbd_control_set_request
                0x100035f0       0x1c CMakeFiles/mic_basics.dir/home/sreer/pico/pico-sdk/lib/tinyusb/src/device/usbd_control.c.o
                0x100035f0                usbd_control_set_request
 .text.usbd_control_xfer_cb
                0x1000360c       0xfc CMakeFiles/mic_basics.dir/home/sreer/pico/pico-sdk/lib/tinyusb/src/device/usbd_control.c.o
                0x1000360c                usbd_control_xfer_cb
 .text._prep_out_transaction.isra.0
                0x10003708       0x74 CMakeFiles/mic_basics.dir/home/sreer/pico/pico-sdk/lib/tinyusb/src/class/cdc/cdc_device.c.o
 .text.tud_cdc_n_connected
                0x1000377c       0x2c CMakeFiles/mic_basics.dir/home/sreer/pico/pico-sdk/lib/tinyusb/src/class/cdc/cdc_device.c.o
                0x1000377c                tud_cdc_n_connected
 .text.tud_cdc_n_available
                0x100037a8       0x18 CMakeFiles/mic_basics.dir/home/sreer/pico/pico-sdk/lib/tinyusb/src/class/cdc/cdc_device.c.o
                0x100037a8                tud_cdc_n_available
 .text.tud_cdc_n_read
                0x100037c0       0x8c CMakeFiles/mic_basics.dir/home/sreer/pico/pico-sdk/lib/tinyusb/src/class/cdc/cdc_device.c.o
                0x100037c0                tud_cdc_n_read
 .text.tud_cdc_n_write_flush
                0x1000384c       0x8c CMakeFiles/mic_basics.dir/home/sreer/pico/pico-sdk/lib/tinyusb/src/class/cdc/cdc_device.c.o
                0x1000384c                tud_cdc_n_write_flush
 .text.tud_cdc_n_write
                0x100038d8       0x44 CMakeFiles/mic_basics.dir/home/sreer/pico/pico-sdk/lib/tinyusb/src/class/cdc/cdc_device.c.o
                0x100038d8                tud_cdc_n_write
 .text.tud_cdc_n_write_available
                0x1000391c       0x18 CMakeFiles/mic_basics.dir/home/sreer/pico/pico-sdk/lib/tinyusb/src/class/cdc/cdc_device.c.o
                0x1000391c                tud_cdc_n_write_available
 .text.cdcd_init
                0x10003934       0x70 CMakeFiles/mic_basics.dir/home/sreer/pico/pico-sdk/lib/tinyusb/src/class/cdc/cdc_device.c.o
                0x10003934                cdcd_init
 .text.cdcd_deinit
                0x100039a4       0x2c CMakeFiles/mic_basics.dir/home/sreer/pico/pico-sdk/lib/tinyusb/src/class/cdc/cdc_device.c.o
                0x100039a4                cdcd_deinit
 .text.cdcd_reset
                0x100039d0       0x4c CMakeFiles/mic_basics.dir/home/sreer/pico/pico-sdk/lib/tinyusb/src/class/cdc/cdc_device.c.o
                0x100039d0                cdcd_reset
 .text.cdcd_open
                0x10003a1c       0xbc CMakeFiles/mic_basics.dir/home/sreer/pico/pico-sdk/lib/tinyusb/src/class/cdc/cdc_device.c.o
                0x10003a1c                cdcd_open
 .text.cdcd_control_xfer_cb
                0x10003ad8       0xc0 CMakeFiles/mic_basics.dir/home/sreer/pico/pico-sdk/lib/tinyusb/src/class/cdc/cdc_device.c.o
                0x10003ad8                cdcd_control_xfer_cb
 .text.cdcd_xfer_cb
                0x10003b98       0xfc CMakeFiles/mic_basics.dir/home/sreer/pico/pico-sdk/lib/tinyusb/src/class/cdc/cdc_device.c.o
                0x10003b98                cdcd_xfer_cb
 .text.vendord_init
                0x10003c94       0x5c CMakeFiles/mic_basics.dir/home/sreer/pico/pico-sdk/lib/tinyusb/src/class/vendor/vendor_device.c.o
                0x10003c94                vendord_init
 .text.vendord_deinit
                0x10003cf0       0x1c CMakeFiles/mic_basics.dir/home/sreer/pico/pico-sdk/lib/tinyusb/src/class/vendor/vendor_device.c.o
                0x10003cf0                vendord_deinit
 .text.vendord_reset
                0x10003d0c       0x24 CMakeFiles/mic_basics.dir/home/sreer/pico/pico-sdk/lib/tinyusb/src/class/vendor/vendor_device.c.o
                0x10003d0c                vendord_reset
 .text.vendord_open
                0x10003d30      0x104 CMakeFiles/mic_basics.dir/home/sreer/pico/pico-sdk/lib/tinyusb/src/class/vendor/vendor_device.c.o
                0x10003d30                vendord_open
 .text.vendord_xfer_cb
                0x10003e34       0x88 CMakeFiles/mic_basics.dir/home/sreer/pico/pico-sdk/lib/tinyusb/src/class/vendor/vendor_device.c.o
                0x10003e34                vendord_xfer_cb
 .text.tusb_rhport_init
                0x10003ebc       0x60 CMakeFiles/mic_basics.dir/home/sreer/pico/pico-sdk/lib/tinyusb/src/tusb.c.o
                0x10003ebc                tusb_rhport_init
 .text.tu_edpt_claim
                0x10003f1c       0x54 CMakeFiles/mic_basics.dir/home/sreer/pico/pico-sdk/lib/tinyusb/src/tusb.c.o
                0x10003f1c                tu_edpt_claim
 .text.tu_edpt_release
                0x10003f70       0x38 CMakeFiles/mic_basics.dir/home/sreer/pico/pico-sdk/lib/tinyusb/src/tusb.c.o
                0x10003f70                tu_edpt_release
 .text.tu_edpt_validate
                0x10003fa8       0x64 CMakeFiles/mic_basics.dir/home/sreer/pico/pico-sdk/lib/tinyusb/src/tusb.c.o
                0x10003fa8                tu_edpt_validate
 .text.tu_edpt_bind_driver
                0x1000400c       0x58 CMakeFiles/mic_basics.dir/home/sreer/pico/pico-sdk/lib/tinyusb/src/tusb.c.o
                0x1000400c                tu_edpt_bind_driver
 .text.tu_edpt_stream_init
                0x10004064       0x58 CMakeFiles/mic_basics.dir/home/sreer/pico/pico-sdk/lib/tinyusb/src/tusb.c.o
                0x10004064                tu_edpt_stream_init
 .text.tu_edpt_stream_deinit
                0x100040bc        0x4 CMakeFiles/mic_basics.dir/home/sreer/pico/pico-sdk/lib/tinyusb/src/tusb.c.o
                0x100040bc                tu_edpt_stream_deinit
 .text.tu_edpt_stream_write_zlp_if_needed
                0x100040c0       0x68 CMakeFiles/mic_basics.dir/home/sreer/pico/pico-sdk/lib/tinyusb/src/tusb.c.o
                0x100040c0                tu_edpt_stream_write_zlp_if_needed
 .text.tu_edpt_stream_write_xfer
                0x10004128       0x70 CMakeFiles/mic_basics.dir/home/sreer/pico/pico-sdk/lib/tinyusb/src/tusb.c.o
                0x10004128                tu_edpt_stream_write_xfer
 .text.tu_edpt_stream_read_xfer
                0x10004198       0xd0 CMakeFiles/mic_basics.dir/home/sreer/pico/pico-sdk/lib/tinyusb/src/tusb.c.o
                0x10004198                tu_edpt_stream_read_xfer
 .text.tu_fifo_config
                0x10004268       0x60 CMakeFiles/mic_basics.dir/home/sreer/pico/pico-sdk/lib/tinyusb/src/common/tusb_fifo.c.o
                0x10004268                tu_fifo_config
 .text.tu_fifo_count
                0x100042c8       0x20 CMakeFiles/mic_basics.dir/home/sreer/pico/pico-sdk/lib/tinyusb/src/common/tusb_fifo.c.o
                0x100042c8                tu_fifo_count
 .text.tu_fifo_empty
                0x100042e8       0x14 CMakeFiles/mic_basics.dir/home/sreer/pico/pico-sdk/lib/tinyusb/src/common/tusb_fifo.c.o
                0x100042e8                tu_fifo_empty
 .text.tu_fifo_remaining
                0x100042fc       0x24 CMakeFiles/mic_basics.dir/home/sreer/pico/pico-sdk/lib/tinyusb/src/common/tusb_fifo.c.o
                0x100042fc                tu_fifo_remaining
 .text.tu_fifo_read
                0x10004320       0x94 CMakeFiles/mic_basics.dir/home/sreer/pico/pico-sdk/lib/tinyusb/src/common/tusb_fifo.c.o
                0x10004320                tu_fifo_read
 .text.tu_fifo_read_n
                0x100043b4       0xd8 CMakeFiles/mic_basics.dir/home/sreer/pico/pico-sdk/lib/tinyusb/src/common/tusb_fifo.c.o
                0x100043b4                tu_fifo_read_n
 .text.tu_fifo_write
                0x1000448c       0xa0 CMakeFiles/mic_basics.dir/home/sreer/pico/pico-sdk/lib/tinyusb/src/common/tusb_fifo.c.o
                0x1000448c                tu_fifo_write
 .text.tu_fifo_write_n
                0x1000452c      0x158 CMakeFiles/mic_basics.dir/home/sreer/pico/pico-sdk/lib/tinyusb/src/common/tusb_fifo.c.o
                0x1000452c                tu_fifo_write_n
 .text.tu_fifo_clear
                0x10004684       0x38 CMakeFiles/mic_basics.dir/home/sreer/pico/pico-sdk/lib/tinyusb/src/common/tusb_fifo.c.o
                0x10004684                tu_fifo_clear
 .text.tu_fifo_set_overwritable
                0x100046bc       0x3c CMakeFiles/mic_basics.dir/home/sreer/pico/pico-sdk/lib/tinyusb/src/common/tusb_fifo.c.o
                0x100046bc                tu_fifo_set_overwritable
 .text          0x100046f8       0xa4 /usr/lib/gcc/arm-none-eabi/13.2.1/../../../arm-none-eabi/lib/thumb/v8-m.main+fp/softfp/libg.a(libc_a-memset.o)
                0x100046f8                memset
 .text          0x1000479c       0xec /usr/lib/gcc/arm-none-eabi/13.2.1/../../../arm-none-eabi/lib/thumb/v8-m.main+fp/softfp/libg.a(libc_a-memcpy.o)
                0x1000479c                memcpy
 .text          0x10004888        0xc /usr/lib/gcc/arm-none-eabi/13.2.1/../../../arm-none-eabi/lib/thumb/v8-m.main+fp/softfp/libg.a(libc_a-atexit.o)
                0x10004888                atexit
 .text          0x10004894       0x5c /usr/lib/gcc/arm-none-eabi/13.2.1/../../../arm-none-eabi/lib/thumb/v8-m.main+fp/softfp/libg.a(libc_a-strlen-stub.o)
                0x10004894                strlen
 .text          0x100048f0       0x28 /usr/lib/gcc/arm-none-eabi/13.2.1/../../../arm-none-eabi/lib/thumb/v8-m.main+fp/softfp/libg.a(libc_a-fini.o)
                0x100048f0                __libc_fini_array
 .text          0x10004918       0x64 /usr/lib/gcc/arm-none-eabi/13.2.1/../../../arm-none-eabi/lib/thumb/v8-m.main+fp/softfp/libg.a(libc_a-__atexit.o)
                0x10004918                __register_exitproc
 .text.startup  0x1000497c       0x14 /usr/lib/gcc/arm-none-eabi/13.2.1/../../../arm-none-eabi/lib/thumb/v8-m.main+fp/softfp/libg.a(libc_a-__call_atexit.o)
 *(.fini)
 .fini          0x10004990        0x4 /usr/lib/gcc/arm-none-eabi/13.2.1/thumb/v8-m.main+fp/softfp/crti.o
                0x10004990                _fini
 *fill*         0x10004994        0x4 
 .fini.__stub   0x10004998       0x48 linker stubs
 *crtbegin.o(.ctors)
 *crtbegin?.o(.ctors)
 *(EXCLUDE_FILE(*crtend.o *crtend?.o) .ctors)
 *(SORT_BY_NAME(.ctors.*))
 *(.ctors)
 *crtbegin.o(.dtors)
 *crtbegin?.o(.dtors)
 *(EXCLUDE_FILE(*crtend.o *crtend?.o) .dtors)
 *(SORT_BY_NAME(.dtors.*))
 *(.dtors)
                0x100049e0                        . = ALIGN (0x4)
                0x100049e0                        PROVIDE (__preinit_array_start = .)
 *(SORT_BY_NAME(.preinit_array.*))
 .preinit_array.00050
                0x100049e0        0x4 CMakeFiles/mic_basics.dir/home/sreer/pico/pico-sdk/src/rp2_common/pico_runtime_init/runtime_init.c.o
                0x100049e0                __pre_init_runtime_init_bootrom_reset
 .preinit_array.00100
                0x100049e4        0x4 CMakeFiles/mic_basics.dir/home/sreer/pico/pico-sdk/src/rp2_common/pico_runtime_init/runtime_init.c.o
                0x100049e4                __pre_init_runtime_init_early_resets
 .preinit_array.00101
                0x100049e8        0x4 CMakeFiles/mic_basics.dir/home/sreer/pico/pico-sdk/src/rp2_common/pico_runtime_init/runtime_init.c.o
                0x100049e8                __pre_init_runtime_init_usb_power_down
 .preinit_array.00500
                0x100049ec        0x4 CMakeFiles/mic_basics.dir/home/sreer/pico/pico-sdk/src/rp2_common/pico_runtime_init/runtime_init.c.o
                0x100049ec                __pre_init_runtime_init_clocks
 .preinit_array.00600
                0x100049f0        0x4 CMakeFiles/mic_basics.dir/home/sreer/pico/pico-sdk/src/rp2_common/pico_runtime_init/runtime_init.c.o
                0x100049f0                __pre_init_runtime_init_post_clock_resets
 .preinit_array.01000
                0x100049f4        0x4 CMakeFiles/mic_basics.dir/home/sreer/pico/pico-sdk/src/rp2_common/hardware_boot_lock/boot_lock.c.o
                0x100049f4                __pre_init_runtime_init_boot_locks_reset
 .preinit_array.01000
                0x100049f8        0x4 CMakeFiles/mic_basics.dir/home/sreer/pico/pico-sdk/src/rp2_common/pico_runtime_init/runtime_init.c.o
                0x100049f8                __pre_init_runtime_init_spin_locks_reset
 .preinit_array.01010
                0x100049fc        0x4 CMakeFiles/mic_basics.dir/home/sreer/pico/pico-sdk/src/rp2_common/pico_bootrom/bootrom_lock.c.o
                0x100049fc                __pre_init_runtime_init_bootrom_locking_enable
 .preinit_array.01100
                0x10004a00        0x4 CMakeFiles/mic_basics.dir/home/sreer/pico/pico-sdk/src/common/pico_sync/mutex.c.o
                0x10004a00                __pre_init_runtime_init_mutex
 .preinit_array.10080
                0x10004a04        0x4 CMakeFiles/mic_basics.dir/home/sreer/pico/pico-sdk/src/rp2_common/pico_runtime_init/runtime_init.c.o
                0x10004a04                __pre_init_runtime_init_install_ram_vector_table
 .preinit_array.11000
                0x10004a08        0x4 CMakeFiles/mic_basics.dir/home/sreer/pico/pico-sdk/src/common/pico_time/time.c.o
                0x10004a08                __pre_init_runtime_init_default_alarm_pool
 .preinit_array.YYYYY
                0x10004a0c        0x4 CMakeFiles/mic_basics.dir/home/sreer/pico/pico-sdk/src/rp2_common/pico_runtime/runtime.c.o
                0x10004a0c                __pre_init_first_per_core_initializer
 .preinit_array.ZZZZZ.00051
                0x10004a10        0x4 CMakeFiles/mic_basics.dir/home/sreer/pico/pico-sdk/src/rp2_common/pico_runtime_init/runtime_init.c.o
                0x10004a10                __pre_init_runtime_init_per_core_bootrom_reset
 .preinit_array.ZZZZZ.00200
                0x10004a14        0x4 CMakeFiles/mic_basics.dir/home/sreer/pico/pico-sdk/src/rp2_common/pico_runtime_init/runtime_init.c.o
                0x10004a14                __pre_init_runtime_init_per_core_enable_coprocessors
 .preinit_array.ZZZZZ.01000
                0x10004a18        0x4 CMakeFiles/mic_basics.dir/home/sreer/pico/pico-sdk/src/rp2_common/hardware_sync_spin_lock/sync_spin_lock.c.o
                0x10004a18                __pre_init_spinlock_set_extexclall
 .preinit_array.ZZZZZ.01200
                0x10004a1c        0x4 CMakeFiles/mic_basics.dir/home/sreer/pico/pico-sdk/src/rp2_common/hardware_irq/irq.c.o
                0x10004a1c                __pre_init_runtime_init_per_core_irq_priorities
 *(.preinit_array)
                0x10004a20                        PROVIDE (__preinit_array_end = .)
                0x10004a20                        . = ALIGN (0x4)
                0x10004a20                        PROVIDE (__init_array_start = .)
 *(SORT_BY_NAME(.init_array.*))
 .init_array.00000
                0x10004a20        0x4 /usr/lib/gcc/arm-none-eabi/13.2.1/../../../arm-none-eabi/lib/thumb/v8-m.main+fp/softfp/libg.a(libc_a-__call_atexit.o)
 .init_array.01000
                0x10004a24        0x4 CMakeFiles/mic_basics.dir/home/sreer/pico/pico-sdk/src/rp2_common/pico_unique_id/unique_id.c.o
 *(.init_array)
 .init_array    0x10004a28        0x4 /usr/lib/gcc/arm-none-eabi/13.2.1/thumb/v8-m.main+fp/softfp/crtbegin.o
                0x10004a2c                        PROVIDE (__init_array_end = .)
                0x10004a2c                        . = ALIGN (0x4)
                0x10004a2c                        PROVIDE (__fini_array_start = .)
 *(SORT_BY_NAME(.fini_array.*))
 *(.fini_array)
                0x10004a2c                        PROVIDE (__fini_array_end = .)
 *(.eh_frame*)
 .eh_frame      0x10004a2c        0x0 /usr/lib/gcc/arm-none-eabi/13.2.1/thumb/v8-m.main+fp/softfp/crtbegin.o
                0x10004a2c                        . = ALIGN (0x4)

.glue_7         0x10004a2c        0x0
 .glue_7        0x10004a2c        0x0 linker stubs

.glue_7t        0x10004a2c        0x0
 .glue_7t       0x10004a2c        0x0 linker stubs

.vfp11_veneer   0x10004a2c        0x0
 .vfp11_veneer  0x10004a2c        0x0 linker stubs

.v4_bx          0x10004a2c        0x0
 .v4_bx         0x10004a2c        0x0 linker stubs

.iplt           0x10004a2c        0x0
 .iplt          0x10004a2c        0x0 /usr/lib/gcc/arm-none-eabi/13.2.1/thumb/v8-m.main+fp/softfp/crtbegin.o

.boot2          0x10004a2c        0x0
                0x10004a2c                        __boot2_start__ = .
 *(.boot2)
                0x10004a2c                        __boot2_end__ = .
                0x00000001                        ASSERT (((__boot2_end__ - __boot2_start__) <= 0x100), ERROR: Pico second stage bootloader must be no more than 256 bytes in size)

.rodata         0x10004a2c      0x368
 *(EXCLUDE_FILE(*libm.a: *libc.a:*lib_a-mem*.o *libgcc.a:) .rodata*)
 .rodata.panic.str1.4
                0x10004a2c      0x158 CMakeFiles/mic_basics.dir/home/sreer/pico/pico-sdk/src/rp2_common/pico_platform_panic/panic.c.o
                                 0x12 (size before relaxing)
 .rodata.spin_lock_claim_unused.str1.4
                0x10004b84       0x1b CMakeFiles/mic_basics.dir/home/sreer/pico/pico-sdk/src/rp2_common/hardware_sync/sync.c.o
 .rodata.user_irq_claim_unused.str1.4
                0x10004b84       0x1b CMakeFiles/mic_basics.dir/home/sreer/pico/pico-sdk/src/rp2_common/hardware_irq/irq.c.o
 .rodata.timer_hardware_alarm_claim.str1.4
                0x10004b84       0x22 CMakeFiles/mic_basics.dir/home/sreer/pico/pico-sdk/src/rp2_common/hardware_timer/timer.c.o
 .rodata.hard_assertion_failure.str1.4
                0x10004b84        0xc CMakeFiles/mic_basics.dir/home/sreer/pico/pico-sdk/src/rp2_common/pico_runtime/runtime.c.o
 .rodata.str1.4
                0x10004b84       0x40 CMakeFiles/mic_basics.dir/home/sreer/pico/pico-sdk/src/rp2_common/pico_standard_binary_info/standard_binary_info.c.o
 .rodata.__bi_84
                0x10004b84        0xc CMakeFiles/mic_basics.dir/home/sreer/pico/pico-sdk/src/rp2_common/pico_standard_binary_info/standard_binary_info.c.o
 .rodata.__bi_78
                0x10004b90        0xc CMakeFiles/mic_basics.dir/home/sreer/pico/pico-sdk/src/rp2_common/pico_standard_binary_info/standard_binary_info.c.o
 .rodata.__bi_54
                0x10004b9c        0xc CMakeFiles/mic_basics.dir/home/sreer/pico/pico-sdk/src/rp2_common/pico_standard_binary_info/standard_binary_info.c.o
 .rodata.__bi_48
                0x10004ba8        0xc CMakeFiles/mic_basics.dir/home/sreer/pico/pico-sdk/src/rp2_common/pico_standard_binary_info/standard_binary_info.c.o
 .rodata.__bi_42
                0x10004bb4        0xc CMakeFiles/mic_basics.dir/home/sreer/pico/pico-sdk/src/rp2_common/pico_standard_binary_info/standard_binary_info.c.o
 .rodata.__bi_34
                0x10004bc0        0xc CMakeFiles/mic_basics.dir/home/sreer/pico/pico-sdk/src/rp2_common/pico_standard_binary_info/standard_binary_info.c.o
 .rodata.__bi_26
                0x10004bcc        0xc CMakeFiles/mic_basics.dir/home/sreer/pico/pico-sdk/src/rp2_common/pico_standard_binary_info/standard_binary_info.c.o
 .rodata.crlf_str.0
                0x10004bd8        0x2 CMakeFiles/mic_basics.dir/home/sreer/pico/pico-sdk/src/rp2_common/pico_stdio/stdio.c.o
 *fill*         0x10004bda        0x2 
 .rodata._resetd_driver
                0x10004bdc       0x20 CMakeFiles/mic_basics.dir/home/sreer/pico/pico-sdk/src/rp2_common/pico_stdio_usb/reset_interface.c.o
 .rodata.desc_ms_os_20
                0x10004bfc       0xa6 CMakeFiles/mic_basics.dir/home/sreer/pico/pico-sdk/src/rp2_common/pico_stdio_usb/reset_interface.c.o
 *fill*         0x10004ca2        0x2 
 .rodata.desc_bos
                0x10004ca4       0x21 CMakeFiles/mic_basics.dir/home/sreer/pico/pico-sdk/src/rp2_common/pico_stdio_usb/reset_interface.c.o
                0x10004ca4                desc_bos
 .rodata.str1.4
                0x10004cc5       0x13 CMakeFiles/mic_basics.dir/home/sreer/pico/pico-sdk/src/rp2_common/pico_stdio_usb/stdio_usb.c.o
 *fill*         0x10004cc5        0x3 
 .rodata.__bi_202.0
                0x10004cc8        0xc CMakeFiles/mic_basics.dir/home/sreer/pico/pico-sdk/src/rp2_common/pico_stdio_usb/stdio_usb.c.o
 .rodata.str1.4
                0x10004cd4       0x2a CMakeFiles/mic_basics.dir/home/sreer/pico/pico-sdk/src/rp2_common/pico_stdio_usb/stdio_usb_descriptors.c.o
 .rodata.usbd_desc_str
                0x10004cd4       0x18 CMakeFiles/mic_basics.dir/home/sreer/pico/pico-sdk/src/rp2_common/pico_stdio_usb/stdio_usb_descriptors.c.o
 .rodata.usbd_desc_cfg
                0x10004cec       0x54 CMakeFiles/mic_basics.dir/home/sreer/pico/pico-sdk/src/rp2_common/pico_stdio_usb/stdio_usb_descriptors.c.o
 .rodata.usbd_desc_device
                0x10004d40       0x12 CMakeFiles/mic_basics.dir/home/sreer/pico/pico-sdk/src/rp2_common/pico_stdio_usb/stdio_usb_descriptors.c.o
 .rodata.str1.4
                0x10004d52       0x14 CMakeFiles/mic_basics.dir/home/sreer/pico/pico-sdk/lib/tinyusb/src/portable/raspberrypi/rp2040/dcd_rp2040.c.o
 .rodata.str1.4
                0x10004d52       0x48 CMakeFiles/mic_basics.dir/home/sreer/pico/pico-sdk/lib/tinyusb/src/portable/raspberrypi/rp2040/rp2040_usb.c.o
 *fill*         0x10004d52        0x2 
 .rodata._usbd_driver
                0x10004d54       0x40 CMakeFiles/mic_basics.dir/home/sreer/pico/pico-sdk/lib/tinyusb/src/device/usbd.c.o
 *(.srodata*)
                0x10004d94                        . = ALIGN (0x4)
 *(SORT_BY_ALIGNMENT(SORT_BY_NAME(.flashdata*)))
                0x10004d94                        . = ALIGN (0x4)

.ARM.extab
 *(.ARM.extab* .gnu.linkonce.armextab.*)
                0x10004d94                        __exidx_start = .

.ARM.exidx      0x10004d94        0x8
 *(.ARM.exidx* .gnu.linkonce.armexidx.*)
 .ARM.exidx     0x10004d94        0x8 /usr/lib/gcc/arm-none-eabi/13.2.1/../../../arm-none-eabi/lib/thumb/v8-m.main+fp/softfp/libg.a(libc_a-memcpy.o)
                0x10004d9c                        __exidx_end = .
                0x10004d9c                        . = ALIGN (0x4)
                0x10004d9c                        __binary_info_start = .

.binary_info    0x10004d9c       0x20
 *(.binary_info.keep.*)
 .binary_info.keep.__bi_ptr84
                0x10004d9c        0x4 CMakeFiles/mic_basics.dir/home/sreer/pico/pico-sdk/src/rp2_common/pico_standard_binary_info/standard_binary_info.c.o
 .binary_info.keep.__bi_ptr78
                0x10004da0        0x4 CMakeFiles/mic_basics.dir/home/sreer/pico/pico-sdk/src/rp2_common/pico_standard_binary_info/standard_binary_info.c.o
 .binary_info.keep.__bi_ptr54
                0x10004da4        0x4 CMakeFiles/mic_basics.dir/home/sreer/pico/pico-sdk/src/rp2_common/pico_standard_binary_info/standard_binary_info.c.o
 .binary_info.keep.__bi_ptr48
                0x10004da8        0x4 CMakeFiles/mic_basics.dir/home/sreer/pico/pico-sdk/src/rp2_common/pico_standard_binary_info/standard_binary_info.c.o
 .binary_info.keep.__bi_ptr42
                0x10004dac        0x4 CMakeFiles/mic_basics.dir/home/sreer/pico/pico-sdk/src/rp2_common/pico_standard_binary_info/standard_binary_info.c.o
 .binary_info.keep.__bi_ptr34
                0x10004db0        0x4 CMakeFiles/mic_basics.dir/home/sreer/pico/pico-sdk/src/rp2_common/pico_standard_binary_info/standard_binary_info.c.o
 .binary_info.keep.__bi_ptr26
                0x10004db4        0x4 CMakeFiles/mic_basics.dir/home/sreer/pico/pico-sdk/src/rp2_common/pico_standard_binary_info/standard_binary_info.c.o
 *(.binary_info.*)
 .binary_info.__bi_ptr202
                0x10004db8        0x4 CMakeFiles/mic_basics.dir/home/sreer/pico/pico-sdk/src/rp2_common/pico_stdio_usb/stdio_usb.c.o
                0x10004dbc                        __binary_info_end = .
                0x10004dbc                        . = ALIGN (0x4)

.ram_vector_table
                0x20000000      0x110
 *(.ram_vector_table)
 .ram_vector_table
                0x20000000      0x110 CMakeFiles/mic_basics.dir/home/sreer/pico/pico-sdk/src/rp2_common/pico_runtime_init/runtime_init.c.o
                0x20000000                ram_vector_table

.uninitialized_data
                0x20000110        0x0
                0x20000110                        . = ALIGN (0x4)
 *(.uninitialized_data*)

.data           0x20000110      0xd94 load address 0x10004dbc
                0x20000110                        __data_start__ = .
 *(vtable)
 *(.time_critical*)
 .time_critical.mutex_try_enter
                0x20000110       0x50 CMakeFiles/mic_basics.dir/home/sreer/pico/pico-sdk/src/common/pico_sync/mutex.c.o
                0x20000110                mutex_try_enter
 .time_critical.mutex_enter_block_until
                0x20000160       0x70 CMakeFiles/mic_basics.dir/home/sreer/pico/pico-sdk/src/common/pico_sync/mutex.c.o
                0x20000160                mutex_enter_block_until
 .time_critical.mutex_try_enter_block_until
                0x200001d0       0x6c CMakeFiles/mic_basics.dir/home/sreer/pico/pico-sdk/src/common/pico_sync/mutex.c.o
                0x200001d0                mutex_try_enter_block_until
 .time_critical.mutex_enter_timeout_ms
                0x2000023c       0x38 CMakeFiles/mic_basics.dir/home/sreer/pico/pico-sdk/src/common/pico_sync/mutex.c.o
                0x2000023c                mutex_enter_timeout_ms
 .time_critical.mutex_exit
                0x20000274       0x3c CMakeFiles/mic_basics.dir/home/sreer/pico/pico-sdk/src/common/pico_sync/mutex.c.o
                0x20000274                mutex_exit
 .time_critical.reset_non_control_endpoints
                0x200002b0       0x64 CMakeFiles/mic_basics.dir/home/sreer/pico/pico-sdk/lib/tinyusb/src/portable/raspberrypi/rp2040/dcd_rp2040.c.o
 .time_critical.hw_handle_buff_status
                0x20000314       0x94 CMakeFiles/mic_basics.dir/home/sreer/pico/pico-sdk/lib/tinyusb/src/portable/raspberrypi/rp2040/dcd_rp2040.c.o
 .time_critical.dcd_rp2040_irq
                0x200003a8      0x510 CMakeFiles/mic_basics.dir/home/sreer/pico/pico-sdk/lib/tinyusb/src/portable/raspberrypi/rp2040/dcd_rp2040.c.o
 .time_critical.prepare_ep_buffer
                0x200008b8       0xd0 CMakeFiles/mic_basics.dir/home/sreer/pico/pico-sdk/lib/tinyusb/src/portable/raspberrypi/rp2040/rp2040_usb.c.o
 .time_critical.sync_ep_buffer
                0x20000988       0xb8 CMakeFiles/mic_basics.dir/home/sreer/pico/pico-sdk/lib/tinyusb/src/portable/raspberrypi/rp2040/rp2040_usb.c.o
 .time_critical._hw_endpoint_xfer_sync
                0x20000a40       0x2c CMakeFiles/mic_basics.dir/home/sreer/pico/pico-sdk/lib/tinyusb/src/portable/raspberrypi/rp2040/rp2040_usb.c.o
 .time_critical.e15_is_bulkin_ep
                0x20000a6c       0x28 CMakeFiles/mic_basics.dir/home/sreer/pico/pico-sdk/lib/tinyusb/src/portable/raspberrypi/rp2040/rp2040_usb.c.o
 .time_critical.e15_is_critical_frame_period
                0x20000a94       0x28 CMakeFiles/mic_basics.dir/home/sreer/pico/pico-sdk/lib/tinyusb/src/portable/raspberrypi/rp2040/rp2040_usb.c.o
 .time_critical.hw_endpoint_reset_transfer
                0x20000abc        0xc CMakeFiles/mic_basics.dir/home/sreer/pico/pico-sdk/lib/tinyusb/src/portable/raspberrypi/rp2040/rp2040_usb.c.o
                0x20000abc                hw_endpoint_reset_transfer
 .time_critical._hw_endpoint_buffer_control_update32
                0x20000ac8       0x44 CMakeFiles/mic_basics.dir/home/sreer/pico/pico-sdk/lib/tinyusb/src/portable/raspberrypi/rp2040/rp2040_usb.c.o
                0x20000ac8                _hw_endpoint_buffer_control_update32
 .time_critical.hw_endpoint_start_next_buffer
                0x20000b0c       0x64 CMakeFiles/mic_basics.dir/home/sreer/pico/pico-sdk/lib/tinyusb/src/portable/raspberrypi/rp2040/rp2040_usb.c.o
                0x20000b0c                hw_endpoint_start_next_buffer
 .time_critical.hw_endpoint_xfer_continue
                0x20000b70       0x3c CMakeFiles/mic_basics.dir/home/sreer/pico/pico-sdk/lib/tinyusb/src/portable/raspberrypi/rp2040/rp2040_usb.c.o
                0x20000b70                hw_endpoint_xfer_continue
 .time_critical.tinyusb
                0x20000bac      0x224 CMakeFiles/mic_basics.dir/home/sreer/pico/pico-sdk/lib/tinyusb/src/device/usbd.c.o
                0x20000bac                dcd_event_handler
 .time_critical.tinyusb.__stub
                0x20000dd0       0x30 linker stubs
 *(.text*)
                0x20000e00                        . = ALIGN (0x4)
 *(.rodata*)
                0x20000e00                        . = ALIGN (0x4)
 *(.data*)
 .data.timer_enable
                0x20000e00        0x1 CMakeFiles/mic_basics.dir/src/main.c.o
                0x20000e00                timer_enable
 .data.striped_spin_lock_num
                0x20000e01        0x1 CMakeFiles/mic_basics.dir/home/sreer/pico/pico-sdk/src/rp2_common/hardware_sync/sync.c.o
 *fill*         0x20000e02        0x2 
 .data          0x20000e04       0x48 CMakeFiles/mic_basics.dir/home/sreer/pico/pico-sdk/src/rp2_common/hardware_irq/irq_handler_chain.S.o
                0x20000e04                irq_handler_chain_slots
                0x20000e34                irq_handler_chain_first_slot
                0x20000e3e                irq_handler_chain_remove_tail
 .data.default_alarm_pool
                0x20000e4c       0x18 CMakeFiles/mic_basics.dir/home/sreer/pico/pico-sdk/src/common/pico_time/time.c.o
 .data.stdio_usb
                0x20000e64       0x18 CMakeFiles/mic_basics.dir/home/sreer/pico/pico-sdk/src/rp2_common/pico_stdio_usb/stdio_usb.c.o
                0x20000e64                stdio_usb
 .data._usbd_qdef
                0x20000e7c       0x1c CMakeFiles/mic_basics.dir/home/sreer/pico/pico-sdk/lib/tinyusb/src/device/usbd.c.o
                0x20000e7c                _usbd_qdef
 .data._usbd_rhport
                0x20000e98        0x1 CMakeFiles/mic_basics.dir/home/sreer/pico/pico-sdk/lib/tinyusb/src/device/usbd.c.o
 *(.sdata*)
                0x20000e9c                        . = ALIGN (0x4)
 *fill*         0x20000e99        0x3 
 *(.after_data.*)
                0x20000e9c                        . = ALIGN (0x4)
                0x20000e9c                        PROVIDE (__mutex_array_start = .)
 *(SORT_BY_NAME(.mutex_array.*))
 *(.mutex_array)
 .mutex_array   0x20000e9c        0x8 CMakeFiles/mic_basics.dir/home/sreer/pico/pico-sdk/src/rp2_common/pico_stdio/stdio.c.o
                0x20000ea4                        PROVIDE (__mutex_array_end = .)
 *(.jcr)
                0x20000ea4                        . = ALIGN (0x4)

.tm_clone_table
                0x20000ea4        0x0 load address 0x10005b50
 .tm_clone_table
                0x20000ea4        0x0 /usr/lib/gcc/arm-none-eabi/13.2.1/thumb/v8-m.main+fp/softfp/crtbegin.o
 .tm_clone_table
                0x20000ea4        0x0 /usr/lib/gcc/arm-none-eabi/13.2.1/thumb/v8-m.main+fp/softfp/crtend.o

.igot.plt       0x20000ea4        0x0 load address 0x10005b50
 .igot.plt      0x20000ea4        0x0 /usr/lib/gcc/arm-none-eabi/13.2.1/thumb/v8-m.main+fp/softfp/crtbegin.o

.tdata          0x20000ea4        0x0 load address 0x10005b50
                0x20000ea4                        . = ALIGN (0x4)
 *(.tdata .tdata.* .gnu.linkonce.td.*)
                0x20000ea4                        __tdata_end = .
                0x20000ea4                        PROVIDE (__data_end__ = .)
                0x10004dbc                        __etext = LOADADDR (.data)

.tbss           0x20000ea4        0x0 load address 0x10005b50
                0x20000ea4                        . = ALIGN (0x4)
                0x20000ea4                        __bss_start__ = .
                0x20000ea4                        __tls_base = .
 *(.tbss .tbss.* .gnu.linkonce.tb.*)
 *(.tcommon)
                0x20000ea4                        __tls_end = .

.bss            0x20000ea8      0xdd0 load address 0x10005b50
                0x20000ea8                        . = ALIGN (0x4)
                0x20000ea8                        __tbss_end = .
 *(SORT_BY_ALIGNMENT(SORT_BY_NAME(.bss*)))
 .bss._cdcd_itf
                0x20000ea8       0xc8 CMakeFiles/mic_basics.dir/home/sreer/pico/pico-sdk/lib/tinyusb/src/class/cdc/cdc_device.c.o
 .bss.default_alarm_pool_entries
                0x20000f70      0x180 CMakeFiles/mic_basics.dir/home/sreer/pico/pico-sdk/src/common/pico_time/time.c.o
 .bss.last_avail_time.1
                0x200010f0        0x8 CMakeFiles/mic_basics.dir/home/sreer/pico/pico-sdk/src/rp2_common/pico_stdio_usb/stdio_usb.c.o
 .bss           0x200010f8       0x1c /usr/lib/gcc/arm-none-eabi/13.2.1/thumb/v8-m.main+fp/softfp/crtbegin.o
 .bss           0x20001114      0x190 /usr/lib/gcc/arm-none-eabi/13.2.1/../../../arm-none-eabi/lib/thumb/v8-m.main+fp/softfp/libg.a(libc_a-__atexit.o)
                0x20001114                __atexit0
 .bss           0x200012a4        0x4 /usr/lib/gcc/arm-none-eabi/13.2.1/../../../arm-none-eabi/lib/thumb/v8-m.main+fp/softfp/libg.a(libc_a-__call_atexit.o)
                0x200012a4                __atexit
 .bss._app_driver
                0x200012a8        0x4 CMakeFiles/mic_basics.dir/home/sreer/pico/pico-sdk/lib/tinyusb/src/device/usbd.c.o
 .bss._cdcd_epbuf
                0x200012ac       0x80 CMakeFiles/mic_basics.dir/home/sreer/pico/pico-sdk/lib/tinyusb/src/class/cdc/cdc_device.c.o
 .bss._cdcd_fifo_cfg
                0x2000132c        0x1 CMakeFiles/mic_basics.dir/home/sreer/pico/pico-sdk/lib/tinyusb/src/class/cdc/cdc_device.c.o
 *fill*         0x2000132d        0x3 
 .bss._ctrl_epbuf
                0x20001330       0x40 CMakeFiles/mic_basics.dir/home/sreer/pico/pico-sdk/lib/tinyusb/src/device/usbd_control.c.o
 .bss._ctrl_xfer
                0x20001370       0x14 CMakeFiles/mic_basics.dir/home/sreer/pico/pico-sdk/lib/tinyusb/src/device/usbd_control.c.o
 .bss._sw_spin_locks
                0x20001384       0x20 CMakeFiles/mic_basics.dir/home/sreer/pico/pico-sdk/src/rp2_common/hardware_sync_spin_lock/sync_spin_lock.c.o
                0x20001384                _sw_spin_locks
 .bss._tusb_rhport_role
                0x200013a4        0x2 CMakeFiles/mic_basics.dir/home/sreer/pico/pico-sdk/lib/tinyusb/src/tusb.c.o
                0x200013a4                _tusb_rhport_role
 *fill*         0x200013a6        0x2 
 .bss._ubsd_mutexdef
                0x200013a8        0x8 CMakeFiles/mic_basics.dir/home/sreer/pico/pico-sdk/lib/tinyusb/src/device/usbd.c.o
 .bss._usbd_dev
                0x200013b0       0x54 CMakeFiles/mic_basics.dir/home/sreer/pico/pico-sdk/lib/tinyusb/src/device/usbd.c.o
 .bss._usbd_mutex
                0x20001404        0x4 CMakeFiles/mic_basics.dir/home/sreer/pico/pico-sdk/lib/tinyusb/src/device/usbd.c.o
 .bss._usbd_q   0x20001408        0x4 CMakeFiles/mic_basics.dir/home/sreer/pico/pico-sdk/lib/tinyusb/src/device/usbd.c.o
 .bss._usbd_qdef_buf
                0x2000140c       0xc0 CMakeFiles/mic_basics.dir/home/sreer/pico/pico-sdk/lib/tinyusb/src/device/usbd.c.o
                0x2000140c                _usbd_qdef_buf
 .bss._vendord_epbuf
                0x200014cc       0x80 CMakeFiles/mic_basics.dir/home/sreer/pico/pico-sdk/lib/tinyusb/src/class/vendor/vendor_device.c.o
 .bss._vendord_itf
                0x2000154c      0x24c CMakeFiles/mic_basics.dir/home/sreer/pico/pico-sdk/lib/tinyusb/src/class/vendor/vendor_device.c.o
 .bss.callbacks
                0x20001798        0x8 CMakeFiles/mic_basics.dir/home/sreer/pico/pico-sdk/src/rp2_common/hardware_gpio/gpio.c.o
 .bss.chars_available_callback
                0x200017a0        0x4 CMakeFiles/mic_basics.dir/home/sreer/pico/pico-sdk/src/rp2_common/pico_stdio_usb/stdio_usb.c.o
 .bss.chars_available_param
                0x200017a4        0x4 CMakeFiles/mic_basics.dir/home/sreer/pico/pico-sdk/src/rp2_common/pico_stdio_usb/stdio_usb.c.o
 .bss.claimed   0x200017a8        0x4 CMakeFiles/mic_basics.dir/home/sreer/pico/pico-sdk/src/rp2_common/hardware_sync/sync.c.o
 .bss.claimed   0x200017ac        0x2 CMakeFiles/mic_basics.dir/home/sreer/pico/pico-sdk/src/rp2_common/hardware_timer/timer.c.o
 *fill*         0x200017ae        0x2 
 .bss.configured_freq
                0x200017b0       0x28 CMakeFiles/mic_basics.dir/home/sreer/pico/pico-sdk/src/rp2_common/hardware_clocks/clocks.c.o
 .bss.desc_str.0
                0x200017d8       0x28 CMakeFiles/mic_basics.dir/home/sreer/pico/pico-sdk/src/rp2_common/pico_stdio_usb/stdio_usb_descriptors.c.o
 .bss.drivers   0x20001800        0x4 CMakeFiles/mic_basics.dir/home/sreer/pico/pico-sdk/src/rp2_common/pico_stdio/stdio.c.o
 .bss.e15_last_sof
                0x20001804        0x4 CMakeFiles/mic_basics.dir/home/sreer/pico/pico-sdk/lib/tinyusb/src/portable/raspberrypi/rp2040/rp2040_usb.c.o
                0x20001804                e15_last_sof
 .bss.filter    0x20001808        0x4 CMakeFiles/mic_basics.dir/home/sreer/pico/pico-sdk/src/rp2_common/pico_stdio/stdio.c.o
 .bss.hw_endpoints
                0x2000180c      0x400 CMakeFiles/mic_basics.dir/home/sreer/pico/pico-sdk/lib/tinyusb/src/portable/raspberrypi/rp2040/dcd_rp2040.c.o
 .bss.lazy_vsnprintf
                0x20001c0c        0x4 CMakeFiles/mic_basics.dir/home/sreer/pico/pico-sdk/src/rp2_common/pico_printf/printf.c.o
 .bss.load_value
                0x20001c10        0x4 CMakeFiles/mic_basics.dir/home/sreer/pico/pico-sdk/src/rp2_common/hardware_watchdog/watchdog.c.o
 .bss.next_buffer_ptr
                0x20001c14        0x4 CMakeFiles/mic_basics.dir/home/sreer/pico/pico-sdk/lib/tinyusb/src/portable/raspberrypi/rp2040/dcd_rp2040.c.o
 .bss.one_shot_timer_crit_sec
                0x20001c18        0x8 CMakeFiles/mic_basics.dir/home/sreer/pico/pico-sdk/src/rp2_common/pico_stdio_usb/stdio_usb.c.o
 .bss.pools     0x20001c20       0x20 CMakeFiles/mic_basics.dir/home/sreer/pico/pico-sdk/src/common/pico_time/time.c.o
 .bss.raw_irq_mask
                0x20001c40        0x8 CMakeFiles/mic_basics.dir/home/sreer/pico/pico-sdk/src/rp2_common/hardware_gpio/gpio.c.o
 .bss.retrieved_id
                0x20001c48        0x8 CMakeFiles/mic_basics.dir/home/sreer/pico/pico-sdk/src/rp2_common/pico_unique_id/unique_id.c.o
 .bss.sleep_notifier
                0x20001c50        0x4 CMakeFiles/mic_basics.dir/home/sreer/pico/pico-sdk/src/common/pico_time/time.c.o
 .bss.stdio_usb_mutex
                0x20001c54        0x8 CMakeFiles/mic_basics.dir/home/sreer/pico/pico-sdk/src/rp2_common/pico_stdio_usb/stdio_usb.c.o
 .bss.usbd_serial_str
                0x20001c5c       0x11 CMakeFiles/mic_basics.dir/home/sreer/pico/pico-sdk/src/rp2_common/pico_stdio_usb/stdio_usb_descriptors.c.o
 .bss._app_driver_count
                0x20001c6d        0x1 CMakeFiles/mic_basics.dir/home/sreer/pico/pico-sdk/lib/tinyusb/src/device/usbd.c.o
 .bss._sof_enable
                0x20001c6e        0x1 CMakeFiles/mic_basics.dir/home/sreer/pico/pico-sdk/lib/tinyusb/src/portable/raspberrypi/rp2040/dcd_rp2040.c.o
 .bss._usbd_queued_setup
                0x20001c6f        0x1 CMakeFiles/mic_basics.dir/home/sreer/pico/pico-sdk/lib/tinyusb/src/device/usbd.c.o
 .bss.choose_comp
                0x20001c70        0x1 CMakeFiles/mic_basics.dir/src/main.c.o
                0x20001c70                choose_comp
 .bss.irq_handler_chain_free_slot_head
                0x20001c71        0x1 CMakeFiles/mic_basics.dir/home/sreer/pico/pico-sdk/src/rp2_common/hardware_irq/irq.c.o
 .bss.itf_num   0x20001c72        0x1 CMakeFiles/mic_basics.dir/home/sreer/pico/pico-sdk/src/rp2_common/pico_stdio_usb/reset_interface.c.o
 .bss.led_state
                0x20001c73        0x1 CMakeFiles/mic_basics.dir/src/main.c.o
                0x20001c73                led_state
 .bss.low_priority_irq_num
                0x20001c74        0x1 CMakeFiles/mic_basics.dir/home/sreer/pico/pico-sdk/src/rp2_common/pico_stdio_usb/stdio_usb.c.o
 .bss.one_shot_timer_pending
                0x20001c75        0x1 CMakeFiles/mic_basics.dir/home/sreer/pico/pico-sdk/src/rp2_common/pico_stdio_usb/stdio_usb.c.o
 .bss.user_irq_claimed
                0x20001c76        0x1 CMakeFiles/mic_basics.dir/home/sreer/pico/pico-sdk/src/rp2_common/hardware_irq/irq.c.o
 *(COMMON)
                [!provide]                        PROVIDE (__global_pointer$ = (. + 0x800))
 *(.sbss*)
                0x20001c78                        . = ALIGN (0x4)
 *fill*         0x20001c77        0x1 
                0x20001c78                        __bss_end__ = .

.heap           0x20001c78      0x800 load address 0x10005b50
                0x20001c78                        __end__ = .
                0x20001c78                        end = __end__
 *(.heap*)
 .heap          0x20001c78      0x800 CMakeFiles/mic_basics.dir/home/sreer/pico/pico-sdk/src/rp2_common/pico_crt0/crt0.S.o
                0x20080000                        __HeapLimit = (ORIGIN (RAM) + LENGTH (RAM))

.scratch_x      0x20080000        0x0 load address 0x10005b50
                0x20080000                        __scratch_x_start__ = .
 *(.scratch_x.*)
                0x20080000                        . = ALIGN (0x4)
                0x20080000                        __scratch_x_end__ = .
                0x10005b50                        __scratch_x_source__ = LOADADDR (.scratch_x)

.scratch_y      0x20081000        0x0 load address 0x10005b50
                0x20081000                        __scratch_y_start__ = .
 *(.scratch_y.*)
                0x20081000                        . = ALIGN (0x4)
                0x20081000                        __scratch_y_end__ = .
                0x10005b50                        __scratch_y_source__ = LOADADDR (.scratch_y)

.stack1_dummy
 *(.stack1*)

.stack_dummy    0x20081000      0x800
 *(.stack*)
 .stack         0x20081000      0x800 CMakeFiles/mic_basics.dir/home/sreer/pico/pico-sdk/src/rp2_common/pico_crt0/crt0.S.o

.flash_end      0x10005b50       0x14
 *(.embedded_end_block*)
 .embedded_end_block
                0x10005b50       0x14 CMakeFiles/mic_basics.dir/home/sreer/pico/pico-sdk/src/rp2_common/pico_crt0/crt0.S.o
                0x10005b64                        PROVIDE (__flash_binary_end = .)
                0x20080000                        __StackLimit = (ORIGIN (RAM) + LENGTH (RAM))
                0x20081000                        __StackOneTop = (ORIGIN (SCRATCH_X) + LENGTH (SCRATCH_X))
                0x20082000                        __StackTop = (ORIGIN (SCRATCH_Y) + LENGTH (SCRATCH_Y))
                0x20081000                        __StackOneBottom = (__StackOneTop - SIZEOF (.stack1_dummy))
                0x20081800                        __StackBottom = (__StackTop - SIZEOF (.stack_dummy))
                0x20082000                        PROVIDE (__stack = __StackTop)
                [!provide]                        PROVIDE (__heap_start = __end__)
                [!provide]                        PROVIDE (__heap_end = __HeapLimit)
                [!provide]                        PROVIDE (__tls_align = MAX (ALIGNOF (.tdata), ALIGNOF (.tbss)))
                [!provide]                        PROVIDE (__tls_size_align = (((__tls_size + __tls_align) - 0x1) & ~ ((__tls_align - 0x1))))
                [!provide]                        PROVIDE (__arm32_tls_tcb_offset = MAX (0x8, __tls_align))
                [!provide]                        PROVIDE (_end = __end__)
                [!provide]                        PROVIDE (__llvm_libc_heap_limit = __HeapLimit)
                0x00000001                        ASSERT ((__StackLimit >= __HeapLimit), region RAM overflowed)
                0x00000001                        ASSERT (((__binary_info_header_end - __logical_binary_start) <= 0x400), Binary info must be in first 1024 bytes of the binary)
                0x00000001                        ASSERT (((__embedded_block_end - __logical_binary_start) <= 0x1000), Embedded block must be in first 4096 bytes of the binary)
LOAD CMakeFiles/mic_basics.dir/src/main.c.o
LOAD CMakeFiles/mic_basics.dir/home/sreer/pico/pico-sdk/src/rp2_common/pico_stdlib/stdlib.c.o
LOAD CMakeFiles/mic_basics.dir/home/sreer/pico/pico-sdk/src/rp2_common/hardware_gpio/gpio.c.o
LOAD CMakeFiles/mic_basics.dir/home/sreer/pico/pico-sdk/src/rp2350/pico_platform/platform.c.o
LOAD CMakeFiles/mic_basics.dir/home/sreer/pico/pico-sdk/src/rp2_common/pico_platform_common/common.c.o
LOAD CMakeFiles/mic_basics.dir/home/sreer/pico/pico-sdk/src/rp2_common/pico_platform_panic/panic.c.o
LOAD CMakeFiles/mic_basics.dir/home/sreer/pico/pico-sdk/src/common/hardware_claim/claim.c.o
LOAD CMakeFiles/mic_basics.dir/home/sreer/pico/pico-sdk/src/rp2_common/hardware_sync/sync.c.o
LOAD CMakeFiles/mic_basics.dir/home/sreer/pico/pico-sdk/src/rp2_common/hardware_sync_spin_lock/sync_spin_lock.c.o
LOAD CMakeFiles/mic_basics.dir/home/sreer/pico/pico-sdk/src/rp2_common/hardware_irq/irq.c.o
LOAD CMakeFiles/mic_basics.dir/home/sreer/pico/pico-sdk/src/rp2_common/hardware_irq/irq_handler_chain.S.o
LOAD CMakeFiles/mic_basics.dir/home/sreer/pico/pico-sdk/src/common/pico_sync/sem.c.o
LOAD CMakeFiles/mic_basics.dir/home/sreer/pico/pico-sdk/src/common/pico_sync/lock_core.c.o
LOAD CMakeFiles/mic_basics.dir/home/sreer/pico/pico-sdk/src/common/pico_sync/mutex.c.o
LOAD CMakeFiles/mic_basics.dir/home/sreer/pico/pico-sdk/src/common/pico_sync/critical_section.c.o
LOAD CMakeFiles/mic_basics.dir/home/sreer/pico/pico-sdk/src/common/pico_time/time.c.o
LOAD CMakeFiles/mic_basics.dir/home/sreer/pico/pico-sdk/src/common/pico_time/timeout_helper.c.o
LOAD CMakeFiles/mic_basics.dir/home/sreer/pico/pico-sdk/src/rp2_common/hardware_timer/timer.c.o
LOAD CMakeFiles/mic_basics.dir/home/sreer/pico/pico-sdk/src/common/pico_util/datetime.c.o
LOAD CMakeFiles/mic_basics.dir/home/sreer/pico/pico-sdk/src/common/pico_util/pheap.c.o
LOAD CMakeFiles/mic_basics.dir/home/sreer/pico/pico-sdk/src/common/pico_util/queue.c.o
LOAD CMakeFiles/mic_basics.dir/home/sreer/pico/pico-sdk/src/rp2_common/hardware_uart/uart.c.o
LOAD CMakeFiles/mic_basics.dir/home/sreer/pico/pico-sdk/src/rp2_common/hardware_clocks/clocks.c.o
LOAD CMakeFiles/mic_basics.dir/home/sreer/pico/pico-sdk/src/rp2_common/hardware_pll/pll.c.o
LOAD CMakeFiles/mic_basics.dir/home/sreer/pico/pico-sdk/src/rp2_common/hardware_vreg/vreg.c.o
LOAD CMakeFiles/mic_basics.dir/home/sreer/pico/pico-sdk/src/rp2_common/hardware_watchdog/watchdog.c.o
LOAD CMakeFiles/mic_basics.dir/home/sreer/pico/pico-sdk/src/rp2_common/hardware_ticks/ticks.c.o
LOAD CMakeFiles/mic_basics.dir/home/sreer/pico/pico-sdk/src/rp2_common/pico_bootrom/bootrom.c.o
LOAD CMakeFiles/mic_basics.dir/home/sreer/pico/pico-sdk/src/rp2_common/pico_bootrom/bootrom_lock.c.o
LOAD CMakeFiles/mic_basics.dir/home/sreer/pico/pico-sdk/src/rp2_common/hardware_boot_lock/boot_lock.c.o
LOAD CMakeFiles/mic_basics.dir/home/sreer/pico/pico-sdk/src/rp2_common/pico_flash/flash.c.o
LOAD CMakeFiles/mic_basics.dir/home/sreer/pico/pico-sdk/src/rp2_common/hardware_xosc/xosc.c.o
LOAD CMakeFiles/mic_basics.dir/home/sreer/pico/pico-sdk/src/rp2_common/hardware_divider/divider.c.o
LOAD CMakeFiles/mic_basics.dir/home/sreer/pico/pico-sdk/src/rp2_common/pico_runtime/runtime.c.o
LOAD CMakeFiles/mic_basics.dir/home/sreer/pico/pico-sdk/src/rp2_common/pico_runtime_init/runtime_init.c.o
LOAD CMakeFiles/mic_basics.dir/home/sreer/pico/pico-sdk/src/rp2_common/pico_runtime_init/runtime_init_clocks.c.o
LOAD CMakeFiles/mic_basics.dir/home/sreer/pico/pico-sdk/src/rp2_common/pico_runtime_init/runtime_init_stack_guard.c.o
LOAD CMakeFiles/mic_basics.dir/home/sreer/pico/pico-sdk/src/rp2_common/pico_bit_ops/bit_ops_aeabi.S.o
LOAD CMakeFiles/mic_basics.dir/home/sreer/pico/pico-sdk/src/rp2_common/pico_divider/divider_compiler.c.o
LOAD CMakeFiles/mic_basics.dir/home/sreer/pico/pico-sdk/src/rp2_common/pico_double/double_math.c.o
LOAD CMakeFiles/mic_basics.dir/home/sreer/pico/pico-sdk/src/rp2_common/pico_double/double_aeabi_dcp.S.o
LOAD CMakeFiles/mic_basics.dir/home/sreer/pico/pico-sdk/src/rp2_common/pico_double/double_fma_dcp.S.o
LOAD CMakeFiles/mic_basics.dir/home/sreer/pico/pico-sdk/src/rp2_common/pico_double/double_sci_m33.S.o
LOAD CMakeFiles/mic_basics.dir/home/sreer/pico/pico-sdk/src/rp2_common/pico_double/double_conv_m33.S.o
LOAD CMakeFiles/mic_basics.dir/home/sreer/pico/pico-sdk/src/rp2_common/pico_float/float_math.c.o
LOAD CMakeFiles/mic_basics.dir/home/sreer/pico/pico-sdk/src/rp2_common/pico_float/float_conv32_vfp.S.o
LOAD CMakeFiles/mic_basics.dir/home/sreer/pico/pico-sdk/src/rp2_common/pico_float/float_common_m33.S.o
LOAD CMakeFiles/mic_basics.dir/home/sreer/pico/pico-sdk/src/rp2_common/pico_float/float_sci_m33_vfp.S.o
LOAD CMakeFiles/mic_basics.dir/home/sreer/pico/pico-sdk/src/rp2_common/pico_malloc/malloc.c.o
LOAD CMakeFiles/mic_basics.dir/home/sreer/pico/pico-sdk/src/rp2_common/pico_atomic/atomic.c.o
LOAD CMakeFiles/mic_basics.dir/home/sreer/pico/pico-sdk/src/rp2_common/pico_cxx_options/new_delete.cpp.o
LOAD CMakeFiles/mic_basics.dir/home/sreer/pico/pico-sdk/src/rp2_common/pico_standard_binary_info/standard_binary_info.c.o
LOAD CMakeFiles/mic_basics.dir/home/sreer/pico/pico-sdk/src/rp2_common/pico_printf/printf.c.o
LOAD CMakeFiles/mic_basics.dir/home/sreer/pico/pico-sdk/src/rp2_common/pico_crt0/crt0.S.o
LOAD CMakeFiles/mic_basics.dir/home/sreer/pico/pico-sdk/src/rp2_common/pico_clib_interface/newlib_interface.c.o
LOAD CMakeFiles/mic_basics.dir/home/sreer/pico/pico-sdk/src/rp2_common/pico_stdio/stdio.c.o
LOAD CMakeFiles/mic_basics.dir/home/sreer/pico/pico-sdk/src/rp2_common/pico_stdio_usb/reset_interface.c.o
LOAD CMakeFiles/mic_basics.dir/home/sreer/pico/pico-sdk/src/rp2_common/pico_stdio_usb/stdio_usb.c.o
LOAD CMakeFiles/mic_basics.dir/home/sreer/pico/pico-sdk/src/rp2_common/pico_stdio_usb/stdio_usb_descriptors.c.o
LOAD CMakeFiles/mic_basics.dir/home/sreer/pico/pico-sdk/src/rp2_common/pico_unique_id/unique_id.c.o
LOAD CMakeFiles/mic_basics.dir/home/sreer/pico/pico-sdk/src/rp2_common/hardware_flash/flash.c.o
LOAD CMakeFiles/mic_basics.dir/home/sreer/pico/pico-sdk/src/rp2_common/hardware_xip_cache/xip_cache.c.o
LOAD CMakeFiles/mic_basics.dir/home/sreer/pico/pico-sdk/lib/tinyusb/src/portable/raspberrypi/rp2040/dcd_rp2040.c.o
LOAD CMakeFiles/mic_basics.dir/home/sreer/pico/pico-sdk/lib/tinyusb/src/portable/raspberrypi/rp2040/rp2040_usb.c.o
LOAD CMakeFiles/mic_basics.dir/home/sreer/pico/pico-sdk/lib/tinyusb/src/device/usbd.c.o
LOAD CMakeFiles/mic_basics.dir/home/sreer/pico/pico-sdk/lib/tinyusb/src/device/usbd_control.c.o
LOAD CMakeFiles/mic_basics.dir/home/sreer/pico/pico-sdk/lib/tinyusb/src/class/audio/audio_device.c.o
LOAD CMakeFiles/mic_basics.dir/home/sreer/pico/pico-sdk/lib/tinyusb/src/class/cdc/cdc_device.c.o
LOAD CMakeFiles/mic_basics.dir/home/sreer/pico/pico-sdk/lib/tinyusb/src/class/dfu/dfu_device.c.o
LOAD CMakeFiles/mic_basics.dir/home/sreer/pico/pico-sdk/lib/tinyusb/src/class/dfu/dfu_rt_device.c.o
LOAD CMakeFiles/mic_basics.dir/home/sreer/pico/pico-sdk/lib/tinyusb/src/class/hid/hid_device.c.o
LOAD CMakeFiles/mic_basics.dir/home/sreer/pico/pico-sdk/lib/tinyusb/src/class/midi/midi_device.c.o
LOAD CMakeFiles/mic_basics.dir/home/sreer/pico/pico-sdk/lib/tinyusb/src/class/msc/msc_device.c.o
LOAD CMakeFiles/mic_basics.dir/home/sreer/pico/pico-sdk/lib/tinyusb/src/class/net/ecm_rndis_device.c.o
LOAD CMakeFiles/mic_basics.dir/home/sreer/pico/pico-sdk/lib/tinyusb/src/class/net/ncm_device.c.o
LOAD CMakeFiles/mic_basics.dir/home/sreer/pico/pico-sdk/lib/tinyusb/src/class/usbtmc/usbtmc_device.c.o
LOAD CMakeFiles/mic_basics.dir/home/sreer/pico/pico-sdk/lib/tinyusb/src/class/vendor/vendor_device.c.o
LOAD CMakeFiles/mic_basics.dir/home/sreer/pico/pico-sdk/lib/tinyusb/src/class/video/video_device.c.o
LOAD CMakeFiles/mic_basics.dir/home/sreer/pico/pico-sdk/lib/tinyusb/src/tusb.c.o
LOAD CMakeFiles/mic_basics.dir/home/sreer/pico/pico-sdk/lib/tinyusb/src/common/tusb_fifo.c.o
LOAD CMakeFiles/mic_basics.dir/home/sreer/pico/pico-sdk/src/rp2_common/pico_fix/rp2040_usb_device_enumeration/rp2040_usb_device_enumeration.c.o
LOAD pico-sdk/src/rp2350/boot_stage2/CMakeFiles/bs2_default_library.dir/bs2_default_padded_checksummed.S.o
LOAD /usr/lib/gcc/arm-none-eabi/13.2.1/../../../arm-none-eabi/lib/thumb/v8-m.main+fp/softfp/libstdc++.a
LOAD /usr/lib/gcc/arm-none-eabi/13.2.1/../../../arm-none-eabi/lib/thumb/v8-m.main+fp/softfp/libm.a
START GROUP
LOAD /usr/lib/gcc/arm-none-eabi/13.2.1/thumb/v8-m.main+fp/softfp/libgcc.a
LOAD /usr/lib/gcc/arm-none-eabi/13.2.1/../../../arm-none-eabi/lib/thumb/v8-m.main+fp/softfp/libg.a
LOAD /usr/lib/gcc/arm-none-eabi/13.2.1/../../../arm-none-eabi/lib/thumb/v8-m.main+fp/softfp/libc.a
END GROUP
START GROUP
LOAD /usr/lib/gcc/arm-none-eabi/13.2.1/thumb/v8-m.main+fp/softfp/libgcc.a
LOAD /usr/lib/gcc/arm-none-eabi/13.2.1/../../../arm-none-eabi/lib/thumb/v8-m.main+fp/softfp/libc.a
LOAD /usr/lib/gcc/arm-none-eabi/13.2.1/../../../arm-none-eabi/lib/thumb/v8-m.main+fp/softfp/libnosys.a
END GROUP
LOAD /usr/lib/gcc/arm-none-eabi/13.2.1/thumb/v8-m.main+fp/softfp/crtend.o
LOAD /usr/lib/gcc/arm-none-eabi/13.2.1/thumb/v8-m.main+fp/softfp/crtn.o
OUTPUT(mic_basics.elf elf32-littlearm)
LOAD linker stubs

.rel.dyn        0x10005b64        0x0
 .rel.iplt      0x10005b64        0x0 /usr/lib/gcc/arm-none-eabi/13.2.1/thumb/v8-m.main+fp/softfp/crtbegin.o

.ARM.attributes
                0x00000000       0x34
 .ARM.attributes
                0x00000000       0x26 /usr/lib/gcc/arm-none-eabi/13.2.1/thumb/v8-m.main+fp/softfp/crti.o
 .ARM.attributes
                0x00000026       0x36 /usr/lib/gcc/arm-none-eabi/13.2.1/thumb/v8-m.main+fp/softfp/crtbegin.o
 .ARM.attributes
                0x0000005c       0x38 CMakeFiles/mic_basics.dir/src/main.c.o
 .ARM.attributes
                0x00000094       0x38 CMakeFiles/mic_basics.dir/home/sreer/pico/pico-sdk/src/rp2_common/hardware_gpio/gpio.c.o
 .ARM.attributes
                0x000000cc       0x38 CMakeFiles/mic_basics.dir/home/sreer/pico/pico-sdk/src/rp2_common/pico_platform_panic/panic.c.o
 .ARM.attributes
                0x00000104       0x38 CMakeFiles/mic_basics.dir/home/sreer/pico/pico-sdk/src/common/hardware_claim/claim.c.o
 .ARM.attributes
                0x0000013c       0x38 CMakeFiles/mic_basics.dir/home/sreer/pico/pico-sdk/src/rp2_common/hardware_sync/sync.c.o
 .ARM.attributes
                0x00000174       0x38 CMakeFiles/mic_basics.dir/home/sreer/pico/pico-sdk/src/rp2_common/hardware_sync_spin_lock/sync_spin_lock.c.o
 .ARM.attributes
                0x000001ac       0x38 CMakeFiles/mic_basics.dir/home/sreer/pico/pico-sdk/src/rp2_common/hardware_irq/irq.c.o
 .ARM.attributes
                0x000001e4       0x28 CMakeFiles/mic_basics.dir/home/sreer/pico/pico-sdk/src/rp2_common/hardware_irq/irq_handler_chain.S.o
 .ARM.attributes
                0x0000020c       0x38 CMakeFiles/mic_basics.dir/home/sreer/pico/pico-sdk/src/common/pico_sync/lock_core.c.o
 .ARM.attributes
                0x00000244       0x38 CMakeFiles/mic_basics.dir/home/sreer/pico/pico-sdk/src/common/pico_sync/mutex.c.o
 .ARM.attributes
                0x0000027c       0x38 CMakeFiles/mic_basics.dir/home/sreer/pico/pico-sdk/src/common/pico_sync/critical_section.c.o
 .ARM.attributes
                0x000002b4       0x38 CMakeFiles/mic_basics.dir/home/sreer/pico/pico-sdk/src/common/pico_time/time.c.o
 .ARM.attributes
                0x000002ec       0x38 CMakeFiles/mic_basics.dir/home/sreer/pico/pico-sdk/src/rp2_common/hardware_timer/timer.c.o
 .ARM.attributes
                0x00000324       0x38 CMakeFiles/mic_basics.dir/home/sreer/pico/pico-sdk/src/rp2_common/hardware_clocks/clocks.c.o
 .ARM.attributes
                0x0000035c       0x38 CMakeFiles/mic_basics.dir/home/sreer/pico/pico-sdk/src/rp2_common/hardware_pll/pll.c.o
 .ARM.attributes
                0x00000394       0x38 CMakeFiles/mic_basics.dir/home/sreer/pico/pico-sdk/src/rp2_common/hardware_watchdog/watchdog.c.o
 .ARM.attributes
                0x000003cc       0x38 CMakeFiles/mic_basics.dir/home/sreer/pico/pico-sdk/src/rp2_common/hardware_ticks/ticks.c.o
 .ARM.attributes
                0x00000404       0x38 CMakeFiles/mic_basics.dir/home/sreer/pico/pico-sdk/src/rp2_common/pico_bootrom/bootrom.c.o
 .ARM.attributes
                0x0000043c       0x38 CMakeFiles/mic_basics.dir/home/sreer/pico/pico-sdk/src/rp2_common/pico_bootrom/bootrom_lock.c.o
 .ARM.attributes
                0x00000474       0x38 CMakeFiles/mic_basics.dir/home/sreer/pico/pico-sdk/src/rp2_common/hardware_boot_lock/boot_lock.c.o
 .ARM.attributes
                0x000004ac       0x38 CMakeFiles/mic_basics.dir/home/sreer/pico/pico-sdk/src/rp2_common/hardware_xosc/xosc.c.o
 .ARM.attributes
                0x000004e4       0x38 CMakeFiles/mic_basics.dir/home/sreer/pico/pico-sdk/src/rp2_common/pico_runtime/runtime.c.o
 .ARM.attributes
                0x0000051c       0x38 CMakeFiles/mic_basics.dir/home/sreer/pico/pico-sdk/src/rp2_common/pico_runtime_init/runtime_init.c.o
 .ARM.attributes
                0x00000554       0x38 CMakeFiles/mic_basics.dir/home/sreer/pico/pico-sdk/src/rp2_common/pico_runtime_init/runtime_init_clocks.c.o
 .ARM.attributes
                0x0000058c       0x38 CMakeFiles/mic_basics.dir/home/sreer/pico/pico-sdk/src/rp2_common/pico_standard_binary_info/standard_binary_info.c.o
 .ARM.attributes
                0x000005c4       0x38 CMakeFiles/mic_basics.dir/home/sreer/pico/pico-sdk/src/rp2_common/pico_printf/printf.c.o
 .ARM.attributes
                0x000005fc       0x28 CMakeFiles/mic_basics.dir/home/sreer/pico/pico-sdk/src/rp2_common/pico_crt0/crt0.S.o
 .ARM.attributes
                0x00000624       0x38 CMakeFiles/mic_basics.dir/home/sreer/pico/pico-sdk/src/rp2_common/pico_clib_interface/newlib_interface.c.o
 .ARM.attributes
                0x0000065c       0x38 CMakeFiles/mic_basics.dir/home/sreer/pico/pico-sdk/src/rp2_common/pico_stdio/stdio.c.o
 .ARM.attributes
                0x00000694       0x38 CMakeFiles/mic_basics.dir/home/sreer/pico/pico-sdk/src/rp2_common/pico_stdio_usb/reset_interface.c.o
 .ARM.attributes
                0x000006cc       0x38 CMakeFiles/mic_basics.dir/home/sreer/pico/pico-sdk/src/rp2_common/pico_stdio_usb/stdio_usb.c.o
 .ARM.attributes
                0x00000704       0x38 CMakeFiles/mic_basics.dir/home/sreer/pico/pico-sdk/src/rp2_common/pico_stdio_usb/stdio_usb_descriptors.c.o
 .ARM.attributes
                0x0000073c       0x38 CMakeFiles/mic_basics.dir/home/sreer/pico/pico-sdk/src/rp2_common/pico_unique_id/unique_id.c.o
 .ARM.attributes
                0x00000774       0x38 CMakeFiles/mic_basics.dir/home/sreer/pico/pico-sdk/lib/tinyusb/src/portable/raspberrypi/rp2040/dcd_rp2040.c.o
 .ARM.attributes
                0x000007ac       0x38 CMakeFiles/mic_basics.dir/home/sreer/pico/pico-sdk/lib/tinyusb/src/portable/raspberrypi/rp2040/rp2040_usb.c.o
 .ARM.attributes
                0x000007e4       0x38 CMakeFiles/mic_basics.dir/home/sreer/pico/pico-sdk/lib/tinyusb/src/device/usbd.c.o
 .ARM.attributes
                0x0000081c       0x38 CMakeFiles/mic_basics.dir/home/sreer/pico/pico-sdk/lib/tinyusb/src/device/usbd_control.c.o
 .ARM.attributes
                0x00000854       0x38 CMakeFiles/mic_basics.dir/home/sreer/pico/pico-sdk/lib/tinyusb/src/class/cdc/cdc_device.c.o
 .ARM.attributes
                0x0000088c       0x38 CMakeFiles/mic_basics.dir/home/sreer/pico/pico-sdk/lib/tinyusb/src/class/vendor/vendor_device.c.o
 .ARM.attributes
                0x000008c4       0x38 CMakeFiles/mic_basics.dir/home/sreer/pico/pico-sdk/lib/tinyusb/src/tusb.c.o
 .ARM.attributes
                0x000008fc       0x38 CMakeFiles/mic_basics.dir/home/sreer/pico/pico-sdk/lib/tinyusb/src/common/tusb_fifo.c.o
 .ARM.attributes
                0x00000934       0x36 /usr/lib/gcc/arm-none-eabi/13.2.1/../../../arm-none-eabi/lib/thumb/v8-m.main+fp/softfp/libg.a(libc_a-memset.o)
 .ARM.attributes
                0x0000096a       0x24 /usr/lib/gcc/arm-none-eabi/13.2.1/../../../arm-none-eabi/lib/thumb/v8-m.main+fp/softfp/libg.a(libc_a-memcpy.o)
 .ARM.attributes
                0x0000098e       0x36 /usr/lib/gcc/arm-none-eabi/13.2.1/../../../arm-none-eabi/lib/thumb/v8-m.main+fp/softfp/libg.a(libc_a-atexit.o)
 .ARM.attributes
                0x000009c4       0x36 /usr/lib/gcc/arm-none-eabi/13.2.1/../../../arm-none-eabi/lib/thumb/v8-m.main+fp/softfp/libg.a(libc_a-strlen-stub.o)
 .ARM.attributes
                0x000009fa       0x36 /usr/lib/gcc/arm-none-eabi/13.2.1/../../../arm-none-eabi/lib/thumb/v8-m.main+fp/softfp/libg.a(libc_a-fini.o)
 .ARM.attributes
                0x00000a30       0x36 /usr/lib/gcc/arm-none-eabi/13.2.1/../../../arm-none-eabi/lib/thumb/v8-m.main+fp/softfp/libg.a(libc_a-__atexit.o)
 .ARM.attributes
                0x00000a66       0x36 /usr/lib/gcc/arm-none-eabi/13.2.1/../../../arm-none-eabi/lib/thumb/v8-m.main+fp/softfp/libg.a(libc_a-__call_atexit.o)
 .ARM.attributes
                0x00000a9c       0x36 /usr/lib/gcc/arm-none-eabi/13.2.1/thumb/v8-m.main+fp/softfp/crtend.o

.comment        0x00000000       0x26